; Medaka native spike (Stage 2.4) — emitted textual LLVM IR.
; Value rep is PROVISIONAL (uniform 64-bit tagged word); see RUNTIME-DESIGN.md.
declare ptr @mdk_alloc(i64)
declare ptr @mdk_alloc_atomic(i64)
declare i64 @__mdk_apply(i64, i64, ptr)
declare void @mdk_oob() noreturn
declare void @mdk_oob_at(i64) noreturn
declare void @mdk_slice_oob(i64, i64) noreturn
declare void @mdk_cyclic_value(ptr) noreturn
declare void @mdk_div_zero() noreturn
declare void @mdk_mod_zero() noreturn
declare void @mdk_nonexhaustive_match() noreturn
declare void @mdk_dispatch_no_impl() noreturn
declare void @mdk_dispatch_ambiguous() noreturn
declare void @mdk_let_refute() noreturn
declare void @mdk_print_int(i64)
declare void @mdk_print_bool(i64)
declare void @mdk_print_float(double)
declare i64 @mdk_num_add(i64, i64)
declare i64 @mdk_num_sub(i64, i64)
declare i64 @mdk_num_mul(i64, i64)
declare i64 @mdk_num_div(i64, i64)
declare i64 @mdk_num_mod(i64, i64)
declare void @mdk_print_num(i64)
declare i64 @mdk_str_lit(ptr, i64)
declare void @mdk_print_str(i64)
declare i64 @mdk_int_to_string(i64)
declare i64 @mdk_float_to_string(double)
declare i64 @llvm.fptosi.sat.i64.f64(double)
declare double @llvm.arithmetic.fence.f64(double)
declare i64 @mdk_string_concat(i64)
declare i64 @mdk_string_append(i64, i64)
declare i64 @mdk_string_eq(i64, i64)
declare i64 @mdk_value_eq(i64, i64)
declare i64 @mdk_list_append(i64, i64)
declare i64 @mdk_list_index(i64, i64)
declare i64 @mdk_list_slice(i64, i64, i64)
declare i64 @mdk_append(i64, i64)
declare void @mdk_putstr(i64)
declare void @mdk_putstrln(i64)
declare void @mdk_eputstr(i64)
declare void @mdk_eputstrln(i64)
declare void @mdk_flushstdout(i64)
declare void @mdk_print_unit()
declare void @mdk_panic(i64)
declare void @mdk_exit(i64)
declare i64 @mdk_array_make(i64, i64)
declare i64 @mdk_array_copy(i64)
declare void @mdk_array_blit(i64, i64, i64, i64, i64)
declare void @mdk_array_fill(i64, i64)
declare i64 @mdk_array_from_list(i64)
declare void @mdk_print_char(i64)
declare i64 @mdk_char_to_str(i64)
declare i64 @mdk_string_to_chars(i64)
declare i64 @mdk_string_from_chars(i64)
declare i64 @mdk_string_to_utf8_bytes(i64)
declare i64 @mdk_string_from_utf8_bytes(i64)
declare double @mdk_float_rem(double, double)
declare double @mdk_sqrt(double)
declare double @mdk_cbrt(double)
declare double @mdk_exp(double)
declare double @mdk_log(double)
declare double @mdk_log2(double)
declare double @mdk_log10(double)
declare double @mdk_sin(double)
declare double @mdk_cos(double)
declare double @mdk_tan(double)
declare double @mdk_asin(double)
declare double @mdk_acos(double)
declare double @mdk_atan(double)
declare double @mdk_sinh(double)
declare double @mdk_cosh(double)
declare double @mdk_tanh(double)
declare double @mdk_floor(double)
declare double @mdk_ceil(double)
declare double @mdk_round(double)
declare double @mdk_trunc(double)
declare double @mdk_pow(double, double)
declare double @mdk_atan2(double, double)
declare double @mdk_hypot(double, double)
declare i64 @mdk_string_slice(i64, i64, i64)
declare i64 @mdk_char_is_alpha(i64)
declare i64 @mdk_char_is_space(i64)
declare i64 @mdk_char_is_upper(i64)
declare i64 @mdk_char_is_lower(i64)
declare i64 @mdk_char_is_punct(i64)
declare i64 @mdk_char_to_upper(i64)
declare i64 @mdk_char_to_lower(i64)
declare i64 @mdk_string_to_upper(i64)
declare i64 @mdk_string_to_lower(i64)
declare i64 @mdk_char_from_code(i64)
declare i64 @mdk_string_to_float(i64)
declare i64 @mdk_string_index_of(i64, i64)
declare i64 @mdk_string_compare(i64, i64)
declare i64 @mdk_string_compare_raw(i64, i64)
declare i64 @mdk_value_cmp_raw(i64, i64)
declare i64 @mdk_value_lt(i64, i64)
declare i64 @mdk_value_le(i64, i64)
declare i64 @mdk_value_gt(i64, i64)
declare i64 @mdk_value_ge(i64, i64)
declare void @mdk_set_args(i32, ptr)
declare i64 @mdk_args(i64)
declare i64 @mdk_get_env(i64)
declare i64 @mdk_read_file(i64)
declare i64 @mdk_read_file_bytes(i64)
declare i64 @mdk_write_file(i64, i64)
declare i64 @mdk_write_file_bytes(i64, i64)
declare i64 @mdk_append_file(i64, i64)
declare i64 @mdk_file_exists(i64)
declare i64 @mdk_canonicalize_path(i64)
declare i64 @mdk_list_dir(i64)
declare i64 @mdk_read_line(i64)
declare i64 @mdk_read_line_opt(i64)
declare i64 @mdk_read_all(i64)
declare i64 @mdk_read_exactly(i64)
declare i64 @mdk_make_dir(i64)
declare i64 @mdk_remove_file(i64)
declare i64 @mdk_rename(i64, i64)
declare i64 @mdk_remove_dir(i64)
declare i64 @mdk_stat_file(i64)
declare i64 @mdk_run_command(i64, i64)
declare i64 @mdk_executable_path(i64)
declare i64 @mdk_build_fingerprint(i64)
declare i64 @mdk_build_commit(i64)
declare i64 @mdk_build_date(i64)
declare i64 @mdk_net_resolve(i64)
declare i64 @mdk_net_tcp_connect(i64, i64)
declare i64 @mdk_net_tcp_listen(i64, i64)
declare i64 @mdk_net_listen_port(i64)
declare i64 @mdk_net_tcp_accept(i64)
declare i64 @mdk_net_send(i64, i64)
declare i64 @mdk_net_recv(i64, i64)
declare i64 @mdk_net_shutdown(i64, i64)
declare i64 @mdk_net_close(i64)
declare i64 @mdk_net_set_timeout(i64, i64)
declare i64 @mdk_io_poll(i64, i64, i64)
declare i64 @mdk_net_set_nonblock(i64, i64)
declare i64 @mdk_net_try_accept(i64)
declare i64 @mdk_net_try_recv(i64, i64)
declare i64 @mdk_net_try_send(i64, i64)
declare i64 @mdk_net_try_send_from(i64, i64, i64)
declare void @mdk_set_seed(i64)
declare i64 @mdk_random_int(i64, i64)
declare i64 @mdk_random_bool(i64)
declare i64 @mdk_random_float(i64)
declare i64 @mdk_random_char(i64)
declare i64 @mdk_os_entropy_bytes(i64)
declare i64 @mdk_hash_int(i64)
declare i64 @mdk_bit_and(i64, i64)
declare i64 @mdk_bit_or(i64, i64)
declare i64 @mdk_bit_xor(i64, i64)
declare i64 @mdk_shift_left(i64, i64)
declare i64 @mdk_shift_right(i64, i64)
declare i64 @mdk_bit_not(i64)
declare i64 @mdk_hash_char(i64)
declare i64 @mdk_hash_bool(i64)
declare i64 @mdk_hash_float(double)
declare i64 @mdk_hash_string(i64)
declare i64 @mdk_int_bits_to_float(i64)
declare i64 @mdk_bytes_to_float64(i64, i64)
declare i64 @mdk_float_to_bytes64(double)
declare i64 @mdk_debug_string_lit(i64)
declare i64 @mdk_debug_char_lit(i64)
declare i64 @mdk_wall_time_sec(i64)
declare i64 @mdk_monotonic_sec(i64)
declare void @mdk_sleep_ms(i64)
declare i64 @mdk_alloc_bytes(i64)
declare void @mdk_stash_run_stdout(i64)
declare void @mdk_enable_run_stdout_flush(i64)

define i32 @mdk_program_main(i32 %argc, ptr %argv) {
entry:
  call void @mdk_set_args(i32 %argc, ptr %argv)
  %t0 = call ptr @mdk_alloc_atomic(i64 16)
  store i64 2, ptr %t0
  %t1 = getelementptr i8, ptr %t0, i64 8
  store double 0xFFF8000000000000, ptr %t1
  %t2 = ptrtoint ptr %t0 to i64
  store i64 %t2, ptr @mdk_g_nan
  %t3 = load i64, ptr @mdk_g_nan
  %t4 = load i64, ptr @mdk_g_nan
  %t5 = call i64 @mdk_applyCmp(i64 ptrtoint (ptr @mdk_cc_1 to i64), i64 %t3, i64 %t4)
  %t6 = call i64 @mdk_bit(i64 %t5)
  %t7 = load i64, ptr @mdk_g_nan
  %t8 = load i64, ptr @mdk_g_nan
  %t9 = call i64 @mdk_applyCmp(i64 ptrtoint (ptr @mdk_cc_3 to i64), i64 %t7, i64 %t8)
  %t10 = call i64 @mdk_bit(i64 %t9)
  %t11 = load i64, ptr @mdk_g_nan
  %t12 = load i64, ptr @mdk_g_nan
  %t13 = call i64 @mdk_applyCmp(i64 ptrtoint (ptr @mdk_cc_5 to i64), i64 %t11, i64 %t12)
  %t14 = call i64 @mdk_bit(i64 %t13)
  %t15 = load i64, ptr @mdk_g_nan
  %t16 = load i64, ptr @mdk_g_nan
  %t17 = call i64 @mdk_applyCmp(i64 ptrtoint (ptr @mdk_cc_7 to i64), i64 %t15, i64 %t16)
  %t18 = call i64 @mdk_bit(i64 %t17)
  %t19 = load i64, ptr @mdk_g_nan
  %t20 = call ptr @mdk_alloc_atomic(i64 16)
  store i64 2, ptr %t20
  %t21 = getelementptr i8, ptr %t20, i64 8
  store double 1.0, ptr %t21
  %t22 = ptrtoint ptr %t20 to i64
  %t23 = call i64 @mdk_applyCmp(i64 ptrtoint (ptr @mdk_cc_9 to i64), i64 %t19, i64 %t22)
  %t24 = call i64 @mdk_bit(i64 %t23)
  %t25 = load i64, ptr @mdk_g_nan
  %t26 = call ptr @mdk_alloc_atomic(i64 16)
  store i64 2, ptr %t26
  %t27 = getelementptr i8, ptr %t26, i64 8
  store double 1.0, ptr %t27
  %t28 = ptrtoint ptr %t26 to i64
  %t29 = call i64 @mdk_applyCmp(i64 ptrtoint (ptr @mdk_cc_11 to i64), i64 %t25, i64 %t28)
  %t30 = call i64 @mdk_bit(i64 %t29)
  %t31 = load i64, ptr @mdk_g_nan
  %t32 = call ptr @mdk_alloc_atomic(i64 16)
  store i64 2, ptr %t32
  %t33 = getelementptr i8, ptr %t32, i64 8
  store double 1.0, ptr %t33
  %t34 = ptrtoint ptr %t32 to i64
  %t35 = call i64 @mdk_applyCmp(i64 ptrtoint (ptr @mdk_cc_13 to i64), i64 %t31, i64 %t34)
  %t36 = call i64 @mdk_bit(i64 %t35)
  %t37 = load i64, ptr @mdk_g_nan
  %t38 = call ptr @mdk_alloc_atomic(i64 16)
  store i64 2, ptr %t38
  %t39 = getelementptr i8, ptr %t38, i64 8
  store double 1.0, ptr %t39
  %t40 = ptrtoint ptr %t38 to i64
  %t41 = call i64 @mdk_applyCmp(i64 ptrtoint (ptr @mdk_cc_15 to i64), i64 %t37, i64 %t40)
  %t42 = call i64 @mdk_bit(i64 %t41)
  %t43 = call ptr @mdk_alloc_atomic(i64 16)
  store i64 2, ptr %t43
  %t44 = getelementptr i8, ptr %t43, i64 8
  store double 1.0, ptr %t44
  %t45 = ptrtoint ptr %t43 to i64
  %t46 = load i64, ptr @mdk_g_nan
  %t47 = call i64 @mdk_applyCmp(i64 ptrtoint (ptr @mdk_cc_17 to i64), i64 %t45, i64 %t46)
  %t48 = call i64 @mdk_bit(i64 %t47)
  %t49 = call ptr @mdk_alloc_atomic(i64 16)
  store i64 2, ptr %t49
  %t50 = getelementptr i8, ptr %t49, i64 8
  store double 1.0, ptr %t50
  %t51 = ptrtoint ptr %t49 to i64
  %t52 = load i64, ptr @mdk_g_nan
  %t53 = call i64 @mdk_applyCmp(i64 ptrtoint (ptr @mdk_cc_19 to i64), i64 %t51, i64 %t52)
  %t54 = call i64 @mdk_bit(i64 %t53)
  %t55 = call ptr @mdk_alloc_atomic(i64 16)
  store i64 2, ptr %t55
  %t56 = getelementptr i8, ptr %t55, i64 8
  store double 1.0, ptr %t56
  %t57 = ptrtoint ptr %t55 to i64
  %t58 = load i64, ptr @mdk_g_nan
  %t59 = call i64 @mdk_applyCmp(i64 ptrtoint (ptr @mdk_cc_21 to i64), i64 %t57, i64 %t58)
  %t60 = call i64 @mdk_bit(i64 %t59)
  %t61 = call ptr @mdk_alloc_atomic(i64 16)
  store i64 2, ptr %t61
  %t62 = getelementptr i8, ptr %t61, i64 8
  store double 1.0, ptr %t62
  %t63 = ptrtoint ptr %t61 to i64
  %t64 = load i64, ptr @mdk_g_nan
  %t65 = call i64 @mdk_applyCmp(i64 ptrtoint (ptr @mdk_cc_23 to i64), i64 %t63, i64 %t64)
  %t66 = call i64 @mdk_bit(i64 %t65)
  %t67 = ashr i64 5, 1
  %t68 = ashr i64 %t10, 1
  %t69 = mul i64 %t67, %t68
  %t70 = shl i64 %t69, 1
  %t71 = or i64 %t70, 1
  %t72 = ashr i64 %t6, 1
  %t73 = ashr i64 %t71, 1
  %t74 = add i64 %t72, %t73
  %t75 = shl i64 %t74, 1
  %t76 = or i64 %t75, 1
  %t77 = ashr i64 9, 1
  %t78 = ashr i64 %t14, 1
  %t79 = mul i64 %t77, %t78
  %t80 = shl i64 %t79, 1
  %t81 = or i64 %t80, 1
  %t82 = ashr i64 %t76, 1
  %t83 = ashr i64 %t81, 1
  %t84 = add i64 %t82, %t83
  %t85 = shl i64 %t84, 1
  %t86 = or i64 %t85, 1
  %t87 = ashr i64 17, 1
  %t88 = ashr i64 %t18, 1
  %t89 = mul i64 %t87, %t88
  %t90 = shl i64 %t89, 1
  %t91 = or i64 %t90, 1
  %t92 = ashr i64 %t86, 1
  %t93 = ashr i64 %t91, 1
  %t94 = add i64 %t92, %t93
  %t95 = shl i64 %t94, 1
  %t96 = or i64 %t95, 1
  %t97 = ashr i64 33, 1
  %t98 = ashr i64 %t24, 1
  %t99 = mul i64 %t97, %t98
  %t100 = shl i64 %t99, 1
  %t101 = or i64 %t100, 1
  %t102 = ashr i64 %t96, 1
  %t103 = ashr i64 %t101, 1
  %t104 = add i64 %t102, %t103
  %t105 = shl i64 %t104, 1
  %t106 = or i64 %t105, 1
  %t107 = ashr i64 65, 1
  %t108 = ashr i64 %t30, 1
  %t109 = mul i64 %t107, %t108
  %t110 = shl i64 %t109, 1
  %t111 = or i64 %t110, 1
  %t112 = ashr i64 %t106, 1
  %t113 = ashr i64 %t111, 1
  %t114 = add i64 %t112, %t113
  %t115 = shl i64 %t114, 1
  %t116 = or i64 %t115, 1
  %t117 = ashr i64 129, 1
  %t118 = ashr i64 %t36, 1
  %t119 = mul i64 %t117, %t118
  %t120 = shl i64 %t119, 1
  %t121 = or i64 %t120, 1
  %t122 = ashr i64 %t116, 1
  %t123 = ashr i64 %t121, 1
  %t124 = add i64 %t122, %t123
  %t125 = shl i64 %t124, 1
  %t126 = or i64 %t125, 1
  %t127 = ashr i64 257, 1
  %t128 = ashr i64 %t42, 1
  %t129 = mul i64 %t127, %t128
  %t130 = shl i64 %t129, 1
  %t131 = or i64 %t130, 1
  %t132 = ashr i64 %t126, 1
  %t133 = ashr i64 %t131, 1
  %t134 = add i64 %t132, %t133
  %t135 = shl i64 %t134, 1
  %t136 = or i64 %t135, 1
  %t137 = ashr i64 513, 1
  %t138 = ashr i64 %t48, 1
  %t139 = mul i64 %t137, %t138
  %t140 = shl i64 %t139, 1
  %t141 = or i64 %t140, 1
  %t142 = ashr i64 %t136, 1
  %t143 = ashr i64 %t141, 1
  %t144 = add i64 %t142, %t143
  %t145 = shl i64 %t144, 1
  %t146 = or i64 %t145, 1
  %t147 = ashr i64 1025, 1
  %t148 = ashr i64 %t54, 1
  %t149 = mul i64 %t147, %t148
  %t150 = shl i64 %t149, 1
  %t151 = or i64 %t150, 1
  %t152 = ashr i64 %t146, 1
  %t153 = ashr i64 %t151, 1
  %t154 = add i64 %t152, %t153
  %t155 = shl i64 %t154, 1
  %t156 = or i64 %t155, 1
  %t157 = ashr i64 2049, 1
  %t158 = ashr i64 %t60, 1
  %t159 = mul i64 %t157, %t158
  %t160 = shl i64 %t159, 1
  %t161 = or i64 %t160, 1
  %t162 = ashr i64 %t156, 1
  %t163 = ashr i64 %t161, 1
  %t164 = add i64 %t162, %t163
  %t165 = shl i64 %t164, 1
  %t166 = or i64 %t165, 1
  %t167 = ashr i64 4097, 1
  %t168 = ashr i64 %t66, 1
  %t169 = mul i64 %t167, %t168
  %t170 = shl i64 %t169, 1
  %t171 = or i64 %t170, 1
  %t172 = ashr i64 %t166, 1
  %t173 = ashr i64 %t171, 1
  %t174 = add i64 %t172, %t173
  %t175 = shl i64 %t174, 1
  %t176 = or i64 %t175, 1
  store i64 %t176, ptr @mdk_g_nanBits
  %t177 = call ptr @mdk_alloc_atomic(i64 16)
  store i64 2, ptr %t177
  %t178 = getelementptr i8, ptr %t177, i64 8
  store double 1.0, ptr %t178
  %t179 = ptrtoint ptr %t177 to i64
  %t180 = call ptr @mdk_alloc_atomic(i64 16)
  store i64 2, ptr %t180
  %t181 = getelementptr i8, ptr %t180, i64 8
  store double 2.0, ptr %t181
  %t182 = ptrtoint ptr %t180 to i64
  %t183 = call i64 @mdk_applyCmp(i64 ptrtoint (ptr @mdk_cc_25 to i64), i64 %t179, i64 %t182)
  %t184 = call i64 @mdk_bit(i64 %t183)
  %t185 = call ptr @mdk_alloc_atomic(i64 16)
  store i64 2, ptr %t185
  %t186 = getelementptr i8, ptr %t185, i64 8
  store double 1.0, ptr %t186
  %t187 = ptrtoint ptr %t185 to i64
  %t188 = call ptr @mdk_alloc_atomic(i64 16)
  store i64 2, ptr %t188
  %t189 = getelementptr i8, ptr %t188, i64 8
  store double 2.0, ptr %t189
  %t190 = ptrtoint ptr %t188 to i64
  %t191 = call i64 @mdk_applyCmp(i64 ptrtoint (ptr @mdk_cc_27 to i64), i64 %t187, i64 %t190)
  %t192 = call i64 @mdk_bit(i64 %t191)
  %t193 = call ptr @mdk_alloc_atomic(i64 16)
  store i64 2, ptr %t193
  %t194 = getelementptr i8, ptr %t193, i64 8
  store double 2.0, ptr %t194
  %t195 = ptrtoint ptr %t193 to i64
  %t196 = call ptr @mdk_alloc_atomic(i64 16)
  store i64 2, ptr %t196
  %t197 = getelementptr i8, ptr %t196, i64 8
  store double 1.0, ptr %t197
  %t198 = ptrtoint ptr %t196 to i64
  %t199 = call i64 @mdk_applyCmp(i64 ptrtoint (ptr @mdk_cc_29 to i64), i64 %t195, i64 %t198)
  %t200 = call i64 @mdk_bit(i64 %t199)
  %t201 = call ptr @mdk_alloc_atomic(i64 16)
  store i64 2, ptr %t201
  %t202 = getelementptr i8, ptr %t201, i64 8
  store double 2.0, ptr %t202
  %t203 = ptrtoint ptr %t201 to i64
  %t204 = call ptr @mdk_alloc_atomic(i64 16)
  store i64 2, ptr %t204
  %t205 = getelementptr i8, ptr %t204, i64 8
  store double 1.0, ptr %t205
  %t206 = ptrtoint ptr %t204 to i64
  %t207 = call i64 @mdk_applyCmp(i64 ptrtoint (ptr @mdk_cc_31 to i64), i64 %t203, i64 %t206)
  %t208 = call i64 @mdk_bit(i64 %t207)
  %t209 = call ptr @mdk_alloc_atomic(i64 16)
  store i64 2, ptr %t209
  %t210 = getelementptr i8, ptr %t209, i64 8
  store double 1.0, ptr %t210
  %t211 = ptrtoint ptr %t209 to i64
  %t212 = call ptr @mdk_alloc_atomic(i64 16)
  store i64 2, ptr %t212
  %t213 = getelementptr i8, ptr %t212, i64 8
  store double 1.0, ptr %t213
  %t214 = ptrtoint ptr %t212 to i64
  %t215 = call i64 @mdk_applyCmp(i64 ptrtoint (ptr @mdk_cc_33 to i64), i64 %t211, i64 %t214)
  %t216 = call i64 @mdk_bit(i64 %t215)
  %t217 = call ptr @mdk_alloc_atomic(i64 16)
  store i64 2, ptr %t217
  %t218 = getelementptr i8, ptr %t217, i64 8
  store double 1.0, ptr %t218
  %t219 = ptrtoint ptr %t217 to i64
  %t220 = call ptr @mdk_alloc_atomic(i64 16)
  store i64 2, ptr %t220
  %t221 = getelementptr i8, ptr %t220, i64 8
  store double 1.0, ptr %t221
  %t222 = ptrtoint ptr %t220 to i64
  %t223 = call i64 @mdk_applyCmp(i64 ptrtoint (ptr @mdk_cc_35 to i64), i64 %t219, i64 %t222)
  %t224 = call i64 @mdk_bit(i64 %t223)
  %t225 = call i64 @mdk_applyCmp(i64 ptrtoint (ptr @mdk_cc_37 to i64), i64 3, i64 5)
  %t226 = call i64 @mdk_bit(i64 %t225)
  %t227 = call i64 @mdk_applyCmp(i64 ptrtoint (ptr @mdk_cc_39 to i64), i64 5, i64 3)
  %t228 = call i64 @mdk_bit(i64 %t227)
  %t229 = call i64 @mdk_applyCmp(i64 ptrtoint (ptr @mdk_cc_41 to i64), i64 5, i64 5)
  %t230 = call i64 @mdk_bit(i64 %t229)
  %t231 = ashr i64 5, 1
  %t232 = ashr i64 %t192, 1
  %t233 = mul i64 %t231, %t232
  %t234 = shl i64 %t233, 1
  %t235 = or i64 %t234, 1
  %t236 = ashr i64 %t184, 1
  %t237 = ashr i64 %t235, 1
  %t238 = add i64 %t236, %t237
  %t239 = shl i64 %t238, 1
  %t240 = or i64 %t239, 1
  %t241 = ashr i64 9, 1
  %t242 = ashr i64 %t200, 1
  %t243 = mul i64 %t241, %t242
  %t244 = shl i64 %t243, 1
  %t245 = or i64 %t244, 1
  %t246 = ashr i64 %t240, 1
  %t247 = ashr i64 %t245, 1
  %t248 = add i64 %t246, %t247
  %t249 = shl i64 %t248, 1
  %t250 = or i64 %t249, 1
  %t251 = ashr i64 17, 1
  %t252 = ashr i64 %t208, 1
  %t253 = mul i64 %t251, %t252
  %t254 = shl i64 %t253, 1
  %t255 = or i64 %t254, 1
  %t256 = ashr i64 %t250, 1
  %t257 = ashr i64 %t255, 1
  %t258 = add i64 %t256, %t257
  %t259 = shl i64 %t258, 1
  %t260 = or i64 %t259, 1
  %t261 = ashr i64 33, 1
  %t262 = ashr i64 %t216, 1
  %t263 = mul i64 %t261, %t262
  %t264 = shl i64 %t263, 1
  %t265 = or i64 %t264, 1
  %t266 = ashr i64 %t260, 1
  %t267 = ashr i64 %t265, 1
  %t268 = add i64 %t266, %t267
  %t269 = shl i64 %t268, 1
  %t270 = or i64 %t269, 1
  %t271 = ashr i64 65, 1
  %t272 = ashr i64 %t224, 1
  %t273 = mul i64 %t271, %t272
  %t274 = shl i64 %t273, 1
  %t275 = or i64 %t274, 1
  %t276 = ashr i64 %t270, 1
  %t277 = ashr i64 %t275, 1
  %t278 = add i64 %t276, %t277
  %t279 = shl i64 %t278, 1
  %t280 = or i64 %t279, 1
  %t281 = ashr i64 129, 1
  %t282 = ashr i64 %t226, 1
  %t283 = mul i64 %t281, %t282
  %t284 = shl i64 %t283, 1
  %t285 = or i64 %t284, 1
  %t286 = ashr i64 %t280, 1
  %t287 = ashr i64 %t285, 1
  %t288 = add i64 %t286, %t287
  %t289 = shl i64 %t288, 1
  %t290 = or i64 %t289, 1
  %t291 = ashr i64 257, 1
  %t292 = ashr i64 %t228, 1
  %t293 = mul i64 %t291, %t292
  %t294 = shl i64 %t293, 1
  %t295 = or i64 %t294, 1
  %t296 = ashr i64 %t290, 1
  %t297 = ashr i64 %t295, 1
  %t298 = add i64 %t296, %t297
  %t299 = shl i64 %t298, 1
  %t300 = or i64 %t299, 1
  %t301 = ashr i64 513, 1
  %t302 = ashr i64 %t230, 1
  %t303 = mul i64 %t301, %t302
  %t304 = shl i64 %t303, 1
  %t305 = or i64 %t304, 1
  %t306 = ashr i64 %t300, 1
  %t307 = ashr i64 %t305, 1
  %t308 = add i64 %t306, %t307
  %t309 = shl i64 %t308, 1
  %t310 = or i64 %t309, 1
  store i64 %t310, ptr @mdk_g_ctlBits
  %t311 = load i64, ptr @mdk_g_nanBits
  %t312 = ashr i64 %t311, 1
  %t313 = ashr i64 2001, 1
  %t314 = mul i64 %t312, %t313
  %t315 = shl i64 %t314, 1
  %t316 = or i64 %t315, 1
  %t317 = load i64, ptr @mdk_g_ctlBits
  %t318 = ashr i64 %t316, 1
  %t319 = ashr i64 %t317, 1
  %t320 = add i64 %t318, %t319
  %t321 = shl i64 %t320, 1
  %t322 = or i64 %t321, 1
  %t323 = ashr i64 %t322, 1
  call void @mdk_print_int(i64 %t323)
  ret i32 0
}
define i64 @mdk_applyCmp(i64 %arg0, i64 %arg1, i64 %arg2) {
entry:
  %t0 = inttoptr i64 %arg0 to ptr
  %t1 = load i64, ptr %t0
  %t2 = icmp eq i64 %t1, 2
  %t4 = alloca i64
  br i1 %t2, label %apfast3, label %apslow3
apfast3:
  %t5 = inttoptr i64 %arg0 to ptr
  %t6 = getelementptr i8, ptr %t5, i64 8
  %t7 = load i64, ptr %t6
  %t8 = inttoptr i64 %t7 to ptr
  %t9 = call i64 %t8(i64 %arg0, i64 %arg1, i64 %arg2)
  store i64 %t9, ptr %t4
  br label %apend3
apslow3:
  %t10 = alloca i64, i64 2
  %t11 = getelementptr i64, ptr %t10, i64 0
  store i64 %arg1, ptr %t11
  %t12 = getelementptr i64, ptr %t10, i64 1
  store i64 %arg2, ptr %t12
  %t13 = call i64 @__mdk_apply(i64 %arg0, i64 2, ptr %t10)
  store i64 %t13, ptr %t4
  br label %apend3
apend3:
  %t14 = load i64, ptr %t4
  ret i64 %t14
}

define i64 @mdk_cmpLt(i64 %arg0, i64 %arg1) {
entry:
  %t0 = call i64 @mdk_value_lt(i64 %arg0, i64 %arg1)
  ret i64 %t0
}

define i64 @mdk_cmpLe(i64 %arg0, i64 %arg1) {
entry:
  %t0 = call i64 @mdk_value_le(i64 %arg0, i64 %arg1)
  ret i64 %t0
}

define i64 @mdk_cmpGt(i64 %arg0, i64 %arg1) {
entry:
  %t0 = call i64 @mdk_value_gt(i64 %arg0, i64 %arg1)
  ret i64 %t0
}

define i64 @mdk_cmpGe(i64 %arg0, i64 %arg1) {
entry:
  %t0 = call i64 @mdk_value_ge(i64 %arg0, i64 %arg1)
  ret i64 %t0
}

define i64 @mdk_bit(i64 %arg0) {
entry:
  %t0 = ashr i64 %arg0, 1
  %t1 = icmp ne i64 %t0, 0
  br i1 %t1, label %then2, label %else2
then2:
  ret i64 3
else2:
  ret i64 1
}

@mdk_g_nan = global i64 0
@mdk_g_nanBits = global i64 0
@mdk_g_ctlBits = global i64 0
define i64 @mdk_eta_cmpLt_0(i64 %clos, i64 %arg0, i64 %arg1) {
entry:
  %t0 = call i64 @mdk_cmpLt(i64 %arg0, i64 %arg1)
  ret i64 %t0
}

@mdk_cc_1 = internal constant [2 x i64] [i64 2, i64 ptrtoint (ptr @mdk_eta_cmpLt_0 to i64)]
define i64 @mdk_eta_cmpLe_2(i64 %clos, i64 %arg0, i64 %arg1) {
entry:
  %t0 = call i64 @mdk_cmpLe(i64 %arg0, i64 %arg1)
  ret i64 %t0
}

@mdk_cc_3 = internal constant [2 x i64] [i64 2, i64 ptrtoint (ptr @mdk_eta_cmpLe_2 to i64)]
define i64 @mdk_eta_cmpGt_4(i64 %clos, i64 %arg0, i64 %arg1) {
entry:
  %t0 = call i64 @mdk_cmpGt(i64 %arg0, i64 %arg1)
  ret i64 %t0
}

@mdk_cc_5 = internal constant [2 x i64] [i64 2, i64 ptrtoint (ptr @mdk_eta_cmpGt_4 to i64)]
define i64 @mdk_eta_cmpGe_6(i64 %clos, i64 %arg0, i64 %arg1) {
entry:
  %t0 = call i64 @mdk_cmpGe(i64 %arg0, i64 %arg1)
  ret i64 %t0
}

@mdk_cc_7 = internal constant [2 x i64] [i64 2, i64 ptrtoint (ptr @mdk_eta_cmpGe_6 to i64)]
define i64 @mdk_eta_cmpLt_8(i64 %clos, i64 %arg0, i64 %arg1) {
entry:
  %t0 = call i64 @mdk_cmpLt(i64 %arg0, i64 %arg1)
  ret i64 %t0
}

@mdk_cc_9 = internal constant [2 x i64] [i64 2, i64 ptrtoint (ptr @mdk_eta_cmpLt_8 to i64)]
define i64 @mdk_eta_cmpLe_10(i64 %clos, i64 %arg0, i64 %arg1) {
entry:
  %t0 = call i64 @mdk_cmpLe(i64 %arg0, i64 %arg1)
  ret i64 %t0
}

@mdk_cc_11 = internal constant [2 x i64] [i64 2, i64 ptrtoint (ptr @mdk_eta_cmpLe_10 to i64)]
define i64 @mdk_eta_cmpGt_12(i64 %clos, i64 %arg0, i64 %arg1) {
entry:
  %t0 = call i64 @mdk_cmpGt(i64 %arg0, i64 %arg1)
  ret i64 %t0
}

@mdk_cc_13 = internal constant [2 x i64] [i64 2, i64 ptrtoint (ptr @mdk_eta_cmpGt_12 to i64)]
define i64 @mdk_eta_cmpGe_14(i64 %clos, i64 %arg0, i64 %arg1) {
entry:
  %t0 = call i64 @mdk_cmpGe(i64 %arg0, i64 %arg1)
  ret i64 %t0
}

@mdk_cc_15 = internal constant [2 x i64] [i64 2, i64 ptrtoint (ptr @mdk_eta_cmpGe_14 to i64)]
define i64 @mdk_eta_cmpLt_16(i64 %clos, i64 %arg0, i64 %arg1) {
entry:
  %t0 = call i64 @mdk_cmpLt(i64 %arg0, i64 %arg1)
  ret i64 %t0
}

@mdk_cc_17 = internal constant [2 x i64] [i64 2, i64 ptrtoint (ptr @mdk_eta_cmpLt_16 to i64)]
define i64 @mdk_eta_cmpLe_18(i64 %clos, i64 %arg0, i64 %arg1) {
entry:
  %t0 = call i64 @mdk_cmpLe(i64 %arg0, i64 %arg1)
  ret i64 %t0
}

@mdk_cc_19 = internal constant [2 x i64] [i64 2, i64 ptrtoint (ptr @mdk_eta_cmpLe_18 to i64)]
define i64 @mdk_eta_cmpGt_20(i64 %clos, i64 %arg0, i64 %arg1) {
entry:
  %t0 = call i64 @mdk_cmpGt(i64 %arg0, i64 %arg1)
  ret i64 %t0
}

@mdk_cc_21 = internal constant [2 x i64] [i64 2, i64 ptrtoint (ptr @mdk_eta_cmpGt_20 to i64)]
define i64 @mdk_eta_cmpGe_22(i64 %clos, i64 %arg0, i64 %arg1) {
entry:
  %t0 = call i64 @mdk_cmpGe(i64 %arg0, i64 %arg1)
  ret i64 %t0
}

@mdk_cc_23 = internal constant [2 x i64] [i64 2, i64 ptrtoint (ptr @mdk_eta_cmpGe_22 to i64)]
define i64 @mdk_eta_cmpLt_24(i64 %clos, i64 %arg0, i64 %arg1) {
entry:
  %t0 = call i64 @mdk_cmpLt(i64 %arg0, i64 %arg1)
  ret i64 %t0
}

@mdk_cc_25 = internal constant [2 x i64] [i64 2, i64 ptrtoint (ptr @mdk_eta_cmpLt_24 to i64)]
define i64 @mdk_eta_cmpLe_26(i64 %clos, i64 %arg0, i64 %arg1) {
entry:
  %t0 = call i64 @mdk_cmpLe(i64 %arg0, i64 %arg1)
  ret i64 %t0
}

@mdk_cc_27 = internal constant [2 x i64] [i64 2, i64 ptrtoint (ptr @mdk_eta_cmpLe_26 to i64)]
define i64 @mdk_eta_cmpLe_28(i64 %clos, i64 %arg0, i64 %arg1) {
entry:
  %t0 = call i64 @mdk_cmpLe(i64 %arg0, i64 %arg1)
  ret i64 %t0
}

@mdk_cc_29 = internal constant [2 x i64] [i64 2, i64 ptrtoint (ptr @mdk_eta_cmpLe_28 to i64)]
define i64 @mdk_eta_cmpGt_30(i64 %clos, i64 %arg0, i64 %arg1) {
entry:
  %t0 = call i64 @mdk_cmpGt(i64 %arg0, i64 %arg1)
  ret i64 %t0
}

@mdk_cc_31 = internal constant [2 x i64] [i64 2, i64 ptrtoint (ptr @mdk_eta_cmpGt_30 to i64)]
define i64 @mdk_eta_cmpGe_32(i64 %clos, i64 %arg0, i64 %arg1) {
entry:
  %t0 = call i64 @mdk_cmpGe(i64 %arg0, i64 %arg1)
  ret i64 %t0
}

@mdk_cc_33 = internal constant [2 x i64] [i64 2, i64 ptrtoint (ptr @mdk_eta_cmpGe_32 to i64)]
define i64 @mdk_eta_cmpLe_34(i64 %clos, i64 %arg0, i64 %arg1) {
entry:
  %t0 = call i64 @mdk_cmpLe(i64 %arg0, i64 %arg1)
  ret i64 %t0
}

@mdk_cc_35 = internal constant [2 x i64] [i64 2, i64 ptrtoint (ptr @mdk_eta_cmpLe_34 to i64)]
define i64 @mdk_eta_cmpLt_36(i64 %clos, i64 %arg0, i64 %arg1) {
entry:
  %t0 = call i64 @mdk_cmpLt(i64 %arg0, i64 %arg1)
  ret i64 %t0
}

@mdk_cc_37 = internal constant [2 x i64] [i64 2, i64 ptrtoint (ptr @mdk_eta_cmpLt_36 to i64)]
define i64 @mdk_eta_cmpLe_38(i64 %clos, i64 %arg0, i64 %arg1) {
entry:
  %t0 = call i64 @mdk_cmpLe(i64 %arg0, i64 %arg1)
  ret i64 %t0
}

@mdk_cc_39 = internal constant [2 x i64] [i64 2, i64 ptrtoint (ptr @mdk_eta_cmpLe_38 to i64)]
define i64 @mdk_eta_cmpGe_40(i64 %clos, i64 %arg0, i64 %arg1) {
entry:
  %t0 = call i64 @mdk_cmpGe(i64 %arg0, i64 %arg1)
  ret i64 %t0
}

@mdk_cc_41 = internal constant [2 x i64] [i64 2, i64 ptrtoint (ptr @mdk_eta_cmpGe_40 to i64)]