{"jsonrpc":"2.0","id":1,"result":{"protocolVersion":"2025-11-25","capabilities":{"tools":{}},"serverInfo":{"name":"medaka","version":"0.1.0-preview"}}}
{"jsonrpc":"2.0","id":2,"result":{"content":[{"type":"text","text":"{\"refused\":true,\"reason\":\"`test/references_fixtures/rename_partial/brokensib.mdk` is under the project root, mentions `gval`, and does not parse — its occurrences are missing from the reference index, so this rename would silently skip them; fix that file's parse error first\"}"}],"isError":true}}
{"jsonrpc":"2.0","id":3,"result":{"content":[{"type":"text","text":"{\"refused\":true,\"reason\":\"`test/references_fixtures/rename_partial/strsib.mdk` is under the project root, mentions `strval`, and does not parse — its occurrences are missing from the reference index, so this rename would silently skip them; fix that file's parse error first\"}"}],"isError":true}}
{"jsonrpc":"2.0","id":4,"result":{"content":[{"type":"text","text":"{\"changes\":{\"file://test/references_fixtures/rename_partial/gooddefs.mdk\":[{\"range\":{\"start\":{\"line\":17,\"character\":7},\"end\":{\"line\":17,\"character\":16}},\"newText\":\"untouchedZ\"},{\"range\":{\"start\":{\"line\":18,\"character\":0},\"end\":{\"line\":18,\"character\":9}},\"newText\":\"untouchedZ\"}],\"file://test/references_fixtures/rename_partial/goodmain.mdk\":[{\"range\":{\"start\":{\"line\":4,\"character\":31},\"end\":{\"line\":4,\"character\":40}},\"newText\":\"untouchedZ\"},{\"range\":{\"start\":{\"line\":7,\"character\":26},\"end\":{\"line\":7,\"character\":35}},\"newText\":\"untouchedZ\"}]}}"}],"isError":false}}
{"jsonrpc":"2.0","id":5,"result":{"content":[{"type":"text","text":"{\"refused\":true,\"reason\":\"this file does not parse, so nothing in it is indexed and no position in it can be renamed — fix the parse error first\"}"}],"isError":true}}
{"jsonrpc":"2.0","id":6,"result":{}}
