NEWLINE
IMPORT
IDENT "array"
DOT_LBRACE
IDENT "fromList"
RBRACE
NEWLINE
IMPORT
IDENT "list"
DOT_LBRACE
IDENT "partition"
RBRACE
NEWLINE
IMPORT
IDENT "time"
DOT_LBRACE
UPPER "Duration"
COMMA
IDENT "millis"
COMMA
IDENT "toMillis"
RBRACE
NEWLINE
EXPORT
DATA
UPPER "Async"
LPAREN
IDENT "e"
COLON
UPPER "Effect"
RPAREN
IDENT "a"
EQUAL
INDENT
PIPE
UPPER "Done"
IDENT "a"
NEWLINE
PIPE
UPPER "Suspend"
LPAREN
UPPER "Unit"
ARROW
LT
IDENT "e"
GT
UPPER "Async"
IDENT "e"
IDENT "a"
RPAREN
NEWLINE
PIPE
UPPER "Await"
LPAREN
UPPER "List"
UPPER "Wait"
RPAREN
LPAREN
UPPER "Unit"
ARROW
LT
IDENT "e"
GT
UPPER "Async"
IDENT "e"
IDENT "a"
RPAREN
NEWLINE
PIPE
UPPER "Spawn"
LPAREN
UPPER "Async"
IDENT "e"
UPPER "Unit"
RPAREN
LPAREN
UPPER "Unit"
ARROW
LT
IDENT "e"
GT
UPPER "Async"
IDENT "e"
IDENT "a"
RPAREN
NEWLINE
DEDENT
NEWLINE
PUBLIC
EXPORT
DATA
UPPER "Wait"
EQUAL
INDENT
PIPE
UPPER "WaitRead"
UPPER "Int"
NEWLINE
PIPE
UPPER "WaitWrite"
UPPER "Int"
NEWLINE
PIPE
UPPER "WaitUntil"
UPPER "Float"
NEWLINE
PIPE
UPPER "WaitFlag"
LPAREN
UPPER "Ref"
UPPER "Bool"
RPAREN
NEWLINE
DEDENT
NEWLINE
EXPORT
DATA
UPPER "Task"
IDENT "a"
EQUAL
UPPER "Task"
LPAREN
UPPER "Ref"
UPPER "Bool"
RPAREN
LPAREN
UPPER "Ref"
LPAREN
UPPER "Option"
IDENT "a"
RPAREN
RPAREN
NEWLINE
EXPORT
IMPL
UPPER "DeferredMappable"
UPPER "Async"
WHERE
INDENT
IDENT "deferMap"
IDENT "f"
LPAREN
UPPER "Done"
IDENT "a"
RPAREN
EQUAL
UPPER "Suspend"
LPAREN
IDENT "u"
FAT_ARROW
UPPER "Done"
LPAREN
IDENT "f"
IDENT "a"
RPAREN
RPAREN
NEWLINE
IDENT "deferMap"
IDENT "f"
LPAREN
UPPER "Suspend"
IDENT "t"
RPAREN
EQUAL
UPPER "Suspend"
LPAREN
IDENT "u"
FAT_ARROW
IDENT "deferMap"
IDENT "f"
LPAREN
IDENT "t"
IDENT "u"
RPAREN
RPAREN
NEWLINE
IDENT "deferMap"
IDENT "f"
LPAREN
UPPER "Await"
IDENT "ws"
IDENT "t"
RPAREN
EQUAL
UPPER "Await"
IDENT "ws"
LPAREN
IDENT "u"
FAT_ARROW
IDENT "deferMap"
IDENT "f"
LPAREN
IDENT "t"
IDENT "u"
RPAREN
RPAREN
NEWLINE
IDENT "deferMap"
IDENT "f"
LPAREN
UPPER "Spawn"
IDENT "c"
IDENT "t"
RPAREN
EQUAL
UPPER "Spawn"
IDENT "c"
LPAREN
IDENT "u"
FAT_ARROW
IDENT "deferMap"
IDENT "f"
LPAREN
IDENT "t"
IDENT "u"
RPAREN
RPAREN
NEWLINE
DEDENT
NEWLINE
EXPORT
IMPL
UPPER "DeferredApplicative"
UPPER "Async"
WHERE
INDENT
IDENT "deferPure"
IDENT "a"
EQUAL
UPPER "Done"
IDENT "a"
NEWLINE
IDENT "deferAp"
IDENT "mf"
IDENT "ma"
EQUAL
IDENT "deferThen"
IDENT "mf"
LPAREN
IDENT "f"
FAT_ARROW
IDENT "deferMap"
IDENT "f"
IDENT "ma"
RPAREN
NEWLINE
DEDENT
NEWLINE
EXPORT
IMPL
UPPER "DeferredThenable"
UPPER "Async"
WHERE
INDENT
IDENT "deferThen"
LPAREN
UPPER "Done"
IDENT "a"
RPAREN
IDENT "k"
EQUAL
UPPER "Suspend"
LPAREN
IDENT "u"
FAT_ARROW
IDENT "k"
IDENT "a"
RPAREN
NEWLINE
IDENT "deferThen"
LPAREN
UPPER "Suspend"
IDENT "t"
RPAREN
IDENT "k"
EQUAL
UPPER "Suspend"
LPAREN
IDENT "u"
FAT_ARROW
IDENT "deferThen"
LPAREN
IDENT "t"
IDENT "u"
RPAREN
IDENT "k"
RPAREN
NEWLINE
IDENT "deferThen"
LPAREN
UPPER "Await"
IDENT "ws"
IDENT "t"
RPAREN
IDENT "k"
EQUAL
UPPER "Await"
IDENT "ws"
LPAREN
IDENT "u"
FAT_ARROW
IDENT "deferThen"
LPAREN
IDENT "t"
IDENT "u"
RPAREN
IDENT "k"
RPAREN
NEWLINE
IDENT "deferThen"
LPAREN
UPPER "Spawn"
IDENT "c"
IDENT "t"
RPAREN
IDENT "k"
EQUAL
UPPER "Spawn"
IDENT "c"
LPAREN
IDENT "u"
FAT_ARROW
IDENT "deferThen"
LPAREN
IDENT "t"
IDENT "u"
RPAREN
IDENT "k"
RPAREN
NEWLINE
DEDENT
NEWLINE
EXPORT
NEWLINE
IDENT "liftIO"
COLON
LPAREN
UPPER "Unit"
ARROW
LT
IDENT "e"
GT
IDENT "a"
RPAREN
ARROW
UPPER "Async"
IDENT "e"
IDENT "a"
NEWLINE
IDENT "liftIO"
IDENT "act"
EQUAL
UPPER "Suspend"
LPAREN
IDENT "u"
FAT_ARROW
UPPER "Done"
LPAREN
IDENT "act"
IDENT "u"
RPAREN
RPAREN
NEWLINE
EXPORT
NEWLINE
IDENT "yield"
COLON
UPPER "Async"
IDENT "e"
UPPER "Unit"
NEWLINE
IDENT "yield"
EQUAL
UPPER "Suspend"
LPAREN
UNDERSCORE
FAT_ARROW
UPPER "Done"
LPAREN
RPAREN
RPAREN
NEWLINE
EXPORT
NEWLINE
IDENT "sleep"
COLON
UPPER "Duration"
ARROW
UPPER "Async"
IDENT "e"
UPPER "Unit"
NEWLINE
IDENT "sleep"
IDENT "d"
EQUAL
UPPER "Suspend"
LPAREN
IDENT "u"
FAT_ARROW
IDENT "sleepFrom"
LPAREN
IDENT "monotonicSec"
LPAREN
RPAREN
RPAREN
IDENT "d"
RPAREN
NEWLINE
IDENT "sleepFrom"
COLON
UPPER "Float"
ARROW
UPPER "Duration"
ARROW
UPPER "Async"
IDENT "e"
UPPER "Unit"
NEWLINE
IDENT "sleepFrom"
IDENT "now"
IDENT "d"
EQUAL
INDENT
LET
IDENT "deadline"
EQUAL
IDENT "now"
PLUS
IDENT "intToFloat"
LPAREN
IDENT "toMillis"
IDENT "d"
RPAREN
SLASH
FLOAT 1000.0
NEWLINE
UPPER "Await"
LBRACKET
UPPER "WaitUntil"
IDENT "deadline"
RBRACKET
LPAREN
IDENT "u"
FAT_ARROW
UPPER "Done"
LPAREN
RPAREN
RPAREN
NEWLINE
DEDENT
NEWLINE
EXPORT
NEWLINE
IDENT "spawn"
COLON
UPPER "Async"
IDENT "e"
UPPER "Unit"
ARROW
UPPER "Async"
IDENT "e"
UPPER "Unit"
NEWLINE
IDENT "spawn"
IDENT "child"
EQUAL
UPPER "Spawn"
IDENT "child"
LPAREN
IDENT "u"
FAT_ARROW
UPPER "Done"
LPAREN
RPAREN
RPAREN
NEWLINE
EXPORT
NEWLINE
IDENT "spawnTask"
COLON
UPPER "Async"
IDENT "e"
IDENT "a"
ARROW
UPPER "Async"
IDENT "e"
LPAREN
UPPER "Task"
IDENT "a"
RPAREN
NEWLINE
IDENT "spawnTask"
IDENT "act"
EQUAL
UPPER "Suspend"
LPAREN
IDENT "u"
FAT_ARROW
IDENT "spawnWith"
LPAREN
UPPER "Ref"
UPPER "False"
RPAREN
LPAREN
UPPER "Ref"
UPPER "None"
RPAREN
IDENT "act"
RPAREN
NEWLINE
IDENT "spawnWith"
COLON
UPPER "Ref"
UPPER "Bool"
ARROW
UPPER "Ref"
LPAREN
UPPER "Option"
IDENT "a"
RPAREN
ARROW
UPPER "Async"
IDENT "e"
IDENT "a"
ARROW
UPPER "Async"
IDENT "e"
LPAREN
UPPER "Task"
IDENT "a"
RPAREN
NEWLINE
IDENT "spawnWith"
IDENT "done"
IDENT "cell"
IDENT "act"
EQUAL
UPPER "Spawn"
LPAREN
IDENT "deferThen"
IDENT "act"
LPAREN
IDENT "a"
FAT_ARROW
UPPER "Suspend"
LPAREN
IDENT "u"
FAT_ARROW
INDENT
IDENT "finish"
IDENT "done"
IDENT "cell"
IDENT "a"
NEWLINE
DEDENT
RPAREN
RPAREN
RPAREN
LPAREN
IDENT "u"
FAT_ARROW
INDENT
UPPER "Done"
LPAREN
UPPER "Task"
IDENT "done"
IDENT "cell"
RPAREN
NEWLINE
DEDENT
RPAREN
NEWLINE
IDENT "finish"
COLON
UPPER "Ref"
UPPER "Bool"
ARROW
UPPER "Ref"
LPAREN
UPPER "Option"
IDENT "a"
RPAREN
ARROW
IDENT "a"
ARROW
UPPER "Async"
IDENT "e"
UPPER "Unit"
NEWLINE
IDENT "finish"
IDENT "done"
IDENT "cell"
IDENT "a"
EQUAL
INDENT
IDENT "cell"
COLONEQ
UPPER "Some"
IDENT "a"
NEWLINE
IDENT "done"
COLONEQ
UPPER "True"
NEWLINE
UPPER "Done"
LPAREN
RPAREN
NEWLINE
DEDENT
NEWLINE
EXPORT
NEWLINE
IDENT "awaitAny"
COLON
UPPER "List"
UPPER "Wait"
ARROW
UPPER "Async"
IDENT "e"
UPPER "Unit"
NEWLINE
IDENT "awaitAny"
IDENT "waits"
EQUAL
UPPER "Await"
IDENT "waits"
LPAREN
IDENT "u"
FAT_ARROW
UPPER "Done"
LPAREN
RPAREN
RPAREN
NEWLINE
EXPORT
NEWLINE
IDENT "deadlineAfter"
COLON
UPPER "Duration"
ARROW
UPPER "Async"
IDENT "e"
UPPER "Wait"
NEWLINE
IDENT "deadlineAfter"
IDENT "d"
EQUAL
UPPER "Suspend"
LPAREN
IDENT "u"
FAT_ARROW
INDENT
UPPER "Done"
LPAREN
UPPER "WaitUntil"
LPAREN
IDENT "monotonicSec"
LPAREN
RPAREN
PLUS
IDENT "intToFloat"
LPAREN
IDENT "toMillis"
IDENT "d"
RPAREN
SLASH
FLOAT 1000.0
RPAREN
RPAREN
NEWLINE
DEDENT
RPAREN
NEWLINE
EXPORT
NEWLINE
IDENT "expired"
COLON
UPPER "Wait"
ARROW
UPPER "Async"
IDENT "e"
UPPER "Bool"
NEWLINE
IDENT "expired"
IDENT "w"
EQUAL
UPPER "Suspend"
LPAREN
IDENT "u"
FAT_ARROW
UPPER "Done"
LPAREN
IDENT "expiredAt"
LPAREN
IDENT "monotonicSec"
LPAREN
RPAREN
RPAREN
IDENT "w"
RPAREN
RPAREN
NEWLINE
IDENT "expiredAt"
COLON
UPPER "Float"
ARROW
UPPER "Wait"
ARROW
UPPER "Bool"
NEWLINE
IDENT "expiredAt"
IDENT "now"
LPAREN
UPPER "WaitUntil"
IDENT "t"
RPAREN
EQUAL
IDENT "t"
LEQ
IDENT "now"
NEWLINE
IDENT "expiredAt"
UNDERSCORE
UNDERSCORE
EQUAL
UPPER "False"
NEWLINE
EXPORT
NEWLINE
IDENT "await"
COLON
UPPER "Task"
IDENT "a"
ARROW
UPPER "Async"
IDENT "e"
IDENT "a"
NEWLINE
IDENT "await"
IDENT "t"
EQUAL
UPPER "Await"
LBRACKET
UPPER "WaitFlag"
LPAREN
IDENT "taskDone"
IDENT "t"
RPAREN
RBRACKET
LPAREN
IDENT "u"
FAT_ARROW
IDENT "awaitResume"
IDENT "t"
RPAREN
NEWLINE
IDENT "taskDone"
COLON
UPPER "Task"
IDENT "a"
ARROW
UPPER "Ref"
UPPER "Bool"
NEWLINE
IDENT "taskDone"
LPAREN
UPPER "Task"
IDENT "done"
UNDERSCORE
RPAREN
EQUAL
IDENT "done"
NEWLINE
IDENT "awaitResume"
COLON
UPPER "Task"
IDENT "a"
ARROW
UPPER "Async"
IDENT "e"
IDENT "a"
NEWLINE
IDENT "awaitResume"
LPAREN
UPPER "Task"
IDENT "done"
IDENT "cell"
RPAREN
EQUAL
MATCH
BANG
IDENT "cell"
INDENT
UPPER "Some"
IDENT "a"
FAT_ARROW
UPPER "Done"
IDENT "a"
NEWLINE
UPPER "None"
FAT_ARROW
IDENT "await"
LPAREN
UPPER "Task"
IDENT "done"
IDENT "cell"
RPAREN
NEWLINE
DEDENT
NEWLINE
EXPORT
NEWLINE
IDENT "concurrent"
COLON
UPPER "List"
LPAREN
UPPER "Async"
IDENT "e"
IDENT "a"
RPAREN
ARROW
UPPER "Async"
IDENT "e"
LPAREN
UPPER "List"
IDENT "a"
RPAREN
NEWLINE
IDENT "concurrent"
IDENT "asyncs"
EQUAL
IDENT "deferThen"
LPAREN
IDENT "spawnAll"
IDENT "asyncs"
RPAREN
LPAREN
IDENT "ts"
FAT_ARROW
IDENT "awaitAll"
IDENT "ts"
RPAREN
NEWLINE
IDENT "spawnAll"
COLON
UPPER "List"
LPAREN
UPPER "Async"
IDENT "e"
IDENT "a"
RPAREN
ARROW
UPPER "Async"
IDENT "e"
LPAREN
UPPER "List"
LPAREN
UPPER "Task"
IDENT "a"
RPAREN
RPAREN
NEWLINE
IDENT "spawnAll"
LBRACKET
RBRACKET
EQUAL
UPPER "Done"
LBRACKET
RBRACKET
NEWLINE
IDENT "spawnAll"
LPAREN
IDENT "a"
CONS
IDENT "rest"
RPAREN
EQUAL
INDENT
IDENT "deferThen"
LPAREN
IDENT "spawnTask"
IDENT "a"
RPAREN
LPAREN
IDENT "t"
FAT_ARROW
IDENT "deferMap"
LPAREN
IDENT "t"
CONS
UNDERSCORE
RPAREN
LPAREN
IDENT "spawnAll"
IDENT "rest"
RPAREN
RPAREN
NEWLINE
DEDENT
NEWLINE
IDENT "awaitAll"
COLON
UPPER "List"
LPAREN
UPPER "Task"
IDENT "a"
RPAREN
ARROW
UPPER "Async"
IDENT "e"
LPAREN
UPPER "List"
IDENT "a"
RPAREN
NEWLINE
IDENT "awaitAll"
LBRACKET
RBRACKET
EQUAL
UPPER "Done"
LBRACKET
RBRACKET
NEWLINE
IDENT "awaitAll"
LPAREN
IDENT "t"
CONS
IDENT "rest"
RPAREN
EQUAL
INDENT
IDENT "deferThen"
LPAREN
IDENT "await"
IDENT "t"
RPAREN
LPAREN
IDENT "a"
FAT_ARROW
IDENT "deferMap"
LPAREN
IDENT "a"
CONS
UNDERSCORE
RPAREN
LPAREN
IDENT "awaitAll"
IDENT "rest"
RPAREN
RPAREN
NEWLINE
DEDENT
NEWLINE
EXPORT
NEWLINE
IDENT "runAsync"
COLON
UPPER "Async"
IDENT "e"
IDENT "a"
ARROW
LT
IDENT "e"
GT
IDENT "a"
NEWLINE
IDENT "runAsync"
IDENT "prog"
EQUAL
INDENT
LET
IDENT "cell"
EQUAL
UPPER "Ref"
UPPER "None"
NEWLINE
LET
UNDERSCORE
EQUAL
IDENT "runSeq"
LPAREN
IDENT "deferThen"
IDENT "prog"
LPAREN
IDENT "a"
FAT_ARROW
UPPER "Suspend"
LPAREN
IDENT "u"
FAT_ARROW
IDENT "storeResult"
IDENT "cell"
IDENT "a"
RPAREN
RPAREN
RPAREN
NEWLINE
MATCH
BANG
IDENT "cell"
INDENT
UPPER "Some"
IDENT "a"
FAT_ARROW
IDENT "a"
NEWLINE
UPPER "None"
FAT_ARROW
IDENT "panic"
STRING "async: the program finished without producing a value"
NEWLINE
DEDENT
NEWLINE
DEDENT
NEWLINE
IDENT "runSeq"
COLON
UPPER "Async"
IDENT "e"
UPPER "Unit"
ARROW
LT
IDENT "e"
GT
UPPER "Unit"
NEWLINE
IDENT "runSeq"
LPAREN
UPPER "Done"
UNDERSCORE
RPAREN
EQUAL
LPAREN
RPAREN
NEWLINE
IDENT "runSeq"
LPAREN
UPPER "Suspend"
IDENT "t"
RPAREN
EQUAL
IDENT "runSeq"
LPAREN
IDENT "t"
LPAREN
RPAREN
RPAREN
NEWLINE
IDENT "runSeq"
LPAREN
UPPER "Spawn"
IDENT "child"
IDENT "k"
RPAREN
EQUAL
INDENT
LET
UNDERSCORE
EQUAL
IDENT "runSeq"
IDENT "child"
NEWLINE
IDENT "runSeq"
LPAREN
IDENT "k"
LPAREN
RPAREN
RPAREN
NEWLINE
DEDENT
NEWLINE
IDENT "runSeq"
LPAREN
UPPER "Await"
IDENT "ws"
IDENT "k"
RPAREN
EQUAL
INDENT
IF
IDENT "any"
IDENT "flagSet"
IDENT "ws"
THEN
INDENT
IDENT "runSeq"
LPAREN
IDENT "k"
LPAREN
RPAREN
RPAREN
NEWLINE
DEDENT
ELSE
INDENT
IDENT "panic"
STRING "async: runAsync cannot wait on a timer or a file descriptor; drive this program with runAsyncIO"
NEWLINE
DEDENT
NEWLINE
DEDENT
NEWLINE
IDENT "flagSet"
COLON
UPPER "Wait"
ARROW
UPPER "Bool"
NEWLINE
IDENT "flagSet"
LPAREN
UPPER "WaitFlag"
IDENT "r"
RPAREN
EQUAL
BANG
IDENT "r"
NEWLINE
IDENT "flagSet"
UNDERSCORE
EQUAL
UPPER "False"
NEWLINE
EXPORT
NEWLINE
IDENT "runAsyncIO"
COLON
UPPER "Async"
IDENT "e"
IDENT "a"
ARROW
LT
UPPER "Clock"
COMMA
UPPER "Net"
STRING "_"
PIPE
IDENT "e"
GT
IDENT "a"
NEWLINE
IDENT "runAsyncIO"
IDENT "prog"
EQUAL
INDENT
LET
IDENT "cell"
EQUAL
UPPER "Ref"
UPPER "None"
NEWLINE
LET
IDENT "queue"
EQUAL
UPPER "Ref"
LBRACKET
IDENT "deferThen"
IDENT "prog"
LPAREN
IDENT "a"
FAT_ARROW
UPPER "Suspend"
LPAREN
IDENT "u"
FAT_ARROW
IDENT "storeResult"
IDENT "cell"
IDENT "a"
RPAREN
RPAREN
RBRACKET
NEWLINE
LET
IDENT "parked"
EQUAL
UPPER "Ref"
LBRACKET
RBRACKET
NEWLINE
LET
UNDERSCORE
EQUAL
IDENT "schedule"
IDENT "queue"
IDENT "parked"
NEWLINE
MATCH
BANG
IDENT "cell"
INDENT
UPPER "Some"
IDENT "a"
FAT_ARROW
IDENT "a"
NEWLINE
UPPER "None"
FAT_ARROW
IDENT "panic"
STRING "async: the program finished without producing a value"
NEWLINE
DEDENT
NEWLINE
DEDENT
NEWLINE
EXPORT
NEWLINE
IDENT "runAsyncIOMain"
COLON
UPPER "Async"
IDENT "e"
UPPER "Unit"
ARROW
LT
UPPER "Clock"
COMMA
UPPER "Net"
STRING "_"
PIPE
IDENT "e"
GT
UPPER "Unit"
NEWLINE
IDENT "runAsyncIOMain"
IDENT "prog"
EQUAL
IDENT "runAsyncIO"
IDENT "prog"
NEWLINE
EXPORT
NEWLINE
IDENT "runAsyncMain"
COLON
UPPER "Async"
IDENT "e"
UPPER "Unit"
ARROW
LT
IDENT "e"
GT
UPPER "Unit"
NEWLINE
IDENT "runAsyncMain"
IDENT "prog"
EQUAL
IDENT "runAsync"
IDENT "prog"
NEWLINE
IDENT "storeResult"
COLON
UPPER "Ref"
LPAREN
UPPER "Option"
IDENT "a"
RPAREN
ARROW
IDENT "a"
ARROW
UPPER "Async"
IDENT "e"
UPPER "Unit"
NEWLINE
IDENT "storeResult"
IDENT "cell"
IDENT "a"
EQUAL
INDENT
IDENT "cell"
COLONEQ
UPPER "Some"
IDENT "a"
NEWLINE
UPPER "Done"
LPAREN
RPAREN
NEWLINE
DEDENT
NEWLINE
IDENT "schedule"
COLON
UPPER "Ref"
LPAREN
UPPER "List"
LPAREN
UPPER "Async"
IDENT "e"
UPPER "Unit"
RPAREN
RPAREN
ARROW
INDENT
UPPER "Ref"
LPAREN
UPPER "List"
LPAREN
UPPER "List"
UPPER "Wait"
COMMA
UPPER "Unit"
ARROW
LT
IDENT "e"
GT
UPPER "Async"
IDENT "e"
UPPER "Unit"
RPAREN
RPAREN
ARROW
LT
UPPER "Clock"
COMMA
UPPER "Net"
STRING "_"
PIPE
IDENT "e"
GT
UPPER "Unit"
NEWLINE
DEDENT
NEWLINE
IDENT "schedule"
IDENT "queue"
IDENT "parked"
EQUAL
MATCH
BANG
IDENT "queue"
INDENT
IDENT "t"
CONS
IDENT "rest"
FAT_ARROW
INDENT
IDENT "queue"
COLONEQ
IDENT "rest"
NEWLINE
LET
UNDERSCORE
EQUAL
IDENT "dispatch"
IDENT "queue"
IDENT "parked"
LPAREN
IDENT "stepTask"
IDENT "t"
RPAREN
NEWLINE
IDENT "schedule"
IDENT "queue"
IDENT "parked"
NEWLINE
DEDENT
NEWLINE
LBRACKET
RBRACKET
FAT_ARROW
MATCH
BANG
IDENT "parked"
INDENT
LBRACKET
RBRACKET
FAT_ARROW
LPAREN
RPAREN
NEWLINE
UNDERSCORE
FAT_ARROW
INDENT
LET
UNDERSCORE
EQUAL
IDENT "wakeParked"
IDENT "queue"
IDENT "parked"
NEWLINE
IDENT "schedule"
IDENT "queue"
IDENT "parked"
NEWLINE
DEDENT
NEWLINE
DEDENT
NEWLINE
DEDENT
NEWLINE
IDENT "stepTask"
COLON
UPPER "Async"
IDENT "e"
UPPER "Unit"
ARROW
LT
IDENT "e"
GT
UPPER "Async"
IDENT "e"
UPPER "Unit"
NEWLINE
IDENT "stepTask"
LPAREN
UPPER "Suspend"
IDENT "k"
RPAREN
EQUAL
IDENT "k"
LPAREN
RPAREN
NEWLINE
IDENT "stepTask"
IDENT "other"
EQUAL
IDENT "other"
NEWLINE
IDENT "dispatch"
COLON
UPPER "Ref"
LPAREN
UPPER "List"
LPAREN
UPPER "Async"
IDENT "e"
UPPER "Unit"
RPAREN
RPAREN
ARROW
INDENT
UPPER "Ref"
LPAREN
UPPER "List"
LPAREN
UPPER "List"
UPPER "Wait"
COMMA
UPPER "Unit"
ARROW
LT
IDENT "e"
GT
UPPER "Async"
IDENT "e"
UPPER "Unit"
RPAREN
RPAREN
ARROW
NEWLINE
UPPER "Async"
IDENT "e"
UPPER "Unit"
ARROW
NEWLINE
UPPER "Unit"
NEWLINE
DEDENT
NEWLINE
IDENT "dispatch"
UNDERSCORE
UNDERSCORE
LPAREN
UPPER "Done"
UNDERSCORE
RPAREN
EQUAL
LPAREN
RPAREN
NEWLINE
IDENT "dispatch"
IDENT "queue"
UNDERSCORE
LPAREN
UPPER "Suspend"
IDENT "k"
RPAREN
EQUAL
IDENT "pushBack"
IDENT "queue"
LPAREN
UPPER "Suspend"
IDENT "k"
RPAREN
NEWLINE
IDENT "dispatch"
UNDERSCORE
IDENT "parked"
LPAREN
UPPER "Await"
IDENT "ws"
IDENT "k"
RPAREN
EQUAL
IDENT "parked"
COLONEQ
LPAREN
IDENT "ws"
COMMA
IDENT "k"
RPAREN
CONS
BANG
IDENT "parked"
NEWLINE
IDENT "dispatch"
IDENT "queue"
UNDERSCORE
LPAREN
UPPER "Spawn"
IDENT "child"
IDENT "k"
RPAREN
EQUAL
INDENT
LET
UNDERSCORE
EQUAL
IDENT "pushBack"
IDENT "queue"
IDENT "child"
NEWLINE
IDENT "pushBack"
IDENT "queue"
LPAREN
UPPER "Suspend"
IDENT "k"
RPAREN
NEWLINE
DEDENT
NEWLINE
IDENT "pushBack"
COLON
UPPER "Ref"
LPAREN
UPPER "List"
LPAREN
UPPER "Async"
IDENT "e"
UPPER "Unit"
RPAREN
RPAREN
ARROW
UPPER "Async"
IDENT "e"
UPPER "Unit"
ARROW
UPPER "Unit"
NEWLINE
IDENT "pushBack"
IDENT "queue"
IDENT "t"
EQUAL
IDENT "queue"
COLONEQ
BANG
IDENT "queue"
PLUSPLUS
LBRACKET
IDENT "t"
RBRACKET
NEWLINE
IDENT "wakeParked"
COLON
UPPER "Ref"
LPAREN
UPPER "List"
LPAREN
UPPER "Async"
IDENT "e"
UPPER "Unit"
RPAREN
RPAREN
ARROW
INDENT
UPPER "Ref"
LPAREN
UPPER "List"
LPAREN
UPPER "List"
UPPER "Wait"
COMMA
UPPER "Unit"
ARROW
LT
IDENT "e"
GT
UPPER "Async"
IDENT "e"
UPPER "Unit"
RPAREN
RPAREN
ARROW
LT
UPPER "Clock"
COMMA
UPPER "Net"
STRING "_"
GT
UPPER "Unit"
NEWLINE
DEDENT
NEWLINE
IDENT "wakeParked"
IDENT "queue"
IDENT "parked"
EQUAL
INDENT
LET
IDENT "now"
EQUAL
IDENT "monotonicSec"
LPAREN
RPAREN
NEWLINE
LET
LPAREN
IDENT "ready"
COMMA
IDENT "waiting"
RPAREN
EQUAL
IDENT "partition"
LPAREN
IDENT "p"
FAT_ARROW
IDENT "isReady"
IDENT "now"
IDENT "p"
RPAREN
BANG
IDENT "parked"
NEWLINE
MATCH
IDENT "ready"
INDENT
UNDERSCORE
CONS
UNDERSCORE
FAT_ARROW
INDENT
IDENT "parked"
COLONEQ
IDENT "waiting"
NEWLINE
IDENT "requeue"
IDENT "queue"
IDENT "ready"
NEWLINE
DEDENT
NEWLINE
LBRACKET
RBRACKET
FAT_ARROW
MATCH
IDENT "fdWaitsOf"
IDENT "waiting"
INDENT
LBRACKET
RBRACKET
FAT_ARROW
MATCH
IDENT "earliestDeadline"
IDENT "waiting"
INDENT
UPPER "Some"
IDENT "t"
FAT_ARROW
IDENT "sleepMs"
LPAREN
IDENT "millisUntil"
IDENT "now"
IDENT "t"
RPAREN
NEWLINE
UPPER "None"
FAT_ARROW
INDENT
IDENT "panic"
STRING "async: every remaining task is waiting on a task that can never finish (deadlock)"
NEWLINE
DEDENT
NEWLINE
DEDENT
NEWLINE
IDENT "fdWaits"
FAT_ARROW
INDENT
LET
IDENT "timeout"
EQUAL
MATCH
IDENT "earliestDeadline"
IDENT "waiting"
INDENT
UPPER "Some"
IDENT "t"
FAT_ARROW
IDENT "millisUntil"
IDENT "now"
IDENT "t"
NEWLINE
UPPER "None"
FAT_ARROW
MINUS_TIGHT
INT 1
NEWLINE
DEDENT
NEWLINE
MATCH
LPAREN
IDENT "ioPoll"
LPAREN
IDENT "fromList"
LPAREN
IDENT "map"
IDENT "pollFd"
IDENT "fdWaits"
RPAREN
RPAREN
LPAREN
IDENT "fromList"
LPAREN
IDENT "map"
IDENT "pollInterest"
IDENT "fdWaits"
RPAREN
RPAREN
IDENT "timeout"
RPAREN
INDENT
UPPER "Err"
IDENT "e"
FAT_ARROW
IDENT "panic"
LPAREN
STRING "async: poll failed: "
PLUSPLUS
IDENT "e"
RPAREN
NEWLINE
UPPER "Ok"
IDENT "readiness"
FAT_ARROW
INDENT
LET
IDENT "satisfied"
EQUAL
IDENT "satisfiedWaits"
IDENT "fdWaits"
LPAREN
IDENT "toList"
IDENT "readiness"
RPAREN
NEWLINE
LET
LPAREN
IDENT "woke"
COMMA
IDENT "still"
RPAREN
EQUAL
INDENT
IDENT "partition"
LPAREN
IDENT "p"
FAT_ARROW
IDENT "any"
LPAREN
IDENT "w"
FAT_ARROW
IDENT "waitSatisfied"
IDENT "satisfied"
IDENT "w"
RPAREN
LPAREN
IDENT "fst"
IDENT "p"
RPAREN
RPAREN
IDENT "waiting"
NEWLINE
DEDENT
NEWLINE
IDENT "parked"
COLONEQ
IDENT "still"
NEWLINE
IDENT "requeue"
IDENT "queue"
IDENT "woke"
NEWLINE
DEDENT
NEWLINE
DEDENT
NEWLINE
DEDENT
NEWLINE
DEDENT
NEWLINE
DEDENT
NEWLINE
DEDENT
NEWLINE
IDENT "millisUntil"
COLON
UPPER "Float"
ARROW
UPPER "Float"
ARROW
UPPER "Int"
NEWLINE
IDENT "millisUntil"
IDENT "now"
IDENT "t"
EQUAL
IDENT "max"
INT 0
LPAREN
IDENT "floatToInt"
LPAREN
LPAREN
IDENT "t"
MINUS
IDENT "now"
RPAREN
STAR
FLOAT 1000.0
RPAREN
PLUS
INT 1
RPAREN
NEWLINE
IDENT "fdWaitsOf"
COLON
UPPER "List"
LPAREN
UPPER "List"
UPPER "Wait"
COMMA
UPPER "Unit"
ARROW
LT
IDENT "e"
GT
UPPER "Async"
IDENT "e"
UPPER "Unit"
RPAREN
ARROW
UPPER "List"
UPPER "Wait"
NEWLINE
IDENT "fdWaitsOf"
LBRACKET
RBRACKET
EQUAL
LBRACKET
RBRACKET
NEWLINE
IDENT "fdWaitsOf"
LPAREN
LPAREN
IDENT "ws"
COMMA
UNDERSCORE
RPAREN
CONS
IDENT "rest"
RPAREN
EQUAL
IDENT "filter"
IDENT "isFdWait"
IDENT "ws"
PLUSPLUS
IDENT "fdWaitsOf"
IDENT "rest"
NEWLINE
IDENT "pollFd"
COLON
UPPER "Wait"
ARROW
UPPER "Int"
NEWLINE
IDENT "pollFd"
LPAREN
UPPER "WaitRead"
IDENT "fd"
RPAREN
EQUAL
IDENT "fd"
NEWLINE
IDENT "pollFd"
LPAREN
UPPER "WaitWrite"
IDENT "fd"
RPAREN
EQUAL
IDENT "fd"
NEWLINE
IDENT "pollFd"
UNDERSCORE
EQUAL
MINUS_TIGHT
INT 1
NEWLINE
IDENT "pollInterest"
COLON
UPPER "Wait"
ARROW
UPPER "Int"
NEWLINE
IDENT "pollInterest"
LPAREN
UPPER "WaitRead"
UNDERSCORE
RPAREN
EQUAL
INT 1
NEWLINE
IDENT "pollInterest"
LPAREN
UPPER "WaitWrite"
UNDERSCORE
RPAREN
EQUAL
INT 2
NEWLINE
IDENT "pollInterest"
UNDERSCORE
EQUAL
INT 0
NEWLINE
IDENT "satisfiedWaits"
COLON
UPPER "List"
UPPER "Wait"
ARROW
UPPER "List"
UPPER "Int"
ARROW
UPPER "List"
UPPER "Wait"
NEWLINE
IDENT "satisfiedWaits"
LPAREN
IDENT "w"
CONS
IDENT "ws"
RPAREN
LPAREN
IDENT "r"
CONS
IDENT "rs"
RPAREN
EQUAL
INDENT
IF
IDENT "r"
EQ_EQ
INT 0
THEN
IDENT "satisfiedWaits"
IDENT "ws"
IDENT "rs"
ELSE
IDENT "w"
CONS
IDENT "satisfiedWaits"
IDENT "ws"
IDENT "rs"
NEWLINE
DEDENT
NEWLINE
IDENT "satisfiedWaits"
UNDERSCORE
UNDERSCORE
EQUAL
LBRACKET
RBRACKET
NEWLINE
IDENT "waitSatisfied"
COLON
UPPER "List"
UPPER "Wait"
ARROW
UPPER "Wait"
ARROW
UPPER "Bool"
NEWLINE
IDENT "waitSatisfied"
IDENT "sat"
LPAREN
UPPER "WaitRead"
IDENT "fd"
RPAREN
EQUAL
IDENT "any"
LPAREN
IDENT "w"
FAT_ARROW
IDENT "isReadOf"
IDENT "fd"
IDENT "w"
RPAREN
IDENT "sat"
NEWLINE
IDENT "waitSatisfied"
IDENT "sat"
LPAREN
UPPER "WaitWrite"
IDENT "fd"
RPAREN
EQUAL
IDENT "any"
LPAREN
IDENT "w"
FAT_ARROW
IDENT "isWriteOf"
IDENT "fd"
IDENT "w"
RPAREN
IDENT "sat"
NEWLINE
IDENT "waitSatisfied"
UNDERSCORE
UNDERSCORE
EQUAL
UPPER "False"
NEWLINE
IDENT "isReadOf"
COLON
UPPER "Int"
ARROW
UPPER "Wait"
ARROW
UPPER "Bool"
NEWLINE
IDENT "isReadOf"
IDENT "fd"
LPAREN
UPPER "WaitRead"
IDENT "x"
RPAREN
EQUAL
IDENT "x"
EQ_EQ
IDENT "fd"
NEWLINE
IDENT "isReadOf"
UNDERSCORE
UNDERSCORE
EQUAL
UPPER "False"
NEWLINE
IDENT "isWriteOf"
COLON
UPPER "Int"
ARROW
UPPER "Wait"
ARROW
UPPER "Bool"
NEWLINE
IDENT "isWriteOf"
IDENT "fd"
LPAREN
UPPER "WaitWrite"
IDENT "x"
RPAREN
EQUAL
IDENT "x"
EQ_EQ
IDENT "fd"
NEWLINE
IDENT "isWriteOf"
UNDERSCORE
UNDERSCORE
EQUAL
UPPER "False"
NEWLINE
IDENT "requeue"
COLON
UPPER "Ref"
LPAREN
UPPER "List"
LPAREN
UPPER "Async"
IDENT "e"
UPPER "Unit"
RPAREN
RPAREN
ARROW
INDENT
UPPER "List"
LPAREN
UPPER "List"
UPPER "Wait"
COMMA
UPPER "Unit"
ARROW
LT
IDENT "e"
GT
UPPER "Async"
IDENT "e"
UPPER "Unit"
RPAREN
ARROW
NEWLINE
UPPER "Unit"
NEWLINE
DEDENT
NEWLINE
IDENT "requeue"
UNDERSCORE
LBRACKET
RBRACKET
EQUAL
LPAREN
RPAREN
NEWLINE
IDENT "requeue"
IDENT "queue"
LPAREN
LPAREN
UNDERSCORE
COMMA
IDENT "k"
RPAREN
CONS
IDENT "rest"
RPAREN
EQUAL
INDENT
LET
UNDERSCORE
EQUAL
IDENT "pushBack"
IDENT "queue"
LPAREN
UPPER "Suspend"
IDENT "k"
RPAREN
NEWLINE
IDENT "requeue"
IDENT "queue"
IDENT "rest"
NEWLINE
DEDENT
NEWLINE
IDENT "isReady"
COLON
UPPER "Float"
ARROW
LPAREN
UPPER "List"
UPPER "Wait"
COMMA
UPPER "Unit"
ARROW
LT
IDENT "e"
GT
UPPER "Async"
IDENT "e"
UPPER "Unit"
RPAREN
ARROW
UPPER "Bool"
NEWLINE
IDENT "isReady"
IDENT "now"
LPAREN
IDENT "ws"
COMMA
UNDERSCORE
RPAREN
EQUAL
IDENT "any"
LPAREN
IDENT "w"
FAT_ARROW
IDENT "waitReady"
IDENT "now"
IDENT "w"
RPAREN
IDENT "ws"
NEWLINE
IDENT "waitReady"
COLON
UPPER "Float"
ARROW
UPPER "Wait"
ARROW
UPPER "Bool"
NEWLINE
IDENT "waitReady"
IDENT "now"
LPAREN
UPPER "WaitUntil"
IDENT "t"
RPAREN
EQUAL
IDENT "t"
LEQ
IDENT "now"
NEWLINE
IDENT "waitReady"
UNDERSCORE
LPAREN
UPPER "WaitFlag"
IDENT "r"
RPAREN
EQUAL
BANG
IDENT "r"
NEWLINE
IDENT "waitReady"
UNDERSCORE
UNDERSCORE
EQUAL
UPPER "False"
NEWLINE
IDENT "isFdWait"
COLON
UPPER "Wait"
ARROW
UPPER "Bool"
NEWLINE
IDENT "isFdWait"
LPAREN
UPPER "WaitRead"
UNDERSCORE
RPAREN
EQUAL
UPPER "True"
NEWLINE
IDENT "isFdWait"
LPAREN
UPPER "WaitWrite"
UNDERSCORE
RPAREN
EQUAL
UPPER "True"
NEWLINE
IDENT "isFdWait"
UNDERSCORE
EQUAL
UPPER "False"
NEWLINE
IDENT "earliestDeadline"
COLON
UPPER "List"
LPAREN
UPPER "List"
UPPER "Wait"
COMMA
UPPER "Unit"
ARROW
LT
IDENT "e"
GT
UPPER "Async"
IDENT "e"
UPPER "Unit"
RPAREN
ARROW
UPPER "Option"
UPPER "Float"
NEWLINE
IDENT "earliestDeadline"
LBRACKET
RBRACKET
EQUAL
UPPER "None"
NEWLINE
IDENT "earliestDeadline"
LPAREN
LPAREN
IDENT "ws"
COMMA
UNDERSCORE
RPAREN
CONS
IDENT "rest"
RPAREN
EQUAL
INDENT
IDENT "minDeadline"
LPAREN
IDENT "deadlinesOf"
IDENT "ws"
RPAREN
LPAREN
IDENT "earliestDeadline"
IDENT "rest"
RPAREN
NEWLINE
DEDENT
NEWLINE
IDENT "deadlinesOf"
COLON
UPPER "List"
UPPER "Wait"
ARROW
UPPER "Option"
UPPER "Float"
NEWLINE
IDENT "deadlinesOf"
LBRACKET
RBRACKET
EQUAL
UPPER "None"
NEWLINE
IDENT "deadlinesOf"
LPAREN
LPAREN
UPPER "WaitUntil"
IDENT "t"
RPAREN
CONS
IDENT "rest"
RPAREN
EQUAL
IDENT "minDeadline"
LPAREN
UPPER "Some"
IDENT "t"
RPAREN
LPAREN
IDENT "deadlinesOf"
IDENT "rest"
RPAREN
NEWLINE
IDENT "deadlinesOf"
LPAREN
UNDERSCORE
CONS
IDENT "rest"
RPAREN
EQUAL
IDENT "deadlinesOf"
IDENT "rest"
NEWLINE
IDENT "minDeadline"
COLON
UPPER "Option"
UPPER "Float"
ARROW
UPPER "Option"
UPPER "Float"
ARROW
UPPER "Option"
UPPER "Float"
NEWLINE
IDENT "minDeadline"
UPPER "None"
IDENT "b"
EQUAL
IDENT "b"
NEWLINE
IDENT "minDeadline"
IDENT "a"
UPPER "None"
EQUAL
IDENT "a"
NEWLINE
IDENT "minDeadline"
LPAREN
UPPER "Some"
IDENT "x"
RPAREN
LPAREN
UPPER "Some"
IDENT "y"
RPAREN
EQUAL
UPPER "Some"
LPAREN
IDENT "min"
IDENT "x"
IDENT "y"
RPAREN
NEWLINE
NEWLINE
EOF