NEWLINE
IMPORT
IDENT "array"
DOT_LBRACE
IDENT "get"
COMMA
IDENT "fromList"
RBRACE
NEWLINE
IMPORT
IDENT "string"
DOT_LBRACE
IDENT "toUtf8"
COMMA
IDENT "fromUtf8"
COMMA
IDENT "toChars"
RBRACE
NEWLINE
IDENT "byteAt"
COLON
UPPER "Int"
ARROW
UPPER "Array"
UPPER "Int"
ARROW
UPPER "Int"
NEWLINE
IDENT "byteAt"
IDENT "i"
IDENT "arr"
EQUAL
MATCH
IDENT "get"
IDENT "i"
IDENT "arr"
INDENT
UPPER "Some"
IDENT "b"
FAT_ARROW
IDENT "b"
NEWLINE
UPPER "None"
FAT_ARROW
IDENT "panic"
STRING "base64: index out of bounds"
NEWLINE
DEDENT
NEWLINE
IDENT "charAt"
COLON
UPPER "Int"
ARROW
UPPER "Array"
UPPER "Char"
ARROW
UPPER "Char"
NEWLINE
IDENT "charAt"
IDENT "i"
IDENT "arr"
EQUAL
MATCH
IDENT "get"
IDENT "i"
IDENT "arr"
INDENT
UPPER "Some"
IDENT "c"
FAT_ARROW
IDENT "c"
NEWLINE
UPPER "None"
FAT_ARROW
IDENT "panic"
STRING "base64: index out of bounds"
NEWLINE
DEDENT
NEWLINE
IDENT "b64Char"
COLON
UPPER "Int"
ARROW
UPPER "Bool"
ARROW
UPPER "Char"
NEWLINE
IDENT "b64Char"
IDENT "n"
IDENT "urlSafe"
INDENT
PIPE
IDENT "n"
LT
INT 26
EQUAL
IDENT "charOrFallback"
LPAREN
IDENT "charFromCode"
LPAREN
IDENT "n"
PLUS
INT 65
RPAREN
RPAREN
NEWLINE
PIPE
IDENT "n"
LT
INT 52
EQUAL
IDENT "charOrFallback"
LPAREN
IDENT "charFromCode"
LPAREN
IDENT "n"
PLUS
INT 97
MINUS
INT 26
RPAREN
RPAREN
NEWLINE
PIPE
IDENT "n"
LT
INT 62
EQUAL
IDENT "charOrFallback"
LPAREN
IDENT "charFromCode"
LPAREN
IDENT "n"
PLUS
INT 48
MINUS
INT 52
RPAREN
RPAREN
NEWLINE
PIPE
IDENT "n"
EQ_EQ
INT 62
EQUAL
IF
IDENT "urlSafe"
THEN
CHAR "-"
ELSE
CHAR "+"
NEWLINE
PIPE
IDENT "otherwise"
EQUAL
IF
IDENT "urlSafe"
THEN
CHAR "_"
ELSE
CHAR "/"
NEWLINE
DEDENT
NEWLINE
IDENT "charOrFallback"
COLON
UPPER "Option"
UPPER "Char"
ARROW
UPPER "Char"
NEWLINE
IDENT "charOrFallback"
LPAREN
UPPER "Some"
IDENT "c"
RPAREN
EQUAL
IDENT "c"
NEWLINE
IDENT "charOrFallback"
UPPER "None"
EQUAL
CHAR "?"
NEWLINE
IDENT "b64Val"
COLON
UPPER "Char"
ARROW
UPPER "Bool"
ARROW
UPPER "Option"
UPPER "Int"
NEWLINE
IDENT "b64Val"
IDENT "c"
IDENT "urlSafe"
EQUAL
INDENT
LET
IDENT "n"
EQUAL
IDENT "charCode"
IDENT "c"
NEWLINE
IF
IDENT "n"
GEQ
INT 65
AND
IDENT "n"
LEQ
INT 90
THEN
UPPER "Some"
LPAREN
IDENT "n"
MINUS
INT 65
RPAREN
ELSE
IF
IDENT "n"
GEQ
INT 97
AND
IDENT "n"
LEQ
INT 122
THEN
UPPER "Some"
LPAREN
IDENT "n"
MINUS
INT 97
PLUS
INT 26
RPAREN
ELSE
IF
IDENT "n"
GEQ
INT 48
AND
IDENT "n"
LEQ
INT 57
THEN
UPPER "Some"
LPAREN
IDENT "n"
MINUS
INT 48
PLUS
INT 52
RPAREN
ELSE
IF
IDENT "urlSafe"
AND
IDENT "c"
EQ_EQ
CHAR "-"
THEN
UPPER "Some"
INT 62
ELSE
IF
IDENT "urlSafe"
AND
IDENT "c"
EQ_EQ
CHAR "_"
THEN
UPPER "Some"
INT 63
ELSE
IF
IDENT "not"
IDENT "urlSafe"
AND
IDENT "c"
EQ_EQ
CHAR "+"
THEN
UPPER "Some"
INT 62
ELSE
IF
IDENT "not"
IDENT "urlSafe"
AND
IDENT "c"
EQ_EQ
CHAR "/"
THEN
UPPER "Some"
INT 63
ELSE
UPPER "None"
NEWLINE
DEDENT
NEWLINE
IDENT "encodeGo"
COLON
UPPER "Array"
UPPER "Int"
ARROW
UPPER "Int"
ARROW
UPPER "Int"
ARROW
UPPER "Bool"
ARROW
UPPER "List"
UPPER "Char"
ARROW
UPPER "List"
UPPER "Char"
NEWLINE
IDENT "encodeGo"
IDENT "bytes"
IDENT "i"
IDENT "n"
IDENT "urlSafe"
IDENT "acc"
INDENT
PIPE
IDENT "i"
GEQ
IDENT "n"
EQUAL
IDENT "acc"
NEWLINE
PIPE
IDENT "otherwise"
EQUAL
INDENT
LET
IDENT "remain"
EQUAL
IDENT "n"
MINUS
IDENT "i"
NEWLINE
LET
IDENT "b0"
EQUAL
IDENT "byteAt"
IDENT "i"
IDENT "bytes"
NEWLINE
LET
IDENT "b1"
EQUAL
IF
IDENT "remain"
GT
INT 1
THEN
IDENT "byteAt"
LPAREN
IDENT "i"
PLUS
INT 1
RPAREN
IDENT "bytes"
ELSE
INT 0
NEWLINE
LET
IDENT "b2"
EQUAL
IF
IDENT "remain"
GT
INT 2
THEN
IDENT "byteAt"
LPAREN
IDENT "i"
PLUS
INT 2
RPAREN
IDENT "bytes"
ELSE
INT 0
NEWLINE
LET
IDENT "c0"
EQUAL
IDENT "shiftRight"
IDENT "b0"
INT 2
NEWLINE
LET
IDENT "c1"
EQUAL
IDENT "bitOr"
LPAREN
IDENT "shiftLeft"
LPAREN
IDENT "bitAnd"
IDENT "b0"
INT 3
RPAREN
INT 4
RPAREN
LPAREN
IDENT "shiftRight"
IDENT "b1"
INT 4
RPAREN
NEWLINE
LET
IDENT "c2"
EQUAL
IDENT "bitOr"
LPAREN
IDENT "shiftLeft"
LPAREN
IDENT "bitAnd"
IDENT "b1"
INT 15
RPAREN
INT 2
RPAREN
LPAREN
IDENT "shiftRight"
IDENT "b2"
INT 6
RPAREN
NEWLINE
LET
IDENT "c3"
EQUAL
IDENT "bitAnd"
IDENT "b2"
INT 63
NEWLINE
LET
IDENT "ch0"
EQUAL
IDENT "b64Char"
IDENT "c0"
IDENT "urlSafe"
NEWLINE
LET
IDENT "ch1"
EQUAL
IDENT "b64Char"
IDENT "c1"
IDENT "urlSafe"
NEWLINE
LET
IDENT "ch2"
EQUAL
IF
IDENT "remain"
GT
INT 1
THEN
IDENT "b64Char"
IDENT "c2"
IDENT "urlSafe"
ELSE
CHAR "="
NEWLINE
LET
IDENT "ch3"
EQUAL
IF
IDENT "remain"
GT
INT 2
THEN
IDENT "b64Char"
IDENT "c3"
IDENT "urlSafe"
ELSE
CHAR "="
NEWLINE
IDENT "encodeGo"
IDENT "bytes"
LPAREN
IDENT "i"
PLUS
INT 3
RPAREN
IDENT "n"
IDENT "urlSafe"
LPAREN
IDENT "acc"
PLUSPLUS
LBRACKET
IDENT "ch0"
COMMA
IDENT "ch1"
COMMA
IDENT "ch2"
COMMA
IDENT "ch3"
RBRACKET
RPAREN
NEWLINE
DEDENT
NEWLINE
DEDENT
NEWLINE
EXPORT
NEWLINE
IDENT "encode"
COLON
UPPER "Array"
UPPER "Int"
ARROW
UPPER "String"
NEWLINE
IDENT "encode"
IDENT "bytes"
EQUAL
INDENT
IDENT "stringFromChars"
LPAREN
IDENT "arrayFromList"
LPAREN
IDENT "encodeGo"
IDENT "bytes"
INT 0
LPAREN
IDENT "arrayLength"
IDENT "bytes"
RPAREN
UPPER "False"
LBRACKET
RBRACKET
RPAREN
RPAREN
NEWLINE
DEDENT
NEWLINE
EXPORT
NEWLINE
IDENT "encodeUrlSafe"
COLON
UPPER "Array"
UPPER "Int"
ARROW
UPPER "String"
NEWLINE
IDENT "encodeUrlSafe"
IDENT "bytes"
EQUAL
INDENT
IDENT "stringFromChars"
LPAREN
IDENT "arrayFromList"
LPAREN
IDENT "encodeGo"
IDENT "bytes"
INT 0
LPAREN
IDENT "arrayLength"
IDENT "bytes"
RPAREN
UPPER "True"
LBRACKET
RBRACKET
RPAREN
RPAREN
NEWLINE
DEDENT
NEWLINE
EXPORT
NEWLINE
IDENT "encodeString"
COLON
UPPER "String"
ARROW
UPPER "String"
NEWLINE
IDENT "encodeString"
IDENT "s"
EQUAL
IDENT "encode"
LPAREN
IDENT "toUtf8"
IDENT "s"
RPAREN
NEWLINE
DATA
UPPER "Tok"
EQUAL
UPPER "TokVal"
UPPER "Int"
PIPE
UPPER "TokPad"
PIPE
UPPER "TokBad"
NEWLINE
IDENT "tok"
COLON
UPPER "Char"
ARROW
UPPER "Bool"
ARROW
UPPER "Tok"
NEWLINE
IDENT "tok"
IDENT "c"
IDENT "urlSafe"
EQUAL
INDENT
IF
IDENT "c"
EQ_EQ
CHAR "="
THEN
UPPER "TokPad"
ELSE
MATCH
IDENT "b64Val"
IDENT "c"
IDENT "urlSafe"
INDENT
UPPER "Some"
IDENT "v"
FAT_ARROW
UPPER "TokVal"
IDENT "v"
NEWLINE
UPPER "None"
FAT_ARROW
UPPER "TokBad"
NEWLINE
DEDENT
NEWLINE
DEDENT
NEWLINE
IDENT "decodeQuad"
COLON
UPPER "Char"
ARROW
UPPER "Char"
ARROW
UPPER "Char"
ARROW
UPPER "Char"
ARROW
UPPER "Bool"
ARROW
UPPER "Bool"
ARROW
UPPER "Result"
UPPER "String"
LPAREN
UPPER "List"
UPPER "Int"
RPAREN
NEWLINE
IDENT "decodeQuad"
IDENT "c0"
IDENT "c1"
IDENT "c2"
IDENT "c3"
IDENT "urlSafe"
IDENT "isLast"
EQUAL
MATCH
LPAREN
IDENT "b64Val"
IDENT "c0"
IDENT "urlSafe"
COMMA
IDENT "b64Val"
IDENT "c1"
IDENT "urlSafe"
COMMA
IDENT "tok"
IDENT "c2"
IDENT "urlSafe"
COMMA
IDENT "tok"
IDENT "c3"
IDENT "urlSafe"
RPAREN
INDENT
LPAREN
UPPER "Some"
IDENT "a"
COMMA
UPPER "Some"
IDENT "b"
COMMA
UPPER "TokVal"
IDENT "c"
COMMA
UPPER "TokVal"
IDENT "d"
RPAREN
FAT_ARROW
UPPER "Ok"
LBRACKET
IDENT "bitOr"
LPAREN
IDENT "shiftLeft"
IDENT "a"
INT 2
RPAREN
LPAREN
IDENT "shiftRight"
IDENT "b"
INT 4
RPAREN
COMMA
IDENT "bitOr"
LPAREN
IDENT "shiftLeft"
LPAREN
IDENT "bitAnd"
IDENT "b"
INT 15
RPAREN
INT 4
RPAREN
LPAREN
IDENT "shiftRight"
IDENT "c"
INT 2
RPAREN
COMMA
IDENT "bitOr"
LPAREN
IDENT "shiftLeft"
LPAREN
IDENT "bitAnd"
IDENT "c"
INT 3
RPAREN
INT 6
RPAREN
IDENT "d"
COMMA
RBRACKET
NEWLINE
LPAREN
UPPER "Some"
IDENT "a"
COMMA
UPPER "Some"
IDENT "b"
COMMA
UPPER "TokVal"
IDENT "c"
COMMA
UPPER "TokPad"
RPAREN
FAT_ARROW
INDENT
IF
IDENT "isLast"
THEN
INDENT
UPPER "Ok"
LBRACKET
IDENT "bitOr"
LPAREN
IDENT "shiftLeft"
IDENT "a"
INT 2
RPAREN
LPAREN
IDENT "shiftRight"
IDENT "b"
INT 4
RPAREN
COMMA
IDENT "bitOr"
LPAREN
IDENT "shiftLeft"
LPAREN
IDENT "bitAnd"
IDENT "b"
INT 15
RPAREN
INT 4
RPAREN
LPAREN
IDENT "shiftRight"
IDENT "c"
INT 2
RPAREN
COMMA
RBRACKET
NEWLINE
DEDENT
ELSE
INDENT
UPPER "Err"
STRING "base64.decode: misplaced padding"
NEWLINE
DEDENT
NEWLINE
DEDENT
NEWLINE
LPAREN
UPPER "Some"
IDENT "a"
COMMA
UPPER "Some"
IDENT "b"
COMMA
UPPER "TokPad"
COMMA
UPPER "TokPad"
RPAREN
FAT_ARROW
INDENT
IF
IDENT "isLast"
THEN
INDENT
UPPER "Ok"
LBRACKET
IDENT "bitOr"
LPAREN
IDENT "shiftLeft"
IDENT "a"
INT 2
RPAREN
LPAREN
IDENT "shiftRight"
IDENT "b"
INT 4
RPAREN
RBRACKET
NEWLINE
DEDENT
ELSE
INDENT
UPPER "Err"
STRING "base64.decode: misplaced padding"
NEWLINE
DEDENT
NEWLINE
DEDENT
NEWLINE
UNDERSCORE
FAT_ARROW
UPPER "Err"
STRING "base64.decode: invalid character or padding"
NEWLINE
DEDENT
NEWLINE
IDENT "decodeGo"
COLON
UPPER "Array"
UPPER "Char"
ARROW
UPPER "Int"
ARROW
UPPER "Int"
ARROW
UPPER "Bool"
ARROW
UPPER "List"
UPPER "Int"
ARROW
UPPER "Result"
UPPER "String"
LPAREN
UPPER "List"
UPPER "Int"
RPAREN
NEWLINE
IDENT "decodeGo"
IDENT "chars"
IDENT "i"
IDENT "n"
IDENT "urlSafe"
IDENT "acc"
INDENT
PIPE
IDENT "i"
GEQ
IDENT "n"
EQUAL
UPPER "Ok"
IDENT "acc"
NEWLINE
PIPE
IDENT "otherwise"
EQUAL
INDENT
LET
IDENT "isLast"
EQUAL
IDENT "i"
PLUS
INT 4
EQ_EQ
IDENT "n"
NEWLINE
MATCH
IDENT "decodeQuad"
LPAREN
IDENT "charAt"
IDENT "i"
IDENT "chars"
RPAREN
LPAREN
IDENT "charAt"
LPAREN
IDENT "i"
PLUS
INT 1
RPAREN
IDENT "chars"
RPAREN
LPAREN
IDENT "charAt"
LPAREN
IDENT "i"
PLUS
INT 2
RPAREN
IDENT "chars"
RPAREN
LPAREN
IDENT "charAt"
LPAREN
IDENT "i"
PLUS
INT 3
RPAREN
IDENT "chars"
RPAREN
IDENT "urlSafe"
IDENT "isLast"
INDENT
UPPER "Err"
IDENT "e"
FAT_ARROW
UPPER "Err"
IDENT "e"
NEWLINE
UPPER "Ok"
IDENT "bytes"
FAT_ARROW
IDENT "decodeGo"
IDENT "chars"
LPAREN
IDENT "i"
PLUS
INT 4
RPAREN
IDENT "n"
IDENT "urlSafe"
LPAREN
IDENT "acc"
PLUSPLUS
IDENT "bytes"
RPAREN
NEWLINE
DEDENT
NEWLINE
DEDENT
NEWLINE
DEDENT
NEWLINE
IDENT "decodeWith"
COLON
UPPER "String"
ARROW
UPPER "Bool"
ARROW
UPPER "Result"
UPPER "String"
LPAREN
UPPER "Array"
UPPER "Int"
RPAREN
NEWLINE
IDENT "decodeWith"
IDENT "s"
IDENT "urlSafe"
EQUAL
INDENT
LET
IDENT "chars"
EQUAL
IDENT "toChars"
IDENT "s"
NEWLINE
LET
IDENT "n"
EQUAL
IDENT "arrayLength"
IDENT "chars"
NEWLINE
IF
IDENT "n"
MOD
INT 4
NEQ
INT 0
THEN
INDENT
UPPER "Err"
STRING "base64.decode: length not a multiple of 4"
NEWLINE
DEDENT
ELSE
INDENT
IDENT "map"
IDENT "arrayFromList"
LPAREN
IDENT "decodeGo"
IDENT "chars"
INT 0
IDENT "n"
IDENT "urlSafe"
LBRACKET
RBRACKET
RPAREN
NEWLINE
DEDENT
NEWLINE
DEDENT
NEWLINE
EXPORT
NEWLINE
IDENT "decode"
COLON
UPPER "String"
ARROW
UPPER "Result"
UPPER "String"
LPAREN
UPPER "Array"
UPPER "Int"
RPAREN
NEWLINE
IDENT "decode"
IDENT "s"
EQUAL
IDENT "decodeWith"
IDENT "s"
UPPER "False"
NEWLINE
EXPORT
NEWLINE
IDENT "decodeUrlSafe"
COLON
UPPER "String"
ARROW
UPPER "Result"
UPPER "String"
LPAREN
UPPER "Array"
UPPER "Int"
RPAREN
NEWLINE
IDENT "decodeUrlSafe"
IDENT "s"
EQUAL
IDENT "decodeWith"
IDENT "s"
UPPER "True"
NEWLINE
EXPORT
NEWLINE
IDENT "decodeString"
COLON
UPPER "String"
ARROW
UPPER "Result"
UPPER "String"
UPPER "String"
NEWLINE
IDENT "decodeString"
IDENT "s"
EQUAL
IDENT "map"
IDENT "fromUtf8"
LPAREN
IDENT "decode"
IDENT "s"
RPAREN
NEWLINE
IDENT "toByteArray"
COLON
UPPER "List"
UPPER "Int"
ARROW
UPPER "Array"
UPPER "Int"
NEWLINE
IDENT "toByteArray"
IDENT "xs"
EQUAL
IDENT "arrayFromList"
LPAREN
IDENT "map"
LPAREN
IDENT "b"
FAT_ARROW
LPAREN
IDENT "b"
MOD
INT 256
PLUS
INT 256
RPAREN
MOD
INT 256
RPAREN
IDENT "xs"
RPAREN
NEWLINE
PROP
STRING "base64 round-trip: decode (encode bs) == Ok bs"
LPAREN
IDENT "xs"
COLON
UPPER "List"
UPPER "Int"
RPAREN
EQUAL
INDENT
LET
IDENT "bs"
EQUAL
IDENT "toByteArray"
IDENT "xs"
NEWLINE
IDENT "decode"
LPAREN
IDENT "encode"
IDENT "bs"
RPAREN
EQ_EQ
UPPER "Ok"
IDENT "bs"
NEWLINE
DEDENT
NEWLINE
PROP
STRING "base64 url-safe round-trip: decodeUrlSafe (encodeUrlSafe bs) == Ok bs"
LPAREN
IDENT "xs"
COLON
UPPER "List"
UPPER "Int"
RPAREN
EQUAL
INDENT
LET
IDENT "bs"
EQUAL
IDENT "toByteArray"
IDENT "xs"
NEWLINE
IDENT "decodeUrlSafe"
LPAREN
IDENT "encodeUrlSafe"
IDENT "bs"
RPAREN
EQ_EQ
UPPER "Ok"
IDENT "bs"
NEWLINE
DEDENT
NEWLINE
PROP
STRING "base64 encoded length is a multiple of 4"
LPAREN
IDENT "xs"
COLON
UPPER "List"
UPPER "Int"
RPAREN
EQUAL
INDENT
LET
IDENT "bs"
EQUAL
IDENT "toByteArray"
IDENT "xs"
NEWLINE
IDENT "stringLength"
LPAREN
IDENT "encode"
IDENT "bs"
RPAREN
MOD
INT 4
EQ_EQ
INT 0
NEWLINE
DEDENT
NEWLINE
NEWLINE
EOF