running doctests in stdlib/bytebuilder.mdk
  ok   stdlib/bytebuilder.mdk:47: let buf = newBuilder () in let _ = emitBytes [0, 128, 255] buf in debug (buildBytes buf)
  ok   stdlib/bytebuilder.mdk:49: let buf = newBuilder () in let _ = emitU32BE 0x01020304 buf in debug (buildBytes buf) == debug (buildArray buf)
  ok   stdlib/bytebuilder.mdk:98: let buf = newBuilder () in let _ = appendBytes (toUtf8Bytes "hi") buf in let _ = appendBytes (toUtf8Bytes "!") buf in debug (buildBytes buf)
  ok   stdlib/bytebuilder.mdk:100: let buf = newBuilder () in let _ = appendBytes (toUtf8Bytes "") buf in debug (buildBytes buf)
  ok   stdlib/bytebuilder.mdk:128: let buf = newBuilder () in let _ = appendBytes (toUtf8Bytes "hey") buf in let (_, n) = builderParts buf in n
  ok   stdlib/bytebuilder.mdk:253: runByteParser (beUint 1) (build1 (emitU8 0))
  ok   stdlib/bytebuilder.mdk:255: runByteParser (beUint 1) (build1 (emitU8 255))
  ok   stdlib/bytebuilder.mdk:257: runByteParser (beUint 1) (build1 (emitU8 127))
  ok   stdlib/bytebuilder.mdk:263: runByteParser (beUint 1) (build1 (emitU8 300))
  ok   stdlib/bytebuilder.mdk:265: runByteParser (beUint 1) (build1 (emitU8 (-1)))
  ok   stdlib/bytebuilder.mdk:269: runByteParser (beUint 2) (build1 (emitU16BE 0))
  ok   stdlib/bytebuilder.mdk:271: runByteParser (beUint 2) (build1 (emitU16BE 256))
  ok   stdlib/bytebuilder.mdk:273: runByteParser (beUint 2) (build1 (emitU16BE 65535))
  ok   stdlib/bytebuilder.mdk:275: runByteParser (beUint 2) (build1 (emitU16BE 258))
  ok   stdlib/bytebuilder.mdk:279: runByteParser (beUint 3) (build1 (emitU24BE 0))
  ok   stdlib/bytebuilder.mdk:281: runByteParser (beUint 3) (build1 (emitU24BE 16777215))
  ok   stdlib/bytebuilder.mdk:283: runByteParser (beUint 3) (build1 (emitU24BE 65536))
  ok   stdlib/bytebuilder.mdk:287: runByteParser (beUint 4) (build1 (emitU32BE 0))
  ok   stdlib/bytebuilder.mdk:289: runByteParser (beUint 4) (build1 (emitU32BE 4294967295))
  ok   stdlib/bytebuilder.mdk:291: runByteParser (beUint 4) (build1 (emitU32BE 1048576))
  ok   stdlib/bytebuilder.mdk:295: runByteParser (leUint 2) (build1 (emitU16LE 0))
  ok   stdlib/bytebuilder.mdk:297: runByteParser (leUint 2) (build1 (emitU16LE 256))
  ok   stdlib/bytebuilder.mdk:299: runByteParser (leUint 2) (build1 (emitU16LE 65535))
  ok   stdlib/bytebuilder.mdk:301: runByteParser (leUint 2) (build1 (emitU16LE 258))
  ok   stdlib/bytebuilder.mdk:305: runByteParser (leUint 3) (build1 (emitU24LE 0))
  ok   stdlib/bytebuilder.mdk:307: runByteParser (leUint 3) (build1 (emitU24LE 16777215))
  ok   stdlib/bytebuilder.mdk:309: runByteParser (leUint 3) (build1 (emitU24LE 65536))
  ok   stdlib/bytebuilder.mdk:313: runByteParser (leUint 4) (build1 (emitU32LE 0))
  ok   stdlib/bytebuilder.mdk:315: runByteParser (leUint 4) (build1 (emitU32LE 4294967295))
  ok   stdlib/bytebuilder.mdk:317: runByteParser (leUint 4) (build1 (emitU32LE 1048576))
  ok   stdlib/bytebuilder.mdk:322: runByteParser (takeBytes 2) (build1 (emitU16LE 0x0102))
  ok   stdlib/bytebuilder.mdk:324: runByteParser (takeBytes 2) (build1 (emitU16BE 0x0102))
  ok   stdlib/bytebuilder.mdk:326: runByteParser (takeBytes 4) (build1 (emitU32LE 0x01020304))
  ok   stdlib/bytebuilder.mdk:328: runByteParser (takeBytes 4) (build1 (emitU32BE 0x01020304))
  ok   stdlib/bytebuilder.mdk:332: runByteParser (takeBytes 3) (build1 (emitBytes [10, 20, 30]))
  ok   stdlib/bytebuilder.mdk:334: runByteParser (takeBytes 0) (build1 (emitBytes []))
  ok   stdlib/bytebuilder.mdk:336: runByteParser (takeBytes 4) (build1 (emitBytes [0, 128, 255, 1]))
  ok   stdlib/bytebuilder.mdk:340: runByteParser (beSint 1) (build1 (emitBeSint 1 127))
  ok   stdlib/bytebuilder.mdk:342: runByteParser (beSint 1) (build1 (emitBeSint 1 (-1)))
  ok   stdlib/bytebuilder.mdk:344: runByteParser (beSint 1) (build1 (emitBeSint 1 (-128)))
  ok   stdlib/bytebuilder.mdk:346: runByteParser (beSint 1) (build1 (emitBeSint 1 0))
  ok   stdlib/bytebuilder.mdk:350: runByteParser (beSint 2) (build1 (emitBeSint 2 32767))
  ok   stdlib/bytebuilder.mdk:352: runByteParser (beSint 2) (build1 (emitBeSint 2 (-32768)))
  ok   stdlib/bytebuilder.mdk:354: runByteParser (beSint 2) (build1 (emitBeSint 2 (-1)))
  ok   stdlib/bytebuilder.mdk:358: runByteParser (beSint 4) (build1 (emitBeSint 4 2147483647))
  ok   stdlib/bytebuilder.mdk:360: runByteParser (beSint 4) (build1 (emitBeSint 4 (-2147483648)))
  ok   stdlib/bytebuilder.mdk:362: runByteParser (beSint 4) (build1 (emitBeSint 4 (-1)))
  ok   stdlib/bytebuilder.mdk:366: runByteParser (beUint 1) (build1 (emitBeUint 1 0))
  ok   stdlib/bytebuilder.mdk:368: runByteParser (beUint 1) (build1 (emitBeUint 1 255))
  ok   stdlib/bytebuilder.mdk:370: runByteParser (beUint 2) (build1 (emitBeUint 2 256))
  ok   stdlib/bytebuilder.mdk:372: runByteParser (beUint 3) (build1 (emitBeUint 3 65536))
  ok   stdlib/bytebuilder.mdk:374: runByteParser (beUint 4) (build1 (emitBeUint 4 4294967295))
  ok   stdlib/bytebuilder.mdk:378: runByteParser (leSint 1) (build1 (emitLeSint 1 127))
  ok   stdlib/bytebuilder.mdk:380: runByteParser (leSint 1) (build1 (emitLeSint 1 (-1)))
  ok   stdlib/bytebuilder.mdk:382: runByteParser (leSint 1) (build1 (emitLeSint 1 (-128)))
  ok   stdlib/bytebuilder.mdk:384: runByteParser (leSint 1) (build1 (emitLeSint 1 0))
  ok   stdlib/bytebuilder.mdk:388: runByteParser (leSint 2) (build1 (emitLeSint 2 32767))
  ok   stdlib/bytebuilder.mdk:390: runByteParser (leSint 2) (build1 (emitLeSint 2 (-32768)))
  ok   stdlib/bytebuilder.mdk:392: runByteParser (leSint 2) (build1 (emitLeSint 2 (-1)))
  ok   stdlib/bytebuilder.mdk:396: runByteParser (leSint 4) (build1 (emitLeSint 4 2147483647))
  ok   stdlib/bytebuilder.mdk:398: runByteParser (leSint 4) (build1 (emitLeSint 4 (-2147483648)))
  ok   stdlib/bytebuilder.mdk:400: runByteParser (leSint 4) (build1 (emitLeSint 4 (-1)))
  ok   stdlib/bytebuilder.mdk:404: runByteParser (leUint 1) (build1 (emitLeUint 1 0))
  ok   stdlib/bytebuilder.mdk:406: runByteParser (leUint 1) (build1 (emitLeUint 1 255))
  ok   stdlib/bytebuilder.mdk:408: runByteParser (leUint 2) (build1 (emitLeUint 2 256))
  ok   stdlib/bytebuilder.mdk:410: runByteParser (leUint 3) (build1 (emitLeUint 3 65536))
  ok   stdlib/bytebuilder.mdk:412: runByteParser (leUint 4) (build1 (emitLeUint 4 4294967295))

stdlib/bytebuilder.mdk: 67/67 passed
stdlib/bytebuilder.mdk:424: Testing "emitU16LE/leUint 2 round-trip" ... OK (100 tests)
stdlib/bytebuilder.mdk:431: Testing "emitU32LE/leUint 4 round-trip" ... OK (100 tests)
stdlib/bytebuilder.mdk:439: Testing "emitLeSint 2/leSint 2 round-trip" ... OK (100 tests)
stdlib/bytebuilder.mdk:448: Testing "emitU16BE reversed bytes, leUint agrees with beUint" ... OK (100 tests)

4 passed, 0 failed
