running doctests in stdlib/byteparser.mdk
  ok   stdlib/byteparser.mdk:132: runByteParser (orElse (byte 1) (byte 2)) (fromU8Array [|2|])
  ok   stdlib/byteparser.mdk:149: runByteParser (satisfy (b => b == 65)) (fromU8Array [|65, 66, 67|])
  ok   stdlib/byteparser.mdk:151: runByteParser (satisfy (b => b == 65)) (fromU8Array [|99|])
  ok   stdlib/byteparser.mdk:166: runByteParser anyByte (fromU8Array [|42|])
  ok   stdlib/byteparser.mdk:174: runByteParser (byte 0xFF) (fromU8Array [|255, 0|])
  ok   stdlib/byteparser.mdk:176: runByteParser (byte 0x00) (fromU8Array [|1|])
  ok   stdlib/byteparser.mdk:184: runByteParser eof (fromU8Array [||])
  ok   stdlib/byteparser.mdk:186: runByteParser eof (fromU8Array [|1|])
  ok   stdlib/byteparser.mdk:211: runByteParser (many (byte 1)) (fromU8Array [|1, 1, 1, 2|])
  ok   stdlib/byteparser.mdk:228: runByteParser (some (byte 2)) (fromU8Array [|2, 2, 3|])
  ok   stdlib/byteparser.mdk:230: runByteParser (some (byte 2)) (fromU8Array [|3|])
  ok   stdlib/byteparser.mdk:256: runByteParser (optional (byte 5)) (fromU8Array [|5|])
  ok   stdlib/byteparser.mdk:258: runByteParser (optional (byte 5)) (fromU8Array [|9|])
  ok   stdlib/byteparser.mdk:308: runByteParser (takeBytes 3) (fromU8Array [|10, 20, 30, 40|])
  ok   stdlib/byteparser.mdk:327: runByteParser (beUint 2) (fromU8Array [|1, 2|])
  ok   stdlib/byteparser.mdk:329: runByteParser (beUint 1) (fromU8Array [|255|])
  ok   stdlib/byteparser.mdk:331: runByteParser (beUint 4) (fromU8Array [|0, 0, 1, 0|])
  ok   stdlib/byteparser.mdk:333: runByteParser (beUint 8) (fromU8Array [|64, 0, 0, 0, 0, 0, 0, 0|])
  ok   stdlib/byteparser.mdk:355: runByteParser (beSint 1) (fromU8Array [|255|])
  ok   stdlib/byteparser.mdk:357: runByteParser (beSint 1) (fromU8Array [|127|])
  ok   stdlib/byteparser.mdk:359: runByteParser (beSint 2) (fromU8Array [|255, 255|])
  ok   stdlib/byteparser.mdk:361: runByteParser (beSint 2) (fromU8Array [|0, 1|])
  ok   stdlib/byteparser.mdk:363: runByteParser (beSint 9) (fromU8Array [|255, 255, 255, 255, 255, 255, 255, 255, 254|])
  ok   stdlib/byteparser.mdk:399: runByteParser beFloat64 (fromU8Array [|63, 248, 0, 0, 0, 0, 0, 0|])
  ok   stdlib/byteparser.mdk:401: runByteParser beFloat64 (fromU8Array [|192, 0, 0, 0, 0, 0, 0, 0|])
  ok   stdlib/byteparser.mdk:414: runByteParser (leUint 2) (fromU8Array [|2, 1|])
  ok   stdlib/byteparser.mdk:416: runByteParser (leUint 1) (fromU8Array [|255|])
  ok   stdlib/byteparser.mdk:418: runByteParser (leUint 4) (fromU8Array [|0, 1, 0, 0|])
  ok   stdlib/byteparser.mdk:442: runByteParser (leSint 1) (fromU8Array [|255|])
  ok   stdlib/byteparser.mdk:444: runByteParser (leSint 1) (fromU8Array [|127|])
  ok   stdlib/byteparser.mdk:446: runByteParser (leSint 2) (fromU8Array [|255, 255|])
  ok   stdlib/byteparser.mdk:448: runByteParser (leSint 2) (fromU8Array [|1, 0|])
  ok   stdlib/byteparser.mdk:465: runByteParser leFloat64 (fromU8Array [|0, 0, 0, 0, 0, 0, 248, 63|])
  ok   stdlib/byteparser.mdk:467: runByteParser leFloat64 (fromU8Array [|0, 0, 0, 0, 0, 0, 0, 192|])
  ok   stdlib/byteparser.mdk:480: runByteParser beU16 (fromU8Array [|1, 2|])
  ok   stdlib/byteparser.mdk:491: runByteParser beU32 (fromU8Array [|255, 255, 255, 255|])
  ok   stdlib/byteparser.mdk:503: runByteParser beU64 (fromU8Array [|255, 255, 255, 255, 255, 255, 255, 255|])
  ok   stdlib/byteparser.mdk:519: runByteParser leU16 (fromU8Array [|2, 1|])
  ok   stdlib/byteparser.mdk:530: runByteParser leU32 (fromU8Array [|4, 3, 2, 1|])
  ok   stdlib/byteparser.mdk:541: runByteParser leU64 (fromU8Array [|21, 124, 74, 127, 185, 121, 55, 158|])
  ok   stdlib/byteparser.mdk:569: runByteParser (byte 42) (fromU8Array [|42|])
  ok   stdlib/byteparser.mdk:571: runByteParser (byte 42) (fromU8Array [|7|])
  ok   stdlib/byteparser.mdk:587: runByteParserWithin 1 3 (many anyByte) (fromU8Array [|10, 20, 30, 40|])
  ok   stdlib/byteparser.mdk:589: runByteParserWithin 0 1 beU16 (fromU8Array [|1, 2|])

stdlib/byteparser.mdk: 44/44 passed
