running doctests in stdlib/hash_map.mdk
  ok   stdlib/hash_map.mdk:55: size (new () : HashMap Int Int)
  ok   stdlib/hash_map.mdk:65: size (fromList [(1, 10), (2, 20), (1, 30)])
  ok   stdlib/hash_map.mdk:74: size (fromList [(1, 1), (2, 2), (3, 3), (4, 4), (5, 5), (6, 6), (7, 7), (8, 8)])
  ok   stdlib/hash_map.mdk:87: size (fromList [(1, 10), (2, 20)])
  ok   stdlib/hash_map.mdk:95: isEmpty (new () : HashMap Int Int)
  ok   stdlib/hash_map.mdk:103: get 2 (fromList [(1, 10), (2, 20)])
  ok   stdlib/hash_map.mdk:105: get 9 (fromList [(1, 10), (2, 20)])
  ok   stdlib/hash_map.mdk:115: has 2 (fromList [(1, 10), (2, 20)])
  ok   stdlib/hash_map.mdk:123: findWithDefault 0 9 (fromList [(1, 10)])
  ok   stdlib/hash_map.mdk:254: entries (fromList [(5, 50)])
  ok   stdlib/hash_map.mdk:263: keys (fromList [(5, 50)])
  ok   stdlib/hash_map.mdk:271: values (fromList [(5, 50)])
  ok   stdlib/hash_map.mdk:284: toList (fromList [(5, 50)])
  ok   stdlib/hash_map.mdk:286: length (fromList [(1, 10), (2, 20)])
  ok   stdlib/hash_map.mdk:288: isEmpty (fromList [(1, 10)] : HashMap Int Int)
  ok   stdlib/hash_map.mdk:290: elem 20 (fromList [(1, 10), (2, 20)])
  ok   stdlib/hash_map.mdk:292: sum (fromList [(1, 10), (2, 20)])
  ok   stdlib/hash_map.mdk:310: eq (fromList [(1, 10), (2, 20)]) (fromList [(2, 20), (1, 10)])
  ok   stdlib/hash_map.mdk:337: display (fromList [(2, 20), (1, 10)])
  ok   stdlib/hash_map.mdk:339: display (new () : HashMap Int Int)
  ok   stdlib/hash_map.mdk:351: (fromList [(1, 10), (2, 20)])[2]

stdlib/hash_map.mdk: 21/21 passed
stdlib/hash_map.mdk:366: Testing "Display HashMap is layout-independent" ... OK (100 tests)
stdlib/hash_map.mdk:373: Testing "Display HashMap agrees with Eq and lists keys ascending" ... OK (100 tests)
stdlib/hash_map.mdk:388: Testing "Index HashMap agrees with get on present keys" ... OK (100 tests)

3 passed, 0 failed
