NEWLINE
IMPORT
IDENT "array"
DOT_LBRACE
IDENT "get"
COMMA
IDENT "fromList"
RBRACE
NEWLINE
IMPORT
IDENT "string"
DOT_LBRACE
IDENT "fromDigit"
COMMA
IDENT "toDigit"
COMMA
IDENT "toUtf8"
COMMA
IDENT "fromUtf8"
COMMA
IDENT "toChars"
RBRACE
NEWLINE
IDENT "byteAt"
COLON
UPPER "Int"
ARROW
UPPER "Array"
UPPER "Int"
ARROW
UPPER "Int"
NEWLINE
IDENT "byteAt"
IDENT "i"
IDENT "arr"
EQUAL
MATCH
IDENT "get"
IDENT "i"
IDENT "arr"
INDENT
UPPER "Some"
IDENT "b"
FAT_ARROW
IDENT "b"
NEWLINE
UPPER "None"
FAT_ARROW
IDENT "panic"
STRING "hex: index out of bounds"
NEWLINE
DEDENT
NEWLINE
IDENT "charAt"
COLON
UPPER "Int"
ARROW
UPPER "Array"
UPPER "Char"
ARROW
UPPER "Char"
NEWLINE
IDENT "charAt"
IDENT "i"
IDENT "arr"
EQUAL
MATCH
IDENT "get"
IDENT "i"
IDENT "arr"
INDENT
UPPER "Some"
IDENT "c"
FAT_ARROW
IDENT "c"
NEWLINE
UPPER "None"
FAT_ARROW
IDENT "panic"
STRING "hex: index out of bounds"
NEWLINE
DEDENT
NEWLINE
IDENT "digitChar"
COLON
UPPER "Int"
ARROW
UPPER "Bool"
ARROW
UPPER "Char"
NEWLINE
IDENT "digitChar"
IDENT "n"
IDENT "upper"
EQUAL
INDENT
IF
IDENT "upper"
THEN
MATCH
IDENT "toDigit"
IDENT "n"
INDENT
UPPER "Some"
IDENT "c"
FAT_ARROW
IDENT "charToUpper"
IDENT "c"
NEWLINE
UPPER "None"
FAT_ARROW
CHAR "?"
NEWLINE
DEDENT
ELSE
MATCH
IDENT "toDigit"
IDENT "n"
INDENT
UPPER "Some"
IDENT "c"
FAT_ARROW
IDENT "c"
NEWLINE
UPPER "None"
FAT_ARROW
CHAR "?"
NEWLINE
DEDENT
NEWLINE
DEDENT
NEWLINE
IDENT "byteToHexChars"
COLON
UPPER "Int"
ARROW
UPPER "Bool"
ARROW
LPAREN
UPPER "Char"
COMMA
UPPER "Char"
RPAREN
NEWLINE
IDENT "byteToHexChars"
IDENT "b"
IDENT "upper"
EQUAL
INDENT
LET
IDENT "masked"
EQUAL
IDENT "bitAnd"
IDENT "b"
INT 255
NEWLINE
LET
IDENT "hi"
EQUAL
IDENT "shiftRight"
IDENT "masked"
INT 4
NEWLINE
LET
IDENT "lo"
EQUAL
IDENT "bitAnd"
IDENT "masked"
INT 15
NEWLINE
LPAREN
IDENT "digitChar"
IDENT "hi"
IDENT "upper"
COMMA
IDENT "digitChar"
IDENT "lo"
IDENT "upper"
RPAREN
NEWLINE
DEDENT
NEWLINE
IDENT "encodeGo"
COLON
UPPER "Array"
UPPER "Int"
ARROW
UPPER "Int"
ARROW
UPPER "Bool"
ARROW
UPPER "List"
UPPER "Char"
ARROW
UPPER "List"
UPPER "Char"
NEWLINE
IDENT "encodeGo"
IDENT "bytes"
IDENT "i"
IDENT "upper"
IDENT "acc"
INDENT
PIPE
IDENT "i"
LT
INT 0
EQUAL
IDENT "acc"
NEWLINE
PIPE
IDENT "otherwise"
EQUAL
INDENT
LET
LPAREN
IDENT "hi"
COMMA
IDENT "lo"
RPAREN
EQUAL
IDENT "byteToHexChars"
LPAREN
IDENT "byteAt"
IDENT "i"
IDENT "bytes"
RPAREN
IDENT "upper"
NEWLINE
IDENT "encodeGo"
IDENT "bytes"
LPAREN
IDENT "i"
MINUS
INT 1
RPAREN
IDENT "upper"
LPAREN
IDENT "hi"
CONS
IDENT "lo"
CONS
IDENT "acc"
RPAREN
NEWLINE
DEDENT
NEWLINE
DEDENT
NEWLINE
EXPORT
NEWLINE
IDENT "encode"
COLON
UPPER "Array"
UPPER "Int"
ARROW
UPPER "String"
NEWLINE
IDENT "encode"
IDENT "bytes"
EQUAL
INDENT
IDENT "stringFromChars"
LPAREN
IDENT "arrayFromList"
LPAREN
IDENT "encodeGo"
IDENT "bytes"
LPAREN
IDENT "arrayLength"
IDENT "bytes"
MINUS
INT 1
RPAREN
UPPER "False"
LBRACKET
RBRACKET
RPAREN
RPAREN
NEWLINE
DEDENT
NEWLINE
EXPORT
NEWLINE
IDENT "encodeUpper"
COLON
UPPER "Array"
UPPER "Int"
ARROW
UPPER "String"
NEWLINE
IDENT "encodeUpper"
IDENT "bytes"
EQUAL
INDENT
IDENT "stringFromChars"
LPAREN
IDENT "arrayFromList"
LPAREN
IDENT "encodeGo"
IDENT "bytes"
LPAREN
IDENT "arrayLength"
IDENT "bytes"
MINUS
INT 1
RPAREN
UPPER "True"
LBRACKET
RBRACKET
RPAREN
RPAREN
NEWLINE
DEDENT
NEWLINE
EXPORT
NEWLINE
IDENT "encodeString"
COLON
UPPER "String"
ARROW
UPPER "String"
NEWLINE
IDENT "encodeString"
IDENT "s"
EQUAL
IDENT "encode"
LPAREN
IDENT "toUtf8"
IDENT "s"
RPAREN
NEWLINE
IDENT "decodeGo"
COLON
UPPER "Array"
UPPER "Char"
ARROW
UPPER "Int"
ARROW
UPPER "Int"
ARROW
UPPER "List"
UPPER "Int"
ARROW
UPPER "Result"
UPPER "String"
LPAREN
UPPER "List"
UPPER "Int"
RPAREN
NEWLINE
IDENT "decodeGo"
IDENT "chars"
IDENT "i"
IDENT "n"
IDENT "acc"
INDENT
PIPE
IDENT "i"
GEQ
IDENT "n"
EQUAL
UPPER "Ok"
IDENT "acc"
NEWLINE
PIPE
IDENT "otherwise"
EQUAL
MATCH
IDENT "fromDigit"
LPAREN
IDENT "charAt"
IDENT "i"
IDENT "chars"
RPAREN
INDENT
UPPER "None"
FAT_ARROW
UPPER "Err"
STRING "hex.decode: invalid hex digit"
NEWLINE
UPPER "Some"
IDENT "hi"
FAT_ARROW
MATCH
IDENT "fromDigit"
LPAREN
IDENT "charAt"
LPAREN
IDENT "i"
PLUS
INT 1
RPAREN
IDENT "chars"
RPAREN
INDENT
UPPER "None"
FAT_ARROW
UPPER "Err"
STRING "hex.decode: invalid hex digit"
NEWLINE
UPPER "Some"
IDENT "lo"
FAT_ARROW
IDENT "decodeGo"
IDENT "chars"
LPAREN
IDENT "i"
PLUS
INT 2
RPAREN
IDENT "n"
LPAREN
IDENT "acc"
PLUSPLUS
LBRACKET
IDENT "hi"
STAR
INT 16
PLUS
IDENT "lo"
RBRACKET
RPAREN
NEWLINE
DEDENT
NEWLINE
DEDENT
NEWLINE
DEDENT
NEWLINE
EXPORT
NEWLINE
IDENT "decode"
COLON
UPPER "String"
ARROW
UPPER "Result"
UPPER "String"
LPAREN
UPPER "Array"
UPPER "Int"
RPAREN
NEWLINE
IDENT "decode"
IDENT "s"
EQUAL
INDENT
LET
IDENT "chars"
EQUAL
IDENT "toChars"
IDENT "s"
NEWLINE
LET
IDENT "n"
EQUAL
IDENT "arrayLength"
IDENT "chars"
NEWLINE
IF
IDENT "isOdd"
IDENT "n"
THEN
INDENT
UPPER "Err"
STRING "hex.decode: odd-length input"
NEWLINE
DEDENT
ELSE
INDENT
IDENT "map"
IDENT "arrayFromList"
LPAREN
IDENT "decodeGo"
IDENT "chars"
INT 0
IDENT "n"
LBRACKET
RBRACKET
RPAREN
NEWLINE
DEDENT
NEWLINE
DEDENT
NEWLINE
EXPORT
NEWLINE
IDENT "decodeString"
COLON
UPPER "String"
ARROW
UPPER "Result"
UPPER "String"
UPPER "String"
NEWLINE
IDENT "decodeString"
IDENT "s"
EQUAL
IDENT "map"
IDENT "fromUtf8"
LPAREN
IDENT "decode"
IDENT "s"
RPAREN
NEWLINE
IDENT "toByteArray"
COLON
UPPER "List"
UPPER "Int"
ARROW
UPPER "Array"
UPPER "Int"
NEWLINE
IDENT "toByteArray"
IDENT "xs"
EQUAL
IDENT "arrayFromList"
LPAREN
IDENT "map"
LPAREN
IDENT "b"
FAT_ARROW
LPAREN
IDENT "b"
MOD
INT 256
PLUS
INT 256
RPAREN
MOD
INT 256
RPAREN
IDENT "xs"
RPAREN
NEWLINE
PROP
STRING "hex round-trip: decode (encode bs) == Ok bs"
LPAREN
IDENT "xs"
COLON
UPPER "List"
UPPER "Int"
RPAREN
EQUAL
INDENT
LET
IDENT "bs"
EQUAL
IDENT "toByteArray"
IDENT "xs"
NEWLINE
IDENT "decode"
LPAREN
IDENT "encode"
IDENT "bs"
RPAREN
EQ_EQ
UPPER "Ok"
IDENT "bs"
NEWLINE
DEDENT
NEWLINE
PROP
STRING "hex encode length is 2x byte length"
LPAREN
IDENT "xs"
COLON
UPPER "List"
UPPER "Int"
RPAREN
EQUAL
INDENT
LET
IDENT "bs"
EQUAL
IDENT "toByteArray"
IDENT "xs"
NEWLINE
IDENT "stringLength"
LPAREN
IDENT "encode"
IDENT "bs"
RPAREN
EQ_EQ
INT 2
STAR
IDENT "arrayLength"
IDENT "bs"
NEWLINE
DEDENT
NEWLINE
NEWLINE
EOF