running doctests in stdlib/json.mdk
  ok   stdlib/json.mdk:50: stringify (jArray [JInt 1, JInt 2, JInt 3])
  ok   stdlib/json.mdk:56: stringify (jArray [])
  ok   stdlib/json.mdk:62: stringify (jObject [("a", JInt 1), ("b", JBool True)])
  ok   stdlib/json.mdk:68: stringify (jObject [])
  ok   stdlib/json.mdk:151: stringify (jObject [("a", JInt 1), ("b", JString "hi")])
  ok   stdlib/json.mdk:153: stringify (JFloat 1000.0)
  ok   stdlib/json.mdk:170: stringify JNull
  ok   stdlib/json.mdk:172: stringify (JArray (arrayFromList [JInt 1, JBool True]))
  ok   stdlib/json.mdk:528: parse "[1, 2, 3]"
  ok   stdlib/json.mdk:530: parse "nope"
  ok   stdlib/json.mdk:536: parse "null"
  ok   stdlib/json.mdk:538: parse "  {\"k\": true}  "
  ok   stdlib/json.mdk:540: parse "\"a\\u0041b\""
  ok   stdlib/json.mdk:542: parse "\"\\uD834\\uDD1E\""
  ok   stdlib/json.mdk:544: parse "\"\\uD834\""
  ok   stdlib/json.mdk:546: parse "\"\\uDC00\""
  ok   stdlib/json.mdk:548: parse "1e+5"
  ok   stdlib/json.mdk:550: parse "6.022e+23" == Ok (JFloat 6.022e23)
  ok   stdlib/json.mdk:552: parse (stringify (JFloat 1000000000000.0)) == Ok (JFloat 1000000000000.0)
  ok   stdlib/json.mdk:554: parse "1e+"
  ok   stdlib/json.mdk:556: parse "1e"
  ok   stdlib/json.mdk:576: get "b" (jObject [("a", JInt 1), ("b", JInt 2)])
  ok   stdlib/json.mdk:578: get "z" (jObject [("a", JInt 1)])
  ok   stdlib/json.mdk:594: at 1 (jArray [JInt 10, JInt 20, JInt 30])
  ok   stdlib/json.mdk:596: at 5 (jArray [JInt 10])
  ok   stdlib/json.mdk:605: at 0 (JInt 1)
  ok   stdlib/json.mdk:610: asString (JString "hi")
  ok   stdlib/json.mdk:612: asString (JInt 1)
  ok   stdlib/json.mdk:621: asInt (JInt 7)
  ok   stdlib/json.mdk:623: asInt JNull
  ok   stdlib/json.mdk:632: asFloat (JFloat 1.5)
  ok   stdlib/json.mdk:634: asFloat (JInt 1)
  ok   stdlib/json.mdk:643: asBool (JBool True)
  ok   stdlib/json.mdk:645: asBool JNull
  ok   stdlib/json.mdk:654: map arrayLength (asArray (jArray [JInt 1, JInt 2]))
  ok   stdlib/json.mdk:656: asArray (JInt 1) == None
  ok   stdlib/json.mdk:663: map JArray (asArray (jArray [JInt 1, JInt 2])) == Some (jArray [JInt 1, JInt 2])
  ok   stdlib/json.mdk:669: map arrayLength (asObject (jObject [("a", JInt 1)]))
  ok   stdlib/json.mdk:671: asObject (JInt 1) == None
  ok   stdlib/json.mdk:678: map JObject (asObject (jObject [("a", JInt 1)])) == Some (jObject [("a", JInt 1)])
  ok   stdlib/json.mdk:701: eq (parse "[1, 2]") (Ok (jArray [JInt 1, JInt 2]))

stdlib/json.mdk: 41/41 passed
Testing "parse-then-stringify round-trips a JInt" ... OK (100 tests)
Testing "parse-then-stringify round-trips a JString (exercises escaping)" ... OK (100 tests)
Testing "parse-then-stringify round-trips a JBool" ... OK (100 tests)
Testing "parse-then-stringify round-trips an int JArray" ... OK (100 tests)
Testing "parse-then-stringify round-trips a JObject" ... OK (100 tests)
Testing "asInt (JInt n) == Some n" ... OK (100 tests)
Testing "asString (JString s) == Some s" ... OK (100 tests)
Testing "asBool (JBool b) == Some b" ... OK (100 tests)
Testing "asFloat (JFloat f) == Some f" ... OK (100 tests)
Testing "asArray recovers a built JArray" ... OK (100 tests)
Testing "asObject recovers a built JObject" ... OK (100 tests)
Testing "asObject rejects every non-object variant" ... OK (100 tests)
Testing "at k recovers the k-th element of a JArray" ... OK (100 tests)
Testing "get finds an inserted key" ... OK (100 tests)

14 passed, 0 failed
