running doctests in stdlib/list.mdk
  ok   stdlib/list.mdk:28: singleton 5
  ok   stdlib/list.mdk:38: range 2 5
  ok   stdlib/list.mdk:44: range 5 5
  ok   stdlib/list.mdk:46: range 5 2
  ok   stdlib/list.mdk:48: range 0 1
  ok   stdlib/list.mdk:57: rangeStep 0 10 3
  ok   stdlib/list.mdk:59: rangeStep 5 0 (-2)
  ok   stdlib/list.mdk:73: rangeStep 0 10 0
  ok   stdlib/list.mdk:75: rangeStep 0 10 (-1)
  ok   stdlib/list.mdk:83: replicate 3 0
  ok   stdlib/list.mdk:89: replicate 0 0
  ok   stdlib/list.mdk:91: take 3 (replicate 30000 1)
  ok   stdlib/list.mdk:110: iterate 4 (n => n * 2) 1
  ok   stdlib/list.mdk:118: iterate 0 (n => n * 2) 1
  ok   stdlib/list.mdk:120: iterate 1 (n => n * 2) 1
  ok   stdlib/list.mdk:128: unfold (n => if n > 5 then None else Some (n, n + 1)) 1
  ok   stdlib/list.mdk:136: unfold (n => if n > 0 then None else Some (n, n + 1)) 1
  ok   stdlib/list.mdk:138: unfold (n => if n > 0 then None else Some (n, n + 1)) 0
  ok   stdlib/list.mdk:145: head [1, 2, 3]
  ok   stdlib/list.mdk:147: head ([] : List Int)
  ok   stdlib/list.mdk:156: tail [1, 2, 3]
  ok   stdlib/list.mdk:158: tail [1]
  ok   stdlib/list.mdk:165: tail ([] : List Int)
  ok   stdlib/list.mdk:170: uncons [1, 2, 3]
  ok   stdlib/list.mdk:177: uncons [1]
  ok   stdlib/list.mdk:179: uncons ([] : List Int)
  ok   stdlib/list.mdk:184: last [1, 2, 3]
  ok   stdlib/list.mdk:192: last ([] : List Int)
  ok   stdlib/list.mdk:197: init [1, 2, 3]
  ok   stdlib/list.mdk:199: init [1]
  ok   stdlib/list.mdk:207: init ([] : List Int)
  ok   stdlib/list.mdk:215: get 1 ["a", "b", "c"]
  ok   stdlib/list.mdk:217: get 5 ["a", "b", "c"]
  ok   stdlib/list.mdk:225: get (-1) [1, 2]
  ok   stdlib/list.mdk:234: reverse [1, 2, 3]
  ok   stdlib/list.mdk:245: intersperse 0 [1, 2, 3]
  ok   stdlib/list.mdk:255: intercalate [0] [[1], [2, 3], [4]]
  ok   stdlib/list.mdk:266: transpose [[1, 2, 3], [4, 5, 6]]
  ok   stdlib/list.mdk:268: transpose [[1, 2], [3], [4, 5, 6]]
  ok   stdlib/list.mdk:282: subsequences [1, 2, 3]
  ok   stdlib/list.mdk:294: permutations [1, 2, 3]
  ok   stdlib/list.mdk:313: scanLeft (acc x => acc + x) 0 [1, 2, 3]
  ok   stdlib/list.mdk:322: scanRight (x acc => x + acc) 0 [1, 2, 3]
  ok   stdlib/list.mdk:335: reduce (x y => x + y) [1, 2, 3, 4]
  ok   stdlib/list.mdk:345: reduce (x y => if x > y then x else y) [3, 1, 2]
  ok   stdlib/list.mdk:347: reduce (x y => x + y) ([] : List Int)
  ok   stdlib/list.mdk:356: maximumBy (x y => compare (x % 10) (y % 10)) [23, 47, 15]
  ok   stdlib/list.mdk:366: maximumBy compare ([] : List Int)
  ok   stdlib/list.mdk:375: minimumBy (x y => compare (x % 10) (y % 10)) [23, 47, 15]
  ok   stdlib/list.mdk:385: minimumBy compare ([] : List Int)
  ok   stdlib/list.mdk:392: findIndex (x => x > 2) [1, 2, 3, 4]
  ok   stdlib/list.mdk:405: findIndices (x => x > 2) [1, 3, 2, 4]
  ok   stdlib/list.mdk:418: elemIndex 3 [1, 2, 3, 2]
  ok   stdlib/list.mdk:426: elemIndices 2 [1, 2, 3, 2]
  ok   stdlib/list.mdk:432: elemIndices 9 [1, 2, 3]
  ok   stdlib/list.mdk:440: lookup 2 [(1, "a"), (2, "b")]
  ok   stdlib/list.mdk:442: lookup 9 [(1, "a"), (2, "b")]
  ok   stdlib/list.mdk:456: findMap (x => if x > 2 then Some (x * 10) else None) [1, 2, 3, 4]
  ok   stdlib/list.mdk:465: findMap (x => if x > 9 then Some x else None) [1, 2, 3]
  ok   stdlib/list.mdk:473: mapWithIndex (i x => i * x) [1, 2, 3]
  ok   stdlib/list.mdk:482: mapWithIndex (i x => i + x) [10, 20]
  ok   stdlib/list.mdk:487: indexed ["a", "b", "c"]
  ok   stdlib/list.mdk:498: mapAccumL (s x => (s + x, s)) 0 [1, 2, 3]
  ok   stdlib/list.mdk:512: mapAccumR (s x => (s + x, s)) 0 [1, 2, 3]
  ok   stdlib/list.mdk:533: insertAt 1 9 [1, 2, 3]
  ok   stdlib/list.mdk:542: insertAt 0 9 [1, 2]
  ok   stdlib/list.mdk:544: insertAt 7 9 [1, 2]
  ok   stdlib/list.mdk:551: updateAt 1 9 [1, 2, 3]
  ok   stdlib/list.mdk:561: updateAt 7 9 [1, 2]
  ok   stdlib/list.mdk:568: removeAt 1 [1, 2, 3]
  ok   stdlib/list.mdk:578: removeAt 7 [1, 2]
  ok   stdlib/list.mdk:585: take 2 [1, 2, 3, 4]
  ok   stdlib/list.mdk:596: drop 2 [1, 2, 3, 4]
  ok   stdlib/list.mdk:607: takeWhile (x => x < 3) [1, 2, 3, 1]
  ok   stdlib/list.mdk:616: takeWhile (x => x < 9) [1, 2, 3]
  ok   stdlib/list.mdk:618: takeWhile (x => x < 0) [1, 2, 3]
  ok   stdlib/list.mdk:620: takeWhile (x => x < 3) ([] : List Int)
  ok   stdlib/list.mdk:625: dropWhile (x => x < 3) [1, 2, 3, 1]
  ok   stdlib/list.mdk:634: dropWhile (x => x < 9) [1, 2, 3]
  ok   stdlib/list.mdk:636: dropWhile (x => x < 0) [1, 2, 3]
  ok   stdlib/list.mdk:638: dropWhile (x => x < 3) ([] : List Int)
  ok   stdlib/list.mdk:645: span (x => x < 3) [1, 2, 3, 1]
  ok   stdlib/list.mdk:654: span (x => x < 9) [1, 2, 3]
  ok   stdlib/list.mdk:656: span (x => x < 0) [1, 2, 3]
  ok   stdlib/list.mdk:658: span (x => x < 3) ([] : List Int)
  ok   stdlib/list.mdk:666: break (x => x > 2) [1, 2, 3, 1]
  ok   stdlib/list.mdk:672: break (x => x > 9) [1, 2, 3]
  ok   stdlib/list.mdk:674: break (x => x > 0) [1, 2, 3]
  ok   stdlib/list.mdk:676: break (x => x > 2) ([] : List Int)
  ok   stdlib/list.mdk:683: splitAt 2 [1, 2, 3, 4]
  ok   stdlib/list.mdk:697: sliceClamped 1 3 [10, 20, 30, 40]
  ok   stdlib/list.mdk:703: sliceClamped 5 9 [1, 2]
  ok   stdlib/list.mdk:711: chunks 2 [1, 2, 3, 4, 5]
  ok   stdlib/list.mdk:720: chunks 0 [1, 2]
  ok   stdlib/list.mdk:725: dropWhileEnd (x => x == 0) [1, 2, 0, 0]
  ok   stdlib/list.mdk:731: dropWhileEnd (x => x == 0) [0, 1, 0]
  ok   stdlib/list.mdk:733: dropWhileEnd (x => x == 0) [0, 0]
  ok   stdlib/list.mdk:738: takeWhileEnd (x => x > 1) [1, 2, 3]
  ok   stdlib/list.mdk:744: takeWhileEnd (x => x > 9) [1, 2, 3]
  ok   stdlib/list.mdk:746: takeWhileEnd (x => x > 0) [1, 2]
  ok   stdlib/list.mdk:755: split [0] [1, 0, 2, 0, 3]
  ok   stdlib/list.mdk:757: split [0] [0, 1]
  ok   stdlib/list.mdk:774: split [0, 0] [1, 0, 0, 2]
  ok   stdlib/list.mdk:776: split [9] [1, 2]
  ok   stdlib/list.mdk:792: startsWith [1, 2] [1, 2, 3]
  ok   stdlib/list.mdk:794: startsWith [2, 3] [1, 2, 3]
  ok   stdlib/list.mdk:802: startsWith ([] : List Int) [1]
  ok   stdlib/list.mdk:807: endsWith [2, 3] [1, 2, 3]
  ok   stdlib/list.mdk:809: endsWith [1, 2] [1, 2, 3]
  ok   stdlib/list.mdk:819: containsSub [2, 3] [1, 2, 3, 4]
  ok   stdlib/list.mdk:821: containsSub [2, 4] [1, 2, 3, 4]
  ok   stdlib/list.mdk:830: containsSub ([] : List Int) [1]
  ok   stdlib/list.mdk:840: sortBy (x y => compare y x) [3, 1, 2]
  ok   stdlib/list.mdk:862: sort [3, 1, 2, 1]
  ok   stdlib/list.mdk:873: sortOn (x => 0 - x) [1, 3, 2]
  ok   stdlib/list.mdk:886: nubBy (x y => x == y) [1, 2, 1, 3, 2]
  ok   stdlib/list.mdk:902: nub [1, 2, 1, 3, 2, 1]
  ok   stdlib/list.mdk:912: deleteBy (x y => x == y) 2 [1, 2, 3, 2]
  ok   stdlib/list.mdk:925: delete 2 [1, 2, 3, 2]
  ok   stdlib/list.mdk:931: delete 9 [1, 2]
  ok   stdlib/list.mdk:944: groupBy (x y => x == y) [1, 1, 2, 3, 3, 3]
  ok   stdlib/list.mdk:955: group [1, 1, 2, 3, 3]
  ok   stdlib/list.mdk:965: partition (x => x > 2) [1, 2, 3, 4]
  ok   stdlib/list.mdk:976: somes [Some 1, None, Some 3]
  ok   stdlib/list.mdk:984: somes ([] : List (Option Int))
  ok   stdlib/list.mdk:989: oks [Ok 1, Err "boom", Ok 3]
  ok   stdlib/list.mdk:999: errs [Ok 1, Err "boom", Ok 3]
  ok   stdlib/list.mdk:1009: partitionResults [Ok 1, Err "boom", Ok 3]
  ok   stdlib/list.mdk:1025: tally [1, 2, 1, 3, 1, 2]
  ok   stdlib/list.mdk:1045: zip [1, 2, 3] [10, 20]
  ok   stdlib/list.mdk:1053: zip [] [1, 2]
  ok   stdlib/list.mdk:1060: zip3 [1, 2] [3, 4] [5, 6]
  ok   stdlib/list.mdk:1069: zip3 [1, 2, 3] [4, 5] [6]
  ok   stdlib/list.mdk:1077: zipWith (x y => x + y) [1, 2, 3] [10, 20, 30]
  ok   stdlib/list.mdk:1085: zipWith (x y => x * y) [1, 2, 3, 4] [10, 20]
  ok   stdlib/list.mdk:1092: zip4 [1, 2] [3, 4] [5, 6] [7, 8]
  ok   stdlib/list.mdk:1102: zip4 [1, 2] [3] [5, 6] [7, 8]
  ok   stdlib/list.mdk:1109: zipWith3 (x y z => x + y + z) [1, 2] [10, 20] [100, 200]
  ok   stdlib/list.mdk:1118: zipWith3 (x y z => x + y + z) [1, 2, 3] [10, 20] [100]
  ok   stdlib/list.mdk:1123: unzip [(1, 2), (3, 4)]
  ok   stdlib/list.mdk:1130: unzip []
  ok   stdlib/list.mdk:1135: unzip3 [(1, 2, 3), (4, 5, 6)]
  ok   stdlib/list.mdk:1143: unzip3 ([] : List (Int, Int, Int))

stdlib/list.mdk: 143/143 passed
stdlib/list.mdk:1157: Testing "reverse is an involution" ... OK (100 tests)
stdlib/list.mdk:1160: Testing "take n ++ drop n recovers the list" ... OK (100 tests)
stdlib/list.mdk:1163: Testing "splitAt agrees with take/drop" ... OK (100 tests)
stdlib/list.mdk:1167: Testing "span ++ recovers the list" ... OK (100 tests)
stdlib/list.mdk:1171: Testing "sort is ascending and length-preserving" ... OK (100 tests)
stdlib/list.mdk:1175: Testing "partition splits by the predicate" ... OK (100 tests)
stdlib/list.mdk:1179: Testing "somes length is at most the input length" ... OK (100 tests)
stdlib/list.mdk:1183: Testing "partitionResults sizes sum to the input length" ... OK (100 tests)
stdlib/list.mdk:1188: Testing "oks/errs agree with partitionResults" ... OK (100 tests)
stdlib/list.mdk:1192: Testing "nub removes all duplicates" ... OK (100 tests)
stdlib/list.mdk:1195: Testing "concat of group recovers the list" ... OK (100 tests)
stdlib/list.mdk:1198: Testing "span prefix all satisfies, and concatenates back" ... OK (100 tests)
stdlib/list.mdk:1202: Testing "takeWhile ++ dropWhile recovers the list" ... OK (100 tests)
stdlib/list.mdk:1205: Testing "break equals span of the negated predicate" ... OK (100 tests)
stdlib/list.mdk:1210: Testing "range length is max 0 (hi - lo)" ... OK (100 tests)

15 passed, 0 failed
