running doctests in stdlib/map.mdk
  ok   stdlib/map.mdk:114: size (singleton 1 "a")
  ok   stdlib/map.mdk:125: keys (fromList [(3, 0), (1, 0), (2, 0)])
  ok   stdlib/map.mdk:127: findWithDefault 0 1 (fromList [(1, 10), (1, 20)])
  ok   stdlib/map.mdk:133: size (Map { 1 => 10, 2 => 20, 3 => 30 })
  ok   stdlib/map.mdk:135: findWithDefault 0 2 (Map { 1 => 10, 2 => 20 })
  ok   stdlib/map.mdk:137: size (Map { } : Map Int Int)
  ok   stdlib/map.mdk:144: size (fromList [(1, 10), (2, 20), (1, 30)])
  ok   stdlib/map.mdk:153: isEmpty (empty : Map Int Int)
  ok   stdlib/map.mdk:162: get 2 (fromList [(1, 10), (2, 20)])
  ok   stdlib/map.mdk:164: get 9 (fromList [(1, 10), (2, 20)])
  ok   stdlib/map.mdk:186: has 2 (fromList [(1, 10), (2, 20)])
  ok   stdlib/map.mdk:188: has 9 (fromList [(1, 10), (2, 20)])
  ok   stdlib/map.mdk:200: findWithDefault 0 2 (fromList [(1, 10), (2, 20)])
  ok   stdlib/map.mdk:202: findWithDefault 0 9 (fromList [(1, 10), (2, 20)])
  ok   stdlib/map.mdk:214: findWithDefault 0 2 (set 2 99 (fromList [(1, 10), (2, 20)]))
  ok   stdlib/map.mdk:229: findWithDefault 0 1 (insertWith (n o => n + o) 1 5 (fromList [(1, 10)]))
  ok   stdlib/map.mdk:243: findWithDefault 0 1 (adjust (n => n * 10) 1 (fromList [(1, 5), (2, 6)]))
  ok   stdlib/map.mdk:259: has 2 (delete 2 (fromList [(1, 10), (2, 20)]))
  ok   stdlib/map.mdk:269: size (delete 9 (fromList [(1, 10), (2, 20)]))
  ok   stdlib/map.mdk:298: minView (fromList [(2, "b"), (1, "a")])
  ok   stdlib/map.mdk:310: maxView (fromList [(2, "b"), (1, "a")])
  ok   stdlib/map.mdk:321: getMin (fromList [(3, 0), (1, 0), (2, 0)])
  ok   stdlib/map.mdk:329: getMax (fromList [(3, 0), (1, 0), (2, 0)])
  ok   stdlib/map.mdk:339: keys (deleteMin (fromList [(3, 0), (1, 0), (2, 0)]))
  ok   stdlib/map.mdk:351: keys (deleteMax (fromList [(3, 0), (1, 0), (2, 0)]))
  ok   stdlib/map.mdk:363: foldrWithKey (k v acc => k :: acc) [] (fromList [(2, 0), (1, 0)])
  ok   stdlib/map.mdk:372: foldlWithKey (acc k v => acc + v) 0 (fromList [(1, 10), (2, 20)])
  ok   stdlib/map.mdk:381: entries (fromList [(2, 20), (1, 10), (3, 30)])
  ok   stdlib/map.mdk:400: entriesFrom (Some "b") (Some 2) (fromList [("a", 1), ("b", 2), ("c", 3), ("d", 4)])
  ok   stdlib/map.mdk:402: entriesFrom (Some "b") (Some 0) (fromList [("a", 1), ("b", 2)])
  ok   stdlib/map.mdk:404: entriesFrom (Some "z") None (fromList [("a", 1), ("b", 2)])
  ok   stdlib/map.mdk:406: entriesFrom None None (fromList [("b", 2), ("a", 1)])
  ok   stdlib/map.mdk:463: keys (fromList [(2, 0), (3, 0), (1, 0)])
  ok   stdlib/map.mdk:471: values (fromList [(2, 20), (1, 10), (3, 30)])
  ok   stdlib/map.mdk:482: values (mapWithKey (k v => k + v) (fromList [(1, 10), (2, 20)]))
  ok   stdlib/map.mdk:573: keys (filterWithKey (k v => v > 15) (fromList [(1, 10), (2, 20), (3, 30)]))
  ok   stdlib/map.mdk:592: findWithDefault 0 1 (union (fromList [(1, 1)]) (fromList [(1, 2), (2, 2)]))
  ok   stdlib/map.mdk:603: size (union (fromList [(1, 1)]) (fromList [(1, 2), (2, 2)]))
  ok   stdlib/map.mdk:608: findWithDefault 0 1 (unionWith (x y => x + y) (fromList [(1, 1)]) (fromList [(1, 2)]))
  ok   stdlib/map.mdk:623: keys (difference (fromList [(1, 0), (2, 0), (3, 0)]) (fromList [(2, 0)]))
  ok   stdlib/map.mdk:636: entries (intersectionWith (x y => x + y) (fromList [(1, 10), (2, 20)]) (fromList [(2, 2), (3, 3)]))
  ok   stdlib/map.mdk:652: entries (intersection (fromList [(1, 10), (2, 20)]) (fromList [(2, 2), (3, 3)]))
  ok   stdlib/map.mdk:662: values (map (n => n * 10) (fromList [(1, 1), (2, 2)]))
  ok   stdlib/map.mdk:684: toList (fromList [(2, 20), (1, 10)])
  ok   stdlib/map.mdk:686: length (fromList [(1, 10), (2, 20)])
  ok   stdlib/map.mdk:688: isEmpty (fromList [(1, 10)] : Map Int Int)
  ok   stdlib/map.mdk:690: elem 20 (fromList [(1, 10), (2, 20)])
  ok   stdlib/map.mdk:692: sum (fromList [(1, 10), (2, 20)])
  ok   stdlib/map.mdk:705: eq (fromList [(1, 10), (2, 20)]) (fromList [(2, 20), (1, 10)])
  ok   stdlib/map.mdk:712: compare (fromList [(1, 10)]) (fromList [(1, 20)])
  ok   stdlib/map.mdk:719: debug (fromList [(1, 10), (2, 20)])
  ok   stdlib/map.mdk:733: display (fromList [(1, 10), (2, 20)])
  ok   stdlib/map.mdk:735: display (empty : Map Int Int)
  ok   stdlib/map.mdk:755: isEmpty (empty : Map Int Int)

stdlib/map.mdk: 54/54 passed
stdlib/map.mdk:798: Testing "fromList builds a well-formed tree" ... OK (100 tests)
stdlib/map.mdk:801: Testing "keys come out strictly ascending" ... OK (100 tests)
stdlib/map.mdk:804: Testing "insert then lookup returns the inserted value" ... OK (100 tests)
stdlib/map.mdk:807: Testing "insert preserves well-formedness" ... OK (100 tests)
stdlib/map.mdk:810: Testing "delete removes the key and preserves well-formedness" ... OK (100 tests)
stdlib/map.mdk:814: Testing "union preserves well-formedness" ... OK (100 tests)
stdlib/map.mdk:817: Testing "union is left-biased on shared keys" ... OK (100 tests)
stdlib/map.mdk:858: Testing "union agrees with naive fold-insert" ... OK (100 tests)
stdlib/map.mdk:863: Testing "union keys stay strictly ascending" ... OK (100 tests)
stdlib/map.mdk:866: Testing "unionWith agrees with naive and stays well-formed" ... OK (100 tests)
stdlib/map.mdk:873: Testing "difference agrees with naive and stays well-formed" ... OK (100 tests)
stdlib/map.mdk:879: Testing "intersectionWith agrees with naive and stays well-formed" ... OK (100 tests)
stdlib/map.mdk:889: Testing "intersection is the left-biased intersectionWith" ... OK (100 tests)
stdlib/map.mdk:895: Testing "intersection keeps exactly the shared keys, with the left value" ... OK (100 tests)
stdlib/map.mdk:907: Testing "Filterable: filterMap Some is the identity" ... OK (100 tests)
stdlib/map.mdk:912: Testing "Filterable: filter agrees with filterWithKey ignoring the key" ... OK (100 tests)
stdlib/map.mdk:917: Testing "filterWithKey agrees with naive and stays well-formed" ... OK (100 tests)
stdlib/map.mdk:923: Testing "splitAt partitions around the key and both halves stay well-formed" ... OK (100 tests)
stdlib/map.mdk:930: Testing "link rebuilds a well-formed map from a split" ... OK (100 tests)
stdlib/map.mdk:935: Testing "link2 rejoins a split without its key" ... OK (100 tests)
stdlib/map.mdk:940: Testing "entriesFrom is the limited run of entries from the start key" ... OK (100 tests)
stdlib/map.mdk:946: Testing "entriesFrom bounded on one side only still agrees with entries" ... OK (100 tests)

22 passed, 0 failed
