running doctests in stdlib/map.mdk
  ok   stdlib/map.mdk:114: size (singleton 1 "a")
  ok   stdlib/map.mdk:125: keys (fromList [(3, 0), (1, 0), (2, 0)])
  ok   stdlib/map.mdk:127: findWithDefault 0 1 (fromList [(1, 10), (1, 20)])
  ok   stdlib/map.mdk:133: size (Map { 1 => 10, 2 => 20, 3 => 30 })
  ok   stdlib/map.mdk:135: findWithDefault 0 2 (Map { 1 => 10, 2 => 20 })
  ok   stdlib/map.mdk:137: size (Map { } : Map Int Int)
  ok   stdlib/map.mdk:144: size (fromList [(1, 10), (2, 20), (1, 30)])
  ok   stdlib/map.mdk:153: isEmpty (empty : Map Int Int)
  ok   stdlib/map.mdk:162: get 2 (fromList [(1, 10), (2, 20)])
  ok   stdlib/map.mdk:164: get 9 (fromList [(1, 10), (2, 20)])
  ok   stdlib/map.mdk:186: has 2 (fromList [(1, 10), (2, 20)])
  ok   stdlib/map.mdk:188: has 9 (fromList [(1, 10), (2, 20)])
  ok   stdlib/map.mdk:200: findWithDefault 0 2 (fromList [(1, 10), (2, 20)])
  ok   stdlib/map.mdk:202: findWithDefault 0 9 (fromList [(1, 10), (2, 20)])
  ok   stdlib/map.mdk:214: findWithDefault 0 2 (set 2 99 (fromList [(1, 10), (2, 20)]))
  ok   stdlib/map.mdk:229: findWithDefault 0 1 (insertWith (n o => n + o) 1 5 (fromList [(1, 10)]))
  ok   stdlib/map.mdk:243: findWithDefault 0 1 (adjust (n => n * 10) 1 (fromList [(1, 5), (2, 6)]))
  ok   stdlib/map.mdk:259: has 2 (delete 2 (fromList [(1, 10), (2, 20)]))
  ok   stdlib/map.mdk:269: size (delete 9 (fromList [(1, 10), (2, 20)]))
  ok   stdlib/map.mdk:298: minView (fromList [(2, "b"), (1, "a")])
  ok   stdlib/map.mdk:310: maxView (fromList [(2, "b"), (1, "a")])
  ok   stdlib/map.mdk:321: getMin (fromList [(3, 0), (1, 0), (2, 0)])
  ok   stdlib/map.mdk:329: getMax (fromList [(3, 0), (1, 0), (2, 0)])
  ok   stdlib/map.mdk:339: keys (deleteMin (fromList [(3, 0), (1, 0), (2, 0)]))
  ok   stdlib/map.mdk:351: keys (deleteMax (fromList [(3, 0), (1, 0), (2, 0)]))
  ok   stdlib/map.mdk:363: foldrWithKey (k v acc => k :: acc) [] (fromList [(2, 0), (1, 0)])
  ok   stdlib/map.mdk:372: foldlWithKey (acc k v => acc + v) 0 (fromList [(1, 10), (2, 20)])
  ok   stdlib/map.mdk:381: toList (fromList [(2, 20), (1, 10), (3, 30)])
  ok   stdlib/map.mdk:389: keys (fromList [(2, 0), (3, 0), (1, 0)])
  ok   stdlib/map.mdk:397: values (fromList [(2, 20), (1, 10), (3, 30)])
  ok   stdlib/map.mdk:408: values (mapWithKey (k v => k + v) (fromList [(1, 10), (2, 20)]))
  ok   stdlib/map.mdk:499: keys (filterWithKey (k v => v > 15) (fromList [(1, 10), (2, 20), (3, 30)]))
  ok   stdlib/map.mdk:518: findWithDefault 0 1 (union (fromList [(1, 1)]) (fromList [(1, 2), (2, 2)]))
  ok   stdlib/map.mdk:529: size (union (fromList [(1, 1)]) (fromList [(1, 2), (2, 2)]))
  ok   stdlib/map.mdk:534: findWithDefault 0 1 (unionWith (x y => x + y) (fromList [(1, 1)]) (fromList [(1, 2)]))
  ok   stdlib/map.mdk:549: keys (difference (fromList [(1, 0), (2, 0), (3, 0)]) (fromList [(2, 0)]))
  ok   stdlib/map.mdk:562: toList (intersectionWith (x y => x + y) (fromList [(1, 10), (2, 20)]) (fromList [(2, 2), (3, 3)]))
  ok   stdlib/map.mdk:578: toList (intersection (fromList [(1, 10), (2, 20)]) (fromList [(2, 2), (3, 3)]))
  ok   stdlib/map.mdk:588: values (map (n => n * 10) (fromList [(1, 1), (2, 2)]))
  ok   stdlib/map.mdk:609: eq (fromList [(1, 10), (2, 20)]) (fromList [(2, 20), (1, 10)])
  ok   stdlib/map.mdk:616: compare (fromList [(1, 10)]) (fromList [(1, 20)])
  ok   stdlib/map.mdk:623: debug (fromList [(1, 10), (2, 20)])
  ok   stdlib/map.mdk:637: display (fromList [(1, 10), (2, 20)])
  ok   stdlib/map.mdk:639: display (empty : Map Int Int)
  ok   stdlib/map.mdk:659: isEmpty (empty : Map Int Int)

stdlib/map.mdk: 45/45 passed
stdlib/map.mdk:702: Testing "fromList builds a well-formed tree" ... OK (100 tests)
stdlib/map.mdk:705: Testing "keys come out strictly ascending" ... OK (100 tests)
stdlib/map.mdk:708: Testing "insert then lookup returns the inserted value" ... OK (100 tests)
stdlib/map.mdk:711: Testing "insert preserves well-formedness" ... OK (100 tests)
Testing "delete removes the key and preserves well-formedness" ... OK (100 tests)
stdlib/map.mdk:718: Testing "union preserves well-formedness" ... OK (100 tests)
Testing "union is left-biased on shared keys" ... OK (100 tests)
Testing "union agrees with naive fold-insert" ... OK (100 tests)
stdlib/map.mdk:767: Testing "union keys stay strictly ascending" ... OK (100 tests)
Testing "unionWith agrees with naive and stays well-formed" ... OK (100 tests)
Testing "difference agrees with naive and stays well-formed" ... OK (100 tests)
Testing "intersectionWith agrees with naive and stays well-formed" ... OK (100 tests)
Testing "intersection is the left-biased intersectionWith" ... OK (100 tests)
Testing "intersection keeps exactly the shared keys, with the left value" ... OK (100 tests)
Testing "Filterable: filterMap Some is the identity" ... OK (100 tests)
Testing "Filterable: filter agrees with filterWithKey ignoring the key" ... OK (100 tests)
Testing "filterWithKey agrees with naive and stays well-formed" ... OK (100 tests)
Testing "splitAt partitions around the key and both halves stay well-formed" ... OK (100 tests)
Testing "link rebuilds a well-formed map from a split" ... OK (100 tests)
Testing "link2 rejoins a split without its key" ... OK (100 tests)

20 passed, 0 failed
