NEWLINE
EXPORT
NEWLINE
IDENT "toRadians"
COLON
UPPER "Float"
ARROW
UPPER "Float"
NEWLINE
IDENT "toRadians"
IDENT "deg"
EQUAL
IDENT "deg"
STAR
IDENT "pi"
SLASH
FLOAT 180.0
NEWLINE
EXPORT
NEWLINE
IDENT "toDegrees"
COLON
UPPER "Float"
ARROW
UPPER "Float"
NEWLINE
IDENT "toDegrees"
IDENT "rad"
EQUAL
IDENT "rad"
STAR
FLOAT 180.0
SLASH
IDENT "pi"
NEWLINE
EXPORT
NEWLINE
IDENT "isNaN"
COLON
UPPER "Float"
ARROW
UPPER "Bool"
NEWLINE
IDENT "isNaN"
IDENT "x"
EQUAL
IDENT "x"
NEQ
IDENT "x"
NEWLINE
EXPORT
NEWLINE
IDENT "isInfinite"
COLON
UPPER "Float"
ARROW
UPPER "Bool"
NEWLINE
IDENT "isInfinite"
IDENT "x"
EQUAL
IDENT "not"
LPAREN
IDENT "isNaN"
IDENT "x"
RPAREN
AND
IDENT "isNaN"
LPAREN
IDENT "x"
MINUS
IDENT "x"
RPAREN
NEWLINE
EXPORT
NEWLINE
IDENT "isFinite"
COLON
UPPER "Float"
ARROW
UPPER "Bool"
NEWLINE
IDENT "isFinite"
IDENT "x"
EQUAL
IDENT "not"
LPAREN
IDENT "isNaN"
IDENT "x"
RPAREN
AND
IDENT "not"
LPAREN
IDENT "isInfinite"
IDENT "x"
RPAREN
NEWLINE
EXPORT
NEWLINE
IDENT "lerp"
COLON
UPPER "Float"
ARROW
UPPER "Float"
ARROW
UPPER "Float"
ARROW
UPPER "Float"
NEWLINE
IDENT "lerp"
IDENT "a"
IDENT "b"
IDENT "t"
EQUAL
IDENT "a"
PLUS
LPAREN
IDENT "b"
MINUS
IDENT "a"
RPAREN
STAR
IDENT "t"
NEWLINE
EXPORT
NEWLINE
IDENT "approxEq"
COLON
UPPER "Float"
ARROW
UPPER "Float"
ARROW
UPPER "Float"
ARROW
UPPER "Bool"
NEWLINE
IDENT "approxEq"
IDENT "a"
IDENT "b"
IDENT "eps"
EQUAL
IDENT "abs"
LPAREN
IDENT "a"
MINUS
IDENT "b"
RPAREN
LEQ
IDENT "eps"
NEWLINE
EXPORT
NEWLINE
IDENT "logBase"
COLON
UPPER "Float"
ARROW
UPPER "Float"
ARROW
UPPER "Float"
NEWLINE
IDENT "logBase"
IDENT "base"
IDENT "x"
EQUAL
IDENT "log"
IDENT "x"
SLASH
IDENT "log"
IDENT "base"
NEWLINE
EXPORT
NEWLINE
IDENT "floorDiv"
COLON
UPPER "Int"
ARROW
UPPER "Int"
ARROW
UPPER "Int"
NEWLINE
IDENT "floorDiv"
IDENT "a"
IDENT "b"
EQUAL
INDENT
LET
IDENT "q"
EQUAL
IDENT "a"
SLASH
IDENT "b"
NEWLINE
LET
IDENT "r"
EQUAL
IDENT "a"
MINUS
IDENT "q"
STAR
IDENT "b"
NEWLINE
IF
IDENT "r"
NEQ
INT 0
AND
IDENT "r"
LT
INT 0
NEQ
LPAREN
IDENT "b"
LT
INT 0
RPAREN
THEN
IDENT "q"
MINUS
INT 1
ELSE
IDENT "q"
NEWLINE
DEDENT
NEWLINE
EXPORT
NEWLINE
IDENT "floorMod"
COLON
UPPER "Int"
ARROW
UPPER "Int"
ARROW
UPPER "Int"
NEWLINE
IDENT "floorMod"
IDENT "a"
IDENT "b"
EQUAL
IDENT "a"
MINUS
IDENT "floorDiv"
IDENT "a"
IDENT "b"
STAR
IDENT "b"
NEWLINE
EXPORT
NEWLINE
IDENT "gcd"
COLON
UPPER "Int"
ARROW
UPPER "Int"
ARROW
UPPER "Int"
NEWLINE
IDENT "gcd"
IDENT "a"
IDENT "b"
EQUAL
IDENT "gcdGo"
LPAREN
IDENT "absInt"
IDENT "a"
RPAREN
LPAREN
IDENT "absInt"
IDENT "b"
RPAREN
NEWLINE
IDENT "gcdGo"
COLON
UPPER "Int"
ARROW
UPPER "Int"
ARROW
UPPER "Int"
NEWLINE
IDENT "gcdGo"
IDENT "a"
INT 0
EQUAL
IDENT "a"
NEWLINE
IDENT "gcdGo"
IDENT "a"
IDENT "b"
EQUAL
IDENT "gcdGo"
IDENT "b"
LPAREN
IDENT "a"
MOD
IDENT "b"
RPAREN
NEWLINE
EXPORT
NEWLINE
IDENT "lcm"
COLON
UPPER "Int"
ARROW
UPPER "Int"
ARROW
UPPER "Int"
NEWLINE
IDENT "lcm"
INT 0
UNDERSCORE
EQUAL
INT 0
NEWLINE
IDENT "lcm"
UNDERSCORE
INT 0
EQUAL
INT 0
NEWLINE
IDENT "lcm"
IDENT "a"
IDENT "b"
EQUAL
IDENT "absInt"
LPAREN
IDENT "a"
SLASH
IDENT "gcd"
IDENT "a"
IDENT "b"
STAR
IDENT "b"
RPAREN
NEWLINE
EXPORT
NEWLINE
IDENT "powInt"
COLON
UPPER "Int"
ARROW
UPPER "Int"
ARROW
UPPER "Int"
NEWLINE
IDENT "powInt"
UNDERSCORE
INT 0
EQUAL
INT 1
NEWLINE
IDENT "powInt"
IDENT "b"
IDENT "n"
EQUAL
IF
IDENT "n"
LT
INT 0
THEN
INT 1
ELSE
IDENT "powGo"
IDENT "b"
IDENT "n"
INT 1
NEWLINE
IDENT "powGo"
COLON
UPPER "Int"
ARROW
UPPER "Int"
ARROW
UPPER "Int"
ARROW
UPPER "Int"
NEWLINE
IDENT "powGo"
UNDERSCORE
INT 0
IDENT "acc"
EQUAL
IDENT "acc"
NEWLINE
IDENT "powGo"
IDENT "b"
IDENT "n"
IDENT "acc"
EQUAL
INDENT
LET
IDENT "acc2"
EQUAL
IF
IDENT "n"
MOD
INT 2
EQ_EQ
INT 1
THEN
IDENT "acc"
STAR
IDENT "b"
ELSE
IDENT "acc"
NEWLINE
IDENT "powGo"
LPAREN
IDENT "b"
STAR
IDENT "b"
RPAREN
LPAREN
IDENT "n"
SLASH
INT 2
RPAREN
IDENT "acc2"
NEWLINE
DEDENT
NEWLINE
IDENT "absInt"
COLON
UPPER "Int"
ARROW
UPPER "Int"
NEWLINE
IDENT "absInt"
IDENT "n"
EQUAL
IF
IDENT "n"
LT
INT 0
THEN
INT 0
MINUS
IDENT "n"
ELSE
IDENT "n"
NEWLINE
PROP
STRING "gcd is commutative"
LPAREN
IDENT "a"
COLON
UPPER "Int"
RPAREN
LPAREN
IDENT "b"
COLON
UPPER "Int"
RPAREN
EQUAL
IDENT "eq"
LPAREN
IDENT "gcd"
IDENT "a"
IDENT "b"
RPAREN
LPAREN
IDENT "gcd"
IDENT "b"
IDENT "a"
RPAREN
NEWLINE
PROP
STRING "gcd divides both arguments (when nonzero)"
LPAREN
IDENT "a"
COLON
UPPER "Int"
RPAREN
LPAREN
IDENT "b"
COLON
UPPER "Int"
RPAREN
EQUAL
INDENT
LET
IDENT "g"
EQUAL
IDENT "gcd"
IDENT "a"
IDENT "b"
NEWLINE
IDENT "eq"
IDENT "g"
INT 0
OR
IDENT "a"
MOD
IDENT "g"
EQ_EQ
INT 0
AND
IDENT "b"
MOD
IDENT "g"
EQ_EQ
INT 0
NEWLINE
DEDENT
NEWLINE
PROP
STRING "lcm is commutative"
LPAREN
IDENT "a"
COLON
UPPER "Int"
RPAREN
LPAREN
IDENT "b"
COLON
UPPER "Int"
RPAREN
EQUAL
IDENT "eq"
LPAREN
IDENT "lcm"
IDENT "a"
IDENT "b"
RPAREN
LPAREN
IDENT "lcm"
IDENT "b"
IDENT "a"
RPAREN
NEWLINE
PROP
STRING "powInt b 2 equals b * b"
LPAREN
IDENT "b"
COLON
UPPER "Int"
RPAREN
EQUAL
IDENT "eq"
LPAREN
IDENT "powInt"
IDENT "b"
INT 2
RPAREN
LPAREN
IDENT "b"
STAR
IDENT "b"
RPAREN
NEWLINE
PROP
STRING "powInt b 1 equals b"
LPAREN
IDENT "b"
COLON
UPPER "Int"
RPAREN
EQUAL
IDENT "eq"
LPAREN
IDENT "powInt"
IDENT "b"
INT 1
RPAREN
IDENT "b"
NEWLINE
PROP
STRING "powInt b 0 equals 1"
LPAREN
IDENT "b"
COLON
UPPER "Int"
RPAREN
EQUAL
IDENT "eq"
LPAREN
IDENT "powInt"
IDENT "b"
INT 0
RPAREN
INT 1
NEWLINE
NEWLINE
EOF