NEWLINE
IMPORT
IDENT "bytes"
AS
UPPER "B"
NEWLINE
IMPORT
IDENT "bytes"
DOT_LBRACE
UPPER "Bytes"
COMMA
IDENT "fromArrayAssumeByteDomain"
RBRACE
NEWLINE
IMPORT
IDENT "list"
DOT_LBRACE
IDENT "drop"
COMMA
IDENT "reverse"
COMMA
IDENT "take"
RBRACE
NEWLINE
IMPORT
IDENT "vector"
DOT_LBRACE
UPPER "Vector"
COMMA
IDENT "new"
COMMA
IDENT "push"
COMMA
IDENT "toArray"
RBRACE
NEWLINE
IMPORT
IDENT "string"
DOT_LBRACE
IDENT "fromUtf8"
RBRACE
NEWLINE
IMPORT
IDENT "time"
DOT_LBRACE
UPPER "Duration"
COMMA
IDENT "toMillis"
RBRACE
NEWLINE
IMPORT
IDENT "u8"
AS
UPPER "U8"
NEWLINE
IMPORT
TEST
DOT_LBRACE
IDENT "expectAll"
COMMA
IDENT "expectEqual"
RBRACE
NEWLINE
EXPORT
TYPE
UPPER "Connection"
LPAREN
IDENT "h"
COLON
UPPER "Authority"
UPPER "Net"
RPAREN
EQUAL
UPPER "Socket"
IDENT "h"
NEWLINE
EXPORT
TYPE
UPPER "Listener"
LPAREN
IDENT "a"
COLON
UPPER "Authority"
UPPER "Net"
RPAREN
EQUAL
UPPER "ListenSocket"
IDENT "a"
NEWLINE
PUBLIC
EXPORT
DATA
UPPER "Shutdown"
EQUAL
UPPER "ShutdownRead"
PIPE
UPPER "ShutdownWrite"
PIPE
UPPER "ShutdownBoth"
NEWLINE
EXPORT
NEWLINE
IDENT "resolve"
COLON
LPAREN
IDENT "host"
COLON
UPPER "String"
RPAREN
ARROW
LT
UPPER "Net"
IDENT "host"
GT
UPPER "Result"
UPPER "String"
LPAREN
UPPER "List"
UPPER "String"
RPAREN
NEWLINE
IDENT "resolve"
IDENT "host"
EQUAL
IDENT "netResolve"
IDENT "host"
NEWLINE
EXPORT
NEWLINE
IDENT "connect"
COLON
LPAREN
IDENT "host"
COLON
UPPER "String"
RPAREN
ARROW
UPPER "Int"
ARROW
LT
UPPER "Net"
IDENT "host"
GT
UPPER "Result"
UPPER "String"
LPAREN
UPPER "Connection"
IDENT "host"
RPAREN
NEWLINE
IDENT "connect"
IDENT "host"
IDENT "port"
EQUAL
IDENT "netTcpConnect"
IDENT "host"
IDENT "port"
NEWLINE
EXPORT
NEWLINE
IDENT "listen"
COLON
LPAREN
IDENT "addr"
COLON
UPPER "String"
RPAREN
ARROW
UPPER "Int"
ARROW
LT
UPPER "Net"
IDENT "addr"
GT
UPPER "Result"
UPPER "String"
LPAREN
UPPER "Listener"
IDENT "addr"
RPAREN
NEWLINE
IDENT "listen"
IDENT "addr"
IDENT "port"
EQUAL
IDENT "netTcpListen"
IDENT "addr"
IDENT "port"
NEWLINE
EXPORT
NEWLINE
IDENT "listenPort"
COLON
UPPER "Listener"
IDENT "a"
ARROW
LT
UPPER "Net"
IDENT "a"
GT
UPPER "Result"
UPPER "String"
UPPER "Int"
NEWLINE
IDENT "listenPort"
IDENT "lis"
EQUAL
IDENT "netListenPort"
IDENT "lis"
NEWLINE
EXPORT
NEWLINE
IDENT "accept"
COLON
UPPER "Listener"
IDENT "a"
ARROW
LT
UPPER "Net"
IDENT "a"
GT
UPPER "Result"
UPPER "String"
LPAREN
UPPER "Connection"
IDENT "a"
RPAREN
NEWLINE
IDENT "accept"
IDENT "lis"
EQUAL
IDENT "netTcpAccept"
IDENT "lis"
NEWLINE
EXPORT
NEWLINE
IDENT "send"
COLON
UPPER "Connection"
IDENT "h"
ARROW
UPPER "Bytes"
ARROW
LT
UPPER "Net"
IDENT "h"
GT
UPPER "Result"
UPPER "String"
UPPER "Int"
NEWLINE
IDENT "send"
IDENT "conn"
IDENT "bs"
EQUAL
IDENT "netSendBytesFrom"
IDENT "conn"
LPAREN
UPPER "B"
DOT
IDENT "lendByteBlockUnsafe"
IDENT "bs"
RPAREN
INT 0
LPAREN
UPPER "B"
DOT
IDENT "length"
IDENT "bs"
RPAREN
NEWLINE
EXPORT
NEWLINE
IDENT "recv"
COLON
UPPER "Connection"
IDENT "h"
ARROW
UPPER "Int"
ARROW
LT
UPPER "Net"
IDENT "h"
GT
UPPER "Result"
UPPER "String"
UPPER "Bytes"
NEWLINE
IDENT "recv"
IDENT "conn"
IDENT "n"
EQUAL
IDENT "map"
IDENT "fromArrayAssumeByteDomain"
LPAREN
IDENT "netRecv"
IDENT "conn"
IDENT "n"
RPAREN
NEWLINE
EXPORT
NEWLINE
IDENT "sendAll"
COLON
UPPER "Connection"
IDENT "h"
ARROW
UPPER "Bytes"
ARROW
LT
UPPER "Net"
IDENT "h"
GT
UPPER "Result"
UPPER "String"
UPPER "Unit"
NEWLINE
IDENT "sendAll"
IDENT "conn"
IDENT "bs"
EQUAL
INDENT
LET
IDENT "bb"
EQUAL
UPPER "B"
DOT
IDENT "lendByteBlockUnsafe"
IDENT "bs"
NEWLINE
LET
IDENT "end"
EQUAL
UPPER "B"
DOT
IDENT "length"
IDENT "bs"
NEWLINE
IDENT "sendAllFrom"
LPAREN
IDENT "off"
FAT_ARROW
IDENT "netSendBytesFrom"
IDENT "conn"
IDENT "bb"
IDENT "off"
IDENT "end"
RPAREN
IDENT "end"
INT 0
NEWLINE
DEDENT
NEWLINE
IDENT "sendAllFrom"
COLON
LPAREN
UPPER "Int"
ARROW
LT
IDENT "e"
GT
UPPER "Result"
UPPER "String"
UPPER "Int"
RPAREN
ARROW
INDENT
UPPER "Int"
ARROW
NEWLINE
UPPER "Int"
ARROW
LT
IDENT "e"
GT
UPPER "Result"
UPPER "String"
UPPER "Unit"
NEWLINE
DEDENT
NEWLINE
IDENT "sendAllFrom"
IDENT "write"
IDENT "end"
IDENT "off"
EQUAL
INDENT
IF
IDENT "off"
GEQ
IDENT "end"
THEN
INDENT
UPPER "Ok"
LPAREN
RPAREN
NEWLINE
DEDENT
ELSE
MATCH
IDENT "write"
IDENT "off"
INDENT
UPPER "Err"
IDENT "e"
FAT_ARROW
UPPER "Err"
IDENT "e"
NEWLINE
UPPER "Ok"
INT 0
FAT_ARROW
UPPER "Err"
STRING "net.sendAll: 0 bytes written (connection stalled)"
NEWLINE
UPPER "Ok"
IDENT "n"
FAT_ARROW
IDENT "sendAllFrom"
IDENT "write"
IDENT "end"
LPAREN
IDENT "off"
PLUS
IDENT "n"
RPAREN
NEWLINE
DEDENT
NEWLINE
DEDENT
NEWLINE
IDENT "testScriptedSend"
COLON
UPPER "Ref"
UPPER "Int"
ARROW
INDENT
UPPER "Ref"
LPAREN
UPPER "List"
UPPER "Int"
RPAREN
ARROW
NEWLINE
UPPER "Ref"
LPAREN
UPPER "List"
UPPER "Int"
RPAREN
ARROW
NEWLINE
UPPER "List"
UPPER "Int"
ARROW
NEWLINE
UPPER "Int"
ARROW
NEWLINE
UPPER "Result"
UPPER "String"
UPPER "Int"
NEWLINE
DEDENT
NEWLINE
IDENT "testScriptedSend"
IDENT "calls"
IDENT "offsets"
IDENT "sent"
IDENT "payload"
IDENT "off"
EQUAL
INDENT
LET
IDENT "call"
EQUAL
BANG
IDENT "calls"
NEWLINE
IDENT "calls"
COLONEQ
IDENT "call"
PLUS
INT 1
NEWLINE
IDENT "offsets"
COLONEQ
BANG
IDENT "offsets"
PLUSPLUS
LBRACKET
IDENT "off"
RBRACKET
NEWLINE
IF
IDENT "call"
GEQ
INT 3
THEN
INDENT
UPPER "Err"
STRING "unexpected fourth send"
NEWLINE
DEDENT
ELSE
INDENT
LET
IDENT "n"
EQUAL
INDENT
IF
IDENT "call"
EQ_EQ
INT 0
THEN
INT 2
ELSE
IF
IDENT "call"
EQ_EQ
INT 1
THEN
INT 3
ELSE
IDENT "length"
IDENT "payload"
MINUS
IDENT "off"
NEWLINE
DEDENT
NEWLINE
IDENT "sent"
COLONEQ
BANG
IDENT "sent"
PLUSPLUS
IDENT "take"
IDENT "n"
LPAREN
IDENT "drop"
IDENT "off"
IDENT "payload"
RPAREN
NEWLINE
UPPER "Ok"
IDENT "n"
NEWLINE
DEDENT
NEWLINE
DEDENT
NEWLINE
TEST
STRING "sendAll advances one offset and covers exact bytes"
EQUAL
INDENT
LET
IDENT "calls"
EQUAL
UPPER "Ref"
INT 0
NEWLINE
LET
IDENT "offsets"
EQUAL
UPPER "Ref"
LBRACKET
RBRACKET
NEWLINE
LET
IDENT "sent"
EQUAL
UPPER "Ref"
LBRACKET
RBRACKET
NEWLINE
LET
IDENT "payload"
EQUAL
LBRACKET
INT 10
COMMA
INT 20
COMMA
INT 30
COMMA
INT 40
COMMA
INT 50
COMMA
INT 60
COMMA
INT 70
COMMA
INT 80
RBRACKET
NEWLINE
LET
IDENT "result"
EQUAL
IDENT "sendAllFrom"
LPAREN
IDENT "testScriptedSend"
IDENT "calls"
IDENT "offsets"
IDENT "sent"
IDENT "payload"
RPAREN
INT 8
INT 0
NEWLINE
IDENT "expectAll"
LBRACKET
IDENT "expectEqual"
LPAREN
UPPER "Ok"
LPAREN
RPAREN
RPAREN
IDENT "result"
COMMA
IDENT "expectEqual"
INT 3
BANG
IDENT "calls"
COMMA
IDENT "expectEqual"
LBRACKET
INT 0
COMMA
INT 2
COMMA
INT 5
RBRACKET
BANG
IDENT "offsets"
COMMA
IDENT "expectEqual"
IDENT "payload"
BANG
IDENT "sent"
COMMA
RBRACKET
NEWLINE
DEDENT
NEWLINE
TEST
STRING "sendAll rejects a zero-byte write exactly"
EQUAL
INDENT
IDENT "expectEqual"
LPAREN
UPPER "Err"
STRING "net.sendAll: 0 bytes written (connection stalled)"
RPAREN
LPAREN
IDENT "sendAllFrom"
LPAREN
UNDERSCORE
FAT_ARROW
UPPER "Ok"
INT 0
RPAREN
INT 1
INT 0
RPAREN
NEWLINE
DEDENT
NEWLINE
IDENT "testFirstErrorSend"
COLON
UPPER "Ref"
UPPER "Int"
ARROW
UPPER "Ref"
LPAREN
UPPER "List"
UPPER "Int"
RPAREN
ARROW
UPPER "Int"
ARROW
UPPER "Result"
UPPER "String"
UPPER "Int"
NEWLINE
IDENT "testFirstErrorSend"
IDENT "calls"
IDENT "offsets"
IDENT "off"
EQUAL
INDENT
LET
IDENT "call"
EQUAL
BANG
IDENT "calls"
NEWLINE
IDENT "calls"
COLONEQ
IDENT "call"
PLUS
INT 1
NEWLINE
IDENT "offsets"
COLONEQ
BANG
IDENT "offsets"
PLUSPLUS
LBRACKET
IDENT "off"
RBRACKET
NEWLINE
IF
IDENT "call"
EQ_EQ
INT 0
THEN
UPPER "Ok"
INT 2
ELSE
IF
IDENT "call"
EQ_EQ
INT 1
THEN
UPPER "Err"
STRING "boom"
ELSE
UPPER "Err"
STRING "late call"
NEWLINE
DEDENT
NEWLINE
TEST
STRING "sendAll returns the first host error without another write"
EQUAL
INDENT
LET
IDENT "calls"
EQUAL
UPPER "Ref"
INT 0
NEWLINE
LET
IDENT "offsets"
EQUAL
UPPER "Ref"
LBRACKET
RBRACKET
NEWLINE
LET
IDENT "result"
EQUAL
IDENT "sendAllFrom"
LPAREN
IDENT "testFirstErrorSend"
IDENT "calls"
IDENT "offsets"
RPAREN
INT 4
INT 0
NEWLINE
IDENT "expectAll"
LBRACKET
IDENT "expectEqual"
LPAREN
UPPER "Err"
STRING "boom"
RPAREN
IDENT "result"
COMMA
IDENT "expectEqual"
INT 2
BANG
IDENT "calls"
COMMA
IDENT "expectEqual"
LBRACKET
INT 0
COMMA
INT 2
RBRACKET
BANG
IDENT "offsets"
COMMA
RBRACKET
NEWLINE
DEDENT
NEWLINE
IDENT "recvAllLoop"
COLON
UPPER "Connection"
IDENT "h"
ARROW
UPPER "List"
UPPER "Bytes"
ARROW
LT
UPPER "Net"
IDENT "h"
GT
UPPER "Result"
UPPER "String"
UPPER "Bytes"
NEWLINE
IDENT "recvAllLoop"
IDENT "conn"
IDENT "chunks"
EQUAL
MATCH
IDENT "recv"
IDENT "conn"
INT 4096
INDENT
UPPER "Err"
IDENT "e"
FAT_ARROW
UPPER "Err"
IDENT "e"
NEWLINE
UPPER "Ok"
IDENT "chunk"
FAT_ARROW
INDENT
IF
UPPER "B"
DOT
IDENT "isEmpty"
IDENT "chunk"
THEN
INDENT
UPPER "Ok"
LPAREN
UPPER "B"
DOT
IDENT "concat"
LPAREN
IDENT "reverse"
IDENT "chunks"
RPAREN
RPAREN
NEWLINE
DEDENT
ELSE
INDENT
IDENT "recvAllLoop"
IDENT "conn"
LPAREN
IDENT "chunk"
CONS
IDENT "chunks"
RPAREN
NEWLINE
DEDENT
NEWLINE
DEDENT
NEWLINE
DEDENT
NEWLINE
EXPORT
NEWLINE
IDENT "recvAll"
COLON
UPPER "Connection"
IDENT "h"
ARROW
LT
UPPER "Net"
IDENT "h"
GT
UPPER "Result"
UPPER "String"
UPPER "Bytes"
NEWLINE
IDENT "recvAll"
IDENT "conn"
EQUAL
IDENT "recvAllLoop"
IDENT "conn"
LBRACKET
RBRACKET
NEWLINE
EXPORT
NEWLINE
IDENT "sendString"
COLON
UPPER "Connection"
IDENT "h"
ARROW
UPPER "String"
ARROW
LT
UPPER "Net"
IDENT "h"
GT
UPPER "Result"
UPPER "String"
UPPER "Unit"
NEWLINE
IDENT "sendString"
IDENT "conn"
IDENT "s"
EQUAL
IDENT "sendAll"
IDENT "conn"
LPAREN
UPPER "B"
DOT
IDENT "encodeUtf8"
IDENT "s"
RPAREN
NEWLINE
EXPORT
NEWLINE
IDENT "recvString"
COLON
UPPER "Connection"
IDENT "h"
ARROW
LT
UPPER "Net"
IDENT "h"
GT
UPPER "Result"
UPPER "String"
UPPER "String"
NEWLINE
IDENT "recvString"
IDENT "conn"
EQUAL
IDENT "map"
LPAREN
IDENT "bs"
FAT_ARROW
IDENT "fromUtf8"
LPAREN
UPPER "B"
DOT
IDENT "toArray"
IDENT "bs"
RPAREN
RPAREN
LPAREN
IDENT "recvAll"
IDENT "conn"
RPAREN
NEWLINE
EXPORT
NEWLINE
IDENT "sendLine"
COLON
UPPER "Connection"
IDENT "h"
ARROW
UPPER "String"
ARROW
LT
UPPER "Net"
IDENT "h"
GT
UPPER "Result"
UPPER "String"
UPPER "Unit"
NEWLINE
IDENT "sendLine"
IDENT "conn"
IDENT "s"
EQUAL
IDENT "sendString"
IDENT "conn"
LPAREN
IDENT "s"
PLUSPLUS
STRING "\n"
RPAREN
NEWLINE
IDENT "recvLineLoop"
COLON
UPPER "Connection"
IDENT "h"
ARROW
INDENT
UPPER "Vector"
UPPER "Int"
ARROW
LT
UPPER "Net"
IDENT "h"
GT
UPPER "Result"
UPPER "String"
LPAREN
UPPER "Option"
UPPER "String"
RPAREN
NEWLINE
DEDENT
NEWLINE
IDENT "recvLineLoop"
IDENT "conn"
IDENT "buf"
EQUAL
MATCH
IDENT "recv"
IDENT "conn"
INT 1
INDENT
UPPER "Err"
IDENT "e"
FAT_ARROW
UPPER "Err"
IDENT "e"
NEWLINE
UPPER "Ok"
IDENT "chunk"
FAT_ARROW
INDENT
IF
UPPER "B"
DOT
IDENT "isEmpty"
IDENT "chunk"
THEN
INDENT
IF
IDENT "isEmpty"
IDENT "buf"
THEN
UPPER "Ok"
UPPER "None"
ELSE
UPPER "Ok"
LPAREN
UPPER "Some"
LPAREN
IDENT "fromUtf8"
LPAREN
IDENT "toArray"
IDENT "buf"
RPAREN
RPAREN
RPAREN
NEWLINE
DEDENT
ELSE
INDENT
LET
IDENT "b"
EQUAL
UPPER "U8"
DOT
IDENT "toInt"
IDENT "chunk"
LBRACKET_TIGHT
INT 0
RBRACKET
NEWLINE
IF
IDENT "b"
EQ_EQ
INT 10
THEN
INDENT
UPPER "Ok"
LPAREN
UPPER "Some"
LPAREN
IDENT "fromUtf8"
LPAREN
IDENT "toArray"
IDENT "buf"
RPAREN
RPAREN
RPAREN
NEWLINE
DEDENT
ELSE
INDENT
LET
UNDERSCORE
EQUAL
IDENT "push"
IDENT "b"
IDENT "buf"
NEWLINE
IDENT "recvLineLoop"
IDENT "conn"
IDENT "buf"
NEWLINE
DEDENT
NEWLINE
DEDENT
NEWLINE
DEDENT
NEWLINE
DEDENT
NEWLINE
EXPORT
NEWLINE
IDENT "recvLine"
COLON
UPPER "Connection"
IDENT "h"
ARROW
LT
UPPER "Net"
IDENT "h"
GT
UPPER "Result"
UPPER "String"
LPAREN
UPPER "Option"
UPPER "String"
RPAREN
NEWLINE
IDENT "recvLine"
IDENT "conn"
EQUAL
IDENT "recvLineLoop"
IDENT "conn"
LPAREN
IDENT "new"
LPAREN
RPAREN
RPAREN
NEWLINE
EXPORT
NEWLINE
IDENT "shutdown"
COLON
UPPER "Connection"
IDENT "h"
ARROW
UPPER "Shutdown"
ARROW
LT
UPPER "Net"
IDENT "h"
GT
UPPER "Result"
UPPER "String"
UPPER "Unit"
NEWLINE
IDENT "shutdown"
IDENT "conn"
IDENT "how"
EQUAL
IDENT "netShutdown"
IDENT "conn"
LPAREN
IDENT "shutdownCode"
IDENT "how"
RPAREN
NEWLINE
IDENT "shutdownCode"
COLON
UPPER "Shutdown"
ARROW
UPPER "Int"
NEWLINE
IDENT "shutdownCode"
UPPER "ShutdownRead"
EQUAL
INT 0
NEWLINE
IDENT "shutdownCode"
UPPER "ShutdownWrite"
EQUAL
INT 1
NEWLINE
IDENT "shutdownCode"
UPPER "ShutdownBoth"
EQUAL
INT 2
NEWLINE
EXPORT
NEWLINE
IDENT "close"
COLON
UPPER "Connection"
IDENT "h"
ARROW
LT
UPPER "Net"
IDENT "h"
GT
UPPER "Result"
UPPER "String"
UPPER "Unit"
NEWLINE
IDENT "close"
IDENT "conn"
EQUAL
IDENT "netClose"
IDENT "conn"
NEWLINE
EXPORT
NEWLINE
IDENT "closeListener"
COLON
UPPER "Listener"
IDENT "a"
ARROW
LT
UPPER "Net"
IDENT "a"
GT
UPPER "Result"
UPPER "String"
UPPER "Unit"
NEWLINE
IDENT "closeListener"
IDENT "lis"
EQUAL
IDENT "netCloseListener"
IDENT "lis"
NEWLINE
EXPORT
NEWLINE
IDENT "setTimeout"
COLON
UPPER "Connection"
IDENT "h"
ARROW
UPPER "Duration"
ARROW
LT
UPPER "Net"
IDENT "h"
GT
UPPER "Result"
UPPER "String"
UPPER "Unit"
NEWLINE
IDENT "setTimeout"
IDENT "conn"
IDENT "d"
EQUAL
IDENT "netSetTimeout"
IDENT "conn"
LPAREN
IDENT "toMillis"
IDENT "d"
RPAREN
NEWLINE
EXPORT
NEWLINE
IDENT "withConnection"
COLON
LPAREN
IDENT "host"
COLON
UPPER "String"
RPAREN
ARROW
INDENT
UPPER "Int"
ARROW
NEWLINE
LPAREN
UPPER "Connection"
IDENT "host"
ARROW
LT
UPPER "Net"
IDENT "host"
PIPE
IDENT "e"
GT
UPPER "Result"
UPPER "String"
IDENT "a"
RPAREN
ARROW
LT
UPPER "Net"
IDENT "host"
PIPE
IDENT "e"
GT
UPPER "Result"
UPPER "String"
IDENT "a"
NEWLINE
DEDENT
NEWLINE
IDENT "withConnection"
IDENT "host"
IDENT "port"
IDENT "body"
EQUAL
MATCH
IDENT "connect"
IDENT "host"
IDENT "port"
INDENT
UPPER "Err"
IDENT "e"
FAT_ARROW
UPPER "Err"
IDENT "e"
NEWLINE
UPPER "Ok"
IDENT "conn"
FAT_ARROW
INDENT
LET
IDENT "r"
EQUAL
IDENT "body"
IDENT "conn"
NEWLINE
LET
UNDERSCORE
EQUAL
IDENT "close"
IDENT "conn"
NEWLINE
IDENT "r"
NEWLINE
DEDENT
NEWLINE
DEDENT
NEWLINE
EXPORT
NEWLINE
IDENT "withListener"
COLON
LPAREN
IDENT "addr"
COLON
UPPER "String"
RPAREN
ARROW
INDENT
UPPER "Int"
ARROW
NEWLINE
LPAREN
UPPER "Listener"
IDENT "addr"
ARROW
LT
UPPER "Net"
IDENT "addr"
PIPE
IDENT "e"
GT
UPPER "Result"
UPPER "String"
IDENT "a"
RPAREN
ARROW
LT
UPPER "Net"
IDENT "addr"
PIPE
IDENT "e"
GT
UPPER "Result"
UPPER "String"
IDENT "a"
NEWLINE
DEDENT
NEWLINE
IDENT "withListener"
IDENT "addr"
IDENT "port"
IDENT "body"
EQUAL
MATCH
IDENT "listen"
IDENT "addr"
IDENT "port"
INDENT
UPPER "Err"
IDENT "e"
FAT_ARROW
UPPER "Err"
IDENT "e"
NEWLINE
UPPER "Ok"
IDENT "lis"
FAT_ARROW
INDENT
LET
IDENT "r"
EQUAL
IDENT "body"
IDENT "lis"
NEWLINE
LET
UNDERSCORE
EQUAL
IDENT "closeListener"
IDENT "lis"
NEWLINE
IDENT "r"
NEWLINE
DEDENT
NEWLINE
DEDENT
NEWLINE
EXPORT
NEWLINE
IDENT "serveLoop"
COLON
UPPER "Listener"
IDENT "a"
ARROW
INDENT
LPAREN
UPPER "Connection"
IDENT "a"
ARROW
LT
UPPER "Net"
IDENT "a"
PIPE
IDENT "e"
GT
UPPER "Result"
UPPER "String"
UPPER "Unit"
RPAREN
ARROW
LT
UPPER "Net"
IDENT "a"
PIPE
IDENT "e"
GT
UPPER "Result"
UPPER "String"
UPPER "Unit"
NEWLINE
DEDENT
NEWLINE
IDENT "serveLoop"
IDENT "lis"
IDENT "handle"
EQUAL
MATCH
IDENT "accept"
IDENT "lis"
INDENT
UPPER "Err"
IDENT "e"
FAT_ARROW
UPPER "Err"
IDENT "e"
NEWLINE
UPPER "Ok"
IDENT "conn"
FAT_ARROW
INDENT
LET
UNDERSCORE
EQUAL
IDENT "handle"
IDENT "conn"
NEWLINE
LET
UNDERSCORE
EQUAL
IDENT "close"
IDENT "conn"
NEWLINE
IDENT "serveLoop"
IDENT "lis"
IDENT "handle"
NEWLINE
DEDENT
NEWLINE
DEDENT
NEWLINE
NEWLINE
EOF