NEWLINE
IMPORT
IDENT "array"
DOT_LBRACE
IDENT "sliceClamped"
AS
IDENT "sliceBytes"
RBRACE
NEWLINE
IMPORT
IDENT "list"
DOT_LBRACE
IDENT "get"
COMMA
IDENT "reverse"
RBRACE
NEWLINE
IMPORT
IDENT "string"
DOT_LBRACE
IDENT "fromChars"
COMMA
IDENT "fromUtf8"
COMMA
IDENT "isDigit"
COMMA
IDENT "repeat"
COMMA
IDENT "sliceClamped"
COMMA
IDENT "toChars"
RBRACE
NEWLINE
EXPORT
DATA
UPPER "Regex"
EQUAL
UPPER "Regex"
LBRACE
IDENT "src"
COLON
UPPER "String"
COMMA
IDENT "prog"
COLON
UPPER "Array"
UPPER "Inst"
COMMA
IDENT "ngroups"
COLON
UPPER "Int"
COMMA
IDENT "multiline"
COLON
UPPER "Bool"
COMMA
RBRACE
NEWLINE
PUBLIC
EXPORT
DATA
UPPER "RegexError"
EQUAL
UPPER "RegexError"
LBRACE
IDENT "message"
COLON
UPPER "String"
COMMA
IDENT "position"
COLON
UPPER "Int"
COMMA
RBRACE
INDENT
DERIVING
LPAREN
UPPER "Eq"
COMMA
UPPER "Debug"
RPAREN
NEWLINE
DEDENT
NEWLINE
PUBLIC
EXPORT
DATA
UPPER "Group"
EQUAL
UPPER "Group"
LBRACE
IDENT "start"
COLON
UPPER "Int"
COMMA
IDENT "end"
COLON
UPPER "Int"
COMMA
IDENT "text"
COLON
UPPER "String"
COMMA
RBRACE
INDENT
DERIVING
LPAREN
UPPER "Eq"
COMMA
UPPER "Debug"
RPAREN
NEWLINE
DEDENT
NEWLINE
PUBLIC
EXPORT
DATA
UPPER "Match"
EQUAL
UPPER "Match"
LBRACE
IDENT "start"
COLON
UPPER "Int"
COMMA
IDENT "end"
COLON
UPPER "Int"
COMMA
IDENT "text"
COLON
UPPER "String"
COMMA
IDENT "groups"
COLON
UPPER "List"
LPAREN
UPPER "Option"
UPPER "Group"
RPAREN
COMMA
RBRACE
INDENT
DERIVING
LPAREN
UPPER "Eq"
COMMA
UPPER "Debug"
RPAREN
NEWLINE
DEDENT
NEWLINE
EXPORT
IMPL
UPPER "Debug"
UPPER "Regex"
WHERE
INDENT
IDENT "debug"
IDENT "re"
EQUAL
STRING "regex "
PLUSPLUS
IDENT "debugStringLit"
IDENT "re"
DOT
IDENT "src"
NEWLINE
DEDENT
NEWLINE
IDENT "maxCode"
COLON
UPPER "Int"
NEWLINE
IDENT "maxCode"
EQUAL
INT 1114111
NEWLINE
IDENT "digitRanges"
COLON
UPPER "List"
LPAREN
UPPER "Int"
COMMA
UPPER "Int"
RPAREN
NEWLINE
IDENT "digitRanges"
EQUAL
LBRACKET
LPAREN
INT 48
COMMA
INT 57
RPAREN
RBRACKET
NEWLINE
IDENT "wordRanges"
COLON
UPPER "List"
LPAREN
UPPER "Int"
COMMA
UPPER "Int"
RPAREN
NEWLINE
IDENT "wordRanges"
EQUAL
LBRACKET
LPAREN
INT 48
COMMA
INT 57
RPAREN
COMMA
LPAREN
INT 65
COMMA
INT 90
RPAREN
COMMA
LPAREN
INT 95
COMMA
INT 95
RPAREN
COMMA
LPAREN
INT 97
COMMA
INT 122
RPAREN
RBRACKET
NEWLINE
IDENT "spaceRanges"
COLON
UPPER "List"
LPAREN
UPPER "Int"
COMMA
UPPER "Int"
RPAREN
NEWLINE
IDENT "spaceRanges"
EQUAL
LBRACKET
LPAREN
INT 9
COMMA
INT 10
RPAREN
COMMA
LPAREN
INT 13
COMMA
INT 13
RPAREN
COMMA
LPAREN
INT 32
COMMA
INT 32
RPAREN
RBRACKET
NEWLINE
IDENT "wordSet"
COLON
UPPER "Array"
UPPER "Int"
NEWLINE
IDENT "wordSet"
EQUAL
IDENT "flattenRanges"
IDENT "wordRanges"
NEWLINE
IDENT "flattenRanges"
COLON
UPPER "List"
LPAREN
UPPER "Int"
COMMA
UPPER "Int"
RPAREN
ARROW
UPPER "Array"
UPPER "Int"
NEWLINE
IDENT "flattenRanges"
IDENT "rs"
EQUAL
IDENT "arrayFromList"
LPAREN
IDENT "flattenGo"
IDENT "rs"
RPAREN
NEWLINE
IDENT "flattenGo"
COLON
UPPER "List"
LPAREN
UPPER "Int"
COMMA
UPPER "Int"
RPAREN
ARROW
UPPER "List"
UPPER "Int"
NEWLINE
IDENT "flattenGo"
LBRACKET
RBRACKET
EQUAL
LBRACKET
RBRACKET
NEWLINE
IDENT "flattenGo"
LPAREN
LPAREN
IDENT "lo"
COMMA
IDENT "hi"
RPAREN
CONS
IDENT "rest"
RPAREN
EQUAL
IDENT "lo"
CONS
IDENT "hi"
CONS
IDENT "flattenGo"
IDENT "rest"
NEWLINE
IDENT "complementRanges"
COLON
UPPER "List"
LPAREN
UPPER "Int"
COMMA
UPPER "Int"
RPAREN
ARROW
UPPER "List"
LPAREN
UPPER "Int"
COMMA
UPPER "Int"
RPAREN
NEWLINE
IDENT "complementRanges"
IDENT "rs"
EQUAL
IDENT "complementGo"
IDENT "rs"
INT 0
NEWLINE
IDENT "complementGo"
COLON
UPPER "List"
LPAREN
UPPER "Int"
COMMA
UPPER "Int"
RPAREN
ARROW
UPPER "Int"
ARROW
UPPER "List"
LPAREN
UPPER "Int"
COMMA
UPPER "Int"
RPAREN
NEWLINE
IDENT "complementGo"
LBRACKET
RBRACKET
IDENT "next"
EQUAL
IF
IDENT "next"
GT
IDENT "maxCode"
THEN
LBRACKET
RBRACKET
ELSE
LBRACKET
LPAREN
IDENT "next"
COMMA
IDENT "maxCode"
RPAREN
RBRACKET
NEWLINE
IDENT "complementGo"
LPAREN
LPAREN
IDENT "lo"
COMMA
IDENT "hi"
RPAREN
CONS
IDENT "rest"
RPAREN
IDENT "next"
EQUAL
INDENT
LET
IDENT "after"
EQUAL
IDENT "max"
LPAREN
IDENT "hi"
PLUS
INT 1
RPAREN
IDENT "next"
NEWLINE
IF
IDENT "lo"
GT
IDENT "next"
THEN
INDENT
LPAREN
IDENT "next"
COMMA
IDENT "lo"
MINUS
INT 1
RPAREN
CONS
IDENT "complementGo"
IDENT "rest"
IDENT "after"
NEWLINE
DEDENT
ELSE
INDENT
IDENT "complementGo"
IDENT "rest"
IDENT "after"
NEWLINE
DEDENT
NEWLINE
DEDENT
NEWLINE
IDENT "inRanges"
COLON
UPPER "Array"
UPPER "Int"
ARROW
UPPER "Int"
ARROW
UPPER "Int"
ARROW
UPPER "Bool"
NEWLINE
IDENT "inRanges"
IDENT "rs"
IDENT "i"
IDENT "c"
EQUAL
INDENT
IF
IDENT "i"
GEQ
IDENT "arrayLength"
IDENT "rs"
THEN
INDENT
UPPER "False"
NEWLINE
DEDENT
ELSE
IF
IDENT "c"
GEQ
IDENT "arrayGetUnsafe"
IDENT "i"
IDENT "rs"
AND
IDENT "c"
LEQ
IDENT "arrayGetUnsafe"
LPAREN
IDENT "i"
PLUS
INT 1
RPAREN
IDENT "rs"
THEN
INDENT
UPPER "True"
NEWLINE
DEDENT
ELSE
INDENT
IDENT "inRanges"
IDENT "rs"
LPAREN
IDENT "i"
PLUS
INT 2
RPAREN
IDENT "c"
NEWLINE
DEDENT
NEWLINE
DEDENT
NEWLINE
IDENT "setMatches"
COLON
UPPER "Array"
UPPER "Int"
ARROW
UPPER "Bool"
ARROW
UPPER "Int"
ARROW
UPPER "Bool"
NEWLINE
IDENT "setMatches"
IDENT "rs"
IDENT "negated"
IDENT "c"
EQUAL
INDENT
IF
IDENT "negated"
THEN
IDENT "not"
LPAREN
IDENT "inRanges"
IDENT "rs"
INT 0
IDENT "c"
RPAREN
ELSE
IDENT "inRanges"
IDENT "rs"
INT 0
IDENT "c"
NEWLINE
DEDENT
NEWLINE
IDENT "isWordCode"
COLON
UPPER "Int"
ARROW
UPPER "Bool"
NEWLINE
IDENT "isWordCode"
IDENT "c"
EQUAL
IDENT "inRanges"
IDENT "wordSet"
INT 0
IDENT "c"
NEWLINE
IDENT "isAsciiLetterCode"
COLON
UPPER "Int"
ARROW
UPPER "Bool"
NEWLINE
IDENT "isAsciiLetterCode"
IDENT "c"
EQUAL
IDENT "c"
GEQ
INT 65
AND
IDENT "c"
LEQ
INT 90
OR
IDENT "c"
GEQ
INT 97
AND
IDENT "c"
LEQ
INT 122
NEWLINE
IDENT "foldRanges"
COLON
UPPER "List"
LPAREN
UPPER "Int"
COMMA
UPPER "Int"
RPAREN
ARROW
UPPER "List"
LPAREN
UPPER "Int"
COMMA
UPPER "Int"
RPAREN
NEWLINE
IDENT "foldRanges"
LBRACKET
RBRACKET
EQUAL
LBRACKET
RBRACKET
NEWLINE
IDENT "foldRanges"
LPAREN
LPAREN
IDENT "lo"
COMMA
IDENT "hi"
RPAREN
CONS
IDENT "rest"
RPAREN
EQUAL
INDENT
LET
IDENT "upper"
EQUAL
IDENT "clipShift"
IDENT "lo"
IDENT "hi"
INT 97
INT 122
LPAREN
MINUS
INT 32
RPAREN
NEWLINE
LET
IDENT "lower"
EQUAL
IDENT "clipShift"
IDENT "lo"
IDENT "hi"
INT 65
INT 90
INT 32
NEWLINE
LPAREN
IDENT "lo"
COMMA
IDENT "hi"
RPAREN
CONS
IDENT "upper"
PLUSPLUS
LPAREN
IDENT "lower"
PLUSPLUS
IDENT "foldRanges"
IDENT "rest"
RPAREN
NEWLINE
DEDENT
NEWLINE
IDENT "clipShift"
COLON
UPPER "Int"
ARROW
UPPER "Int"
ARROW
UPPER "Int"
ARROW
UPPER "Int"
ARROW
UPPER "Int"
ARROW
UPPER "List"
LPAREN
UPPER "Int"
COMMA
UPPER "Int"
RPAREN
NEWLINE
IDENT "clipShift"
IDENT "lo"
IDENT "hi"
IDENT "blo"
IDENT "bhi"
IDENT "shift"
EQUAL
INDENT
LET
IDENT "l"
EQUAL
IDENT "max"
IDENT "lo"
IDENT "blo"
NEWLINE
LET
IDENT "h"
EQUAL
IDENT "min"
IDENT "hi"
IDENT "bhi"
NEWLINE
IF
IDENT "l"
LEQ
IDENT "h"
THEN
LBRACKET
LPAREN
IDENT "l"
PLUS
IDENT "shift"
COMMA
IDENT "h"
PLUS
IDENT "shift"
RPAREN
RBRACKET
ELSE
LBRACKET
RBRACKET
NEWLINE
DEDENT
NEWLINE
IDENT "asStart"
COLON
UPPER "Int"
NEWLINE
IDENT "asStart"
EQUAL
INT 0
NEWLINE
IDENT "asEnd"
COLON
UPPER "Int"
NEWLINE
IDENT "asEnd"
EQUAL
INT 1
NEWLINE
IDENT "asWordB"
COLON
UPPER "Int"
NEWLINE
IDENT "asWordB"
EQUAL
INT 2
NEWLINE
IDENT "asNotWordB"
COLON
UPPER "Int"
NEWLINE
IDENT "asNotWordB"
EQUAL
INT 3
NEWLINE
DATA
UPPER "Node"
EQUAL
INDENT
PIPE
UPPER "NEmpty"
NEWLINE
PIPE
UPPER "NChar"
UPPER "Int"
NEWLINE
PIPE
UPPER "NSet"
LPAREN
UPPER "Array"
UPPER "Int"
RPAREN
UPPER "Bool"
NEWLINE
PIPE
UPPER "NAny"
UPPER "Bool"
NEWLINE
PIPE
UPPER "NCat"
UPPER "Node"
UPPER "Node"
NEWLINE
PIPE
UPPER "NAlt"
UPPER "Node"
UPPER "Node"
NEWLINE
PIPE
UPPER "NStar"
UPPER "Bool"
UPPER "Node"
NEWLINE
PIPE
UPPER "NPlus"
UPPER "Bool"
UPPER "Node"
NEWLINE
PIPE
UPPER "NOpt"
UPPER "Bool"
UPPER "Node"
NEWLINE
PIPE
UPPER "NGroup"
UPPER "Int"
UPPER "Node"
NEWLINE
PIPE
UPPER "NAssert"
UPPER "Int"
NEWLINE
DEDENT
NEWLINE
IDENT "nodeSize"
COLON
UPPER "Node"
ARROW
UPPER "Int"
NEWLINE
IDENT "nodeSize"
UPPER "NEmpty"
EQUAL
INT 1
NEWLINE
IDENT "nodeSize"
LPAREN
UPPER "NChar"
UNDERSCORE
RPAREN
EQUAL
INT 1
NEWLINE
IDENT "nodeSize"
LPAREN
UPPER "NSet"
UNDERSCORE
UNDERSCORE
RPAREN
EQUAL
INT 1
NEWLINE
IDENT "nodeSize"
LPAREN
UPPER "NAny"
UNDERSCORE
RPAREN
EQUAL
INT 1
NEWLINE
IDENT "nodeSize"
LPAREN
UPPER "NAssert"
UNDERSCORE
RPAREN
EQUAL
INT 1
NEWLINE
IDENT "nodeSize"
LPAREN
UPPER "NCat"
IDENT "a"
IDENT "b"
RPAREN
EQUAL
IDENT "nodeSize"
IDENT "a"
PLUS
IDENT "nodeSize"
IDENT "b"
NEWLINE
IDENT "nodeSize"
LPAREN
UPPER "NAlt"
IDENT "a"
IDENT "b"
RPAREN
EQUAL
INT 2
PLUS
IDENT "nodeSize"
IDENT "a"
PLUS
IDENT "nodeSize"
IDENT "b"
NEWLINE
IDENT "nodeSize"
LPAREN
UPPER "NStar"
UNDERSCORE
IDENT "b"
RPAREN
EQUAL
INT 2
PLUS
IDENT "nodeSize"
IDENT "b"
NEWLINE
IDENT "nodeSize"
LPAREN
UPPER "NPlus"
UNDERSCORE
IDENT "b"
RPAREN
EQUAL
INT 1
PLUS
IDENT "nodeSize"
IDENT "b"
NEWLINE
IDENT "nodeSize"
LPAREN
UPPER "NOpt"
UNDERSCORE
IDENT "b"
RPAREN
EQUAL
INT 1
PLUS
IDENT "nodeSize"
IDENT "b"
NEWLINE
IDENT "nodeSize"
LPAREN
UPPER "NGroup"
UNDERSCORE
IDENT "b"
RPAREN
EQUAL
INT 2
PLUS
IDENT "nodeSize"
IDENT "b"
NEWLINE
IDENT "repeatCap"
COLON
UPPER "Int"
NEWLINE
IDENT "repeatCap"
EQUAL
INT 1000
NEWLINE
IDENT "progCap"
COLON
UPPER "Int"
NEWLINE
IDENT "progCap"
EQUAL
INT 20000
NEWLINE
DATA
UPPER "PState"
EQUAL
UPPER "PState"
LBRACE
IDENT "pat"
COLON
UPPER "Array"
UPPER "Char"
COMMA
IDENT "pos"
COLON
UPPER "Ref"
UPPER "Int"
COMMA
IDENT "ngroups"
COLON
UPPER "Ref"
UPPER "Int"
COMMA
IDENT "perr"
COLON
UPPER "Ref"
LPAREN
UPPER "Option"
UPPER "RegexError"
RPAREN
COMMA
IDENT "fold"
COLON
UPPER "Bool"
COMMA
IDENT "dotAll"
COLON
UPPER "Bool"
COMMA
RBRACE
NEWLINE
IDENT "patLen"
COLON
UPPER "PState"
ARROW
UPPER "Int"
NEWLINE
IDENT "patLen"
IDENT "st"
EQUAL
IDENT "arrayLength"
IDENT "st"
DOT
IDENT "pat"
NEWLINE
IDENT "atEnd"
COLON
UPPER "PState"
ARROW
UPPER "Bool"
NEWLINE
IDENT "atEnd"
IDENT "st"
EQUAL
BANG
IDENT "st"
DOT
IDENT "pos"
GEQ
IDENT "patLen"
IDENT "st"
NEWLINE
IDENT "cur"
COLON
UPPER "PState"
ARROW
UPPER "Char"
NEWLINE
IDENT "cur"
IDENT "st"
EQUAL
IDENT "arrayGetUnsafe"
BANG
IDENT "st"
DOT
IDENT "pos"
IDENT "st"
DOT
IDENT "pat"
NEWLINE
IDENT "isAt"
COLON
UPPER "PState"
ARROW
UPPER "Char"
ARROW
UPPER "Bool"
NEWLINE
IDENT "isAt"
IDENT "st"
IDENT "c"
EQUAL
IDENT "not"
LPAREN
IDENT "atEnd"
IDENT "st"
RPAREN
AND
IDENT "cur"
IDENT "st"
EQ_EQ
IDENT "c"
NEWLINE
IDENT "peekIs"
COLON
UPPER "PState"
ARROW
UPPER "Int"
ARROW
UPPER "Char"
ARROW
UPPER "Bool"
NEWLINE
IDENT "peekIs"
IDENT "st"
IDENT "k"
IDENT "c"
EQUAL
INDENT
LET
IDENT "i"
EQUAL
BANG
IDENT "st"
DOT
IDENT "pos"
PLUS
IDENT "k"
NEWLINE
IDENT "i"
LT
IDENT "patLen"
IDENT "st"
AND
IDENT "arrayGetUnsafe"
IDENT "i"
IDENT "st"
DOT
IDENT "pat"
EQ_EQ
IDENT "c"
NEWLINE
DEDENT
NEWLINE
IDENT "peekAt"
COLON
UPPER "PState"
ARROW
UPPER "Int"
ARROW
UPPER "Option"
UPPER "Char"
NEWLINE
IDENT "peekAt"
IDENT "st"
IDENT "k"
EQUAL
INDENT
LET
IDENT "i"
EQUAL
BANG
IDENT "st"
DOT
IDENT "pos"
PLUS
IDENT "k"
NEWLINE
IF
IDENT "i"
LT
IDENT "patLen"
IDENT "st"
THEN
UPPER "Some"
LPAREN
IDENT "arrayGetUnsafe"
IDENT "i"
IDENT "st"
DOT
IDENT "pat"
RPAREN
ELSE
UPPER "None"
NEWLINE
DEDENT
NEWLINE
IDENT "advance"
COLON
UPPER "PState"
ARROW
UPPER "Unit"
NEWLINE
IDENT "advance"
IDENT "st"
EQUAL
IDENT "st"
DOT
IDENT "pos"
COLONEQ
BANG
IDENT "st"
DOT
IDENT "pos"
PLUS
INT 1
NEWLINE
IDENT "hasErr"
COLON
UPPER "PState"
ARROW
UPPER "Bool"
NEWLINE
IDENT "hasErr"
IDENT "st"
EQUAL
MATCH
BANG
IDENT "st"
DOT
IDENT "perr"
INDENT
UPPER "Some"
UNDERSCORE
FAT_ARROW
UPPER "True"
NEWLINE
UPPER "None"
FAT_ARROW
UPPER "False"
NEWLINE
DEDENT
NEWLINE
IDENT "failAt"
COLON
UPPER "PState"
ARROW
UPPER "String"
ARROW
UPPER "Unit"
NEWLINE
IDENT "failAt"
IDENT "st"
IDENT "message"
EQUAL
MATCH
BANG
IDENT "st"
DOT
IDENT "perr"
INDENT
UPPER "Some"
UNDERSCORE
FAT_ARROW
LPAREN
RPAREN
NEWLINE
UPPER "None"
FAT_ARROW
IDENT "st"
DOT
IDENT "perr"
COLONEQ
UPPER "Some"
UPPER "RegexError"
LBRACE
IDENT "message"
EQUAL
IDENT "message"
COMMA
IDENT "position"
EQUAL
BANG
IDENT "st"
DOT
IDENT "pos"
RBRACE
NEWLINE
DEDENT
NEWLINE
IDENT "skip2"
COLON
UPPER "PState"
ARROW
IDENT "a"
ARROW
IDENT "a"
NEWLINE
IDENT "skip2"
IDENT "st"
IDENT "v"
EQUAL
INDENT
IDENT "advance"
IDENT "st"
NEWLINE
IDENT "advance"
IDENT "st"
NEWLINE
IDENT "v"
NEWLINE
DEDENT
NEWLINE
IDENT "scanFlags"
COLON
UPPER "Array"
UPPER "Char"
ARROW
UPPER "Int"
ARROW
UPPER "Bool"
ARROW
UPPER "Bool"
ARROW
UPPER "Bool"
ARROW
LPAREN
UPPER "Int"
COMMA
UPPER "Bool"
COMMA
UPPER "Bool"
COMMA
UPPER "Bool"
RPAREN
NEWLINE
IDENT "scanFlags"
IDENT "cs"
IDENT "i"
IDENT "fold"
IDENT "multi"
IDENT "dotAll"
EQUAL
INDENT
IF
IDENT "i"
PLUS
INT 2
LT
IDENT "arrayLength"
IDENT "cs"
AND
IDENT "arrayGetUnsafe"
IDENT "i"
IDENT "cs"
EQ_EQ
CHAR "("
AND
IDENT "arrayGetUnsafe"
LPAREN
IDENT "i"
PLUS
INT 1
RPAREN
IDENT "cs"
EQ_EQ
CHAR "?"
AND
IDENT "isFlagChar"
LPAREN
IDENT "arrayGetUnsafe"
LPAREN
IDENT "i"
PLUS
INT 2
RPAREN
IDENT "cs"
RPAREN
THEN
MATCH
IDENT "scanFlagChars"
IDENT "cs"
LPAREN
IDENT "i"
PLUS
INT 2
RPAREN
IDENT "fold"
IDENT "multi"
IDENT "dotAll"
INDENT
UPPER "None"
FAT_ARROW
LPAREN
IDENT "i"
COMMA
IDENT "fold"
COMMA
IDENT "multi"
COMMA
IDENT "dotAll"
RPAREN
NEWLINE
UPPER "Some"
LPAREN
IDENT "j"
COMMA
IDENT "f2"
COMMA
IDENT "m2"
COMMA
IDENT "s2"
RPAREN
FAT_ARROW
IDENT "scanFlags"
IDENT "cs"
IDENT "j"
IDENT "f2"
IDENT "m2"
IDENT "s2"
NEWLINE
DEDENT
ELSE
INDENT
LPAREN
IDENT "i"
COMMA
IDENT "fold"
COMMA
IDENT "multi"
COMMA
IDENT "dotAll"
RPAREN
NEWLINE
DEDENT
NEWLINE
DEDENT
NEWLINE
IDENT "isFlagChar"
COLON
UPPER "Char"
ARROW
UPPER "Bool"
NEWLINE
IDENT "isFlagChar"
IDENT "c"
EQUAL
IDENT "c"
EQ_EQ
CHAR "i"
OR
IDENT "c"
EQ_EQ
CHAR "m"
OR
IDENT "c"
EQ_EQ
CHAR "s"
NEWLINE
IDENT "scanFlagChars"
COLON
UPPER "Array"
UPPER "Char"
ARROW
INDENT
UPPER "Int"
ARROW
NEWLINE
UPPER "Bool"
ARROW
NEWLINE
UPPER "Bool"
ARROW
NEWLINE
UPPER "Bool"
ARROW
NEWLINE
UPPER "Option"
LPAREN
UPPER "Int"
COMMA
UPPER "Bool"
COMMA
UPPER "Bool"
COMMA
UPPER "Bool"
RPAREN
NEWLINE
DEDENT
NEWLINE
IDENT "scanFlagChars"
IDENT "cs"
IDENT "k"
IDENT "fold"
IDENT "multi"
IDENT "dotAll"
EQUAL
INDENT
IF
IDENT "k"
GEQ
IDENT "arrayLength"
IDENT "cs"
THEN
INDENT
UPPER "None"
NEWLINE
DEDENT
ELSE
INDENT
LET
IDENT "c"
EQUAL
IDENT "arrayGetUnsafe"
IDENT "k"
IDENT "cs"
NEWLINE
IF
IDENT "c"
EQ_EQ
CHAR "i"
THEN
INDENT
IDENT "scanFlagChars"
IDENT "cs"
LPAREN
IDENT "k"
PLUS
INT 1
RPAREN
UPPER "True"
IDENT "multi"
IDENT "dotAll"
NEWLINE
DEDENT
ELSE
IF
IDENT "c"
EQ_EQ
CHAR "m"
THEN
INDENT
IDENT "scanFlagChars"
IDENT "cs"
LPAREN
IDENT "k"
PLUS
INT 1
RPAREN
IDENT "fold"
UPPER "True"
IDENT "dotAll"
NEWLINE
DEDENT
ELSE
IF
IDENT "c"
EQ_EQ
CHAR "s"
THEN
INDENT
IDENT "scanFlagChars"
IDENT "cs"
LPAREN
IDENT "k"
PLUS
INT 1
RPAREN
IDENT "fold"
IDENT "multi"
UPPER "True"
NEWLINE
DEDENT
ELSE
IF
IDENT "c"
EQ_EQ
CHAR ")"
THEN
INDENT
UPPER "Some"
LPAREN
IDENT "k"
PLUS
INT 1
COMMA
IDENT "fold"
COMMA
IDENT "multi"
COMMA
IDENT "dotAll"
RPAREN
NEWLINE
DEDENT
ELSE
INDENT
UPPER "None"
NEWLINE
DEDENT
NEWLINE
DEDENT
NEWLINE
DEDENT
NEWLINE
IDENT "parseAlt"
COLON
UPPER "PState"
ARROW
UPPER "Node"
NEWLINE
IDENT "parseAlt"
IDENT "st"
EQUAL
IDENT "parseAltMore"
IDENT "st"
LPAREN
IDENT "parseCat"
IDENT "st"
RPAREN
NEWLINE
IDENT "parseAltMore"
COLON
UPPER "PState"
ARROW
UPPER "Node"
ARROW
UPPER "Node"
NEWLINE
IDENT "parseAltMore"
IDENT "st"
IDENT "left"
EQUAL
INDENT
IF
IDENT "isAt"
IDENT "st"
CHAR "|"
THEN
INDENT
IDENT "advance"
IDENT "st"
NEWLINE
LET
IDENT "right"
EQUAL
IDENT "parseCat"
IDENT "st"
NEWLINE
IDENT "parseAltMore"
IDENT "st"
LPAREN
UPPER "NAlt"
IDENT "left"
IDENT "right"
RPAREN
NEWLINE
DEDENT
ELSE
INDENT
IDENT "left"
NEWLINE
DEDENT
NEWLINE
DEDENT
NEWLINE
IDENT "parseCat"
COLON
UPPER "PState"
ARROW
UPPER "Node"
NEWLINE
IDENT "parseCat"
IDENT "st"
EQUAL
IDENT "catOf"
LPAREN
IDENT "parseSeq"
IDENT "st"
LBRACKET
RBRACKET
RPAREN
NEWLINE
IDENT "catOf"
COLON
UPPER "List"
UPPER "Node"
ARROW
UPPER "Node"
NEWLINE
IDENT "catOf"
LBRACKET
RBRACKET
EQUAL
UPPER "NEmpty"
NEWLINE
IDENT "catOf"
LPAREN
IDENT "x"
CONS
LBRACKET
RBRACKET
RPAREN
EQUAL
IDENT "x"
NEWLINE
IDENT "catOf"
LPAREN
IDENT "x"
CONS
IDENT "rest"
RPAREN
EQUAL
UPPER "NCat"
IDENT "x"
LPAREN
IDENT "catOf"
IDENT "rest"
RPAREN
NEWLINE
IDENT "parseSeq"
COLON
UPPER "PState"
ARROW
UPPER "List"
UPPER "Node"
ARROW
UPPER "List"
UPPER "Node"
NEWLINE
IDENT "parseSeq"
IDENT "st"
IDENT "acc"
EQUAL
INDENT
IF
IDENT "hasErr"
IDENT "st"
OR
IDENT "atEnd"
IDENT "st"
OR
IDENT "isAt"
IDENT "st"
CHAR "|"
OR
IDENT "isAt"
IDENT "st"
CHAR ")"
THEN
INDENT
IDENT "reverse"
IDENT "acc"
NEWLINE
DEDENT
ELSE
INDENT
LET
IDENT "item"
EQUAL
IDENT "parsePiece"
IDENT "st"
NEWLINE
IDENT "parseSeq"
IDENT "st"
LPAREN
IDENT "item"
CONS
IDENT "acc"
RPAREN
NEWLINE
DEDENT
NEWLINE
DEDENT
NEWLINE
IDENT "parsePiece"
COLON
UPPER "PState"
ARROW
UPPER "Node"
NEWLINE
IDENT "parsePiece"
IDENT "st"
EQUAL
INDENT
LET
IDENT "atom"
EQUAL
IDENT "parseAtom"
IDENT "st"
NEWLINE
IDENT "parseQuant"
IDENT "st"
IDENT "atom"
NEWLINE
DEDENT
NEWLINE
IDENT "parseQuant"
COLON
UPPER "PState"
ARROW
UPPER "Node"
ARROW
UPPER "Node"
NEWLINE
IDENT "parseQuant"
IDENT "st"
IDENT "node"
EQUAL
INDENT
IF
IDENT "hasErr"
IDENT "st"
THEN
INDENT
IDENT "node"
NEWLINE
DEDENT
ELSE
IF
IDENT "isAt"
IDENT "st"
CHAR "*"
THEN
INDENT
IDENT "advance"
IDENT "st"
NEWLINE
IDENT "parseQuant"
IDENT "st"
LPAREN
UPPER "NStar"
LPAREN
IDENT "greedFlag"
IDENT "st"
RPAREN
IDENT "node"
RPAREN
NEWLINE
DEDENT
ELSE
IF
IDENT "isAt"
IDENT "st"
CHAR "+"
THEN
INDENT
IDENT "advance"
IDENT "st"
NEWLINE
IDENT "parseQuant"
IDENT "st"
LPAREN
UPPER "NPlus"
LPAREN
IDENT "greedFlag"
IDENT "st"
RPAREN
IDENT "node"
RPAREN
NEWLINE
DEDENT
ELSE
IF
IDENT "isAt"
IDENT "st"
CHAR "?"
THEN
INDENT
IDENT "advance"
IDENT "st"
NEWLINE
IDENT "parseQuant"
IDENT "st"
LPAREN
UPPER "NOpt"
LPAREN
IDENT "greedFlag"
IDENT "st"
RPAREN
IDENT "node"
RPAREN
NEWLINE
DEDENT
ELSE
IF
IDENT "isAt"
IDENT "st"
CHAR "{"
THEN
INDENT
IDENT "parseBrace"
IDENT "st"
IDENT "node"
NEWLINE
DEDENT
ELSE
INDENT
IDENT "node"
NEWLINE
DEDENT
NEWLINE
DEDENT
NEWLINE
IDENT "greedFlag"
COLON
UPPER "PState"
ARROW
UPPER "Bool"
NEWLINE
IDENT "greedFlag"
IDENT "st"
EQUAL
INDENT
IF
IDENT "isAt"
IDENT "st"
CHAR "?"
THEN
INDENT
IDENT "advance"
IDENT "st"
NEWLINE
UPPER "False"
NEWLINE
DEDENT
ELSE
INDENT
UPPER "True"
NEWLINE
DEDENT
NEWLINE
DEDENT
NEWLINE
IDENT "parseBrace"
COLON
UPPER "PState"
ARROW
UPPER "Node"
ARROW
UPPER "Node"
NEWLINE
IDENT "parseBrace"
IDENT "st"
IDENT "node"
EQUAL
INDENT
LET
IDENT "save"
EQUAL
BANG
IDENT "st"
DOT
IDENT "pos"
NEWLINE
IDENT "advance"
IDENT "st"
NEWLINE
MATCH
IDENT "parseDigits"
IDENT "st"
INDENT
UPPER "None"
FAT_ARROW
IDENT "rewind"
IDENT "st"
IDENT "save"
IDENT "node"
NEWLINE
UPPER "Some"
IDENT "lo"
FAT_ARROW
INDENT
IF
IDENT "isAt"
IDENT "st"
CHAR "}"
THEN
INDENT
IDENT "advance"
IDENT "st"
NEWLINE
IDENT "finishRepeat"
IDENT "st"
IDENT "node"
IDENT "lo"
IDENT "lo"
NEWLINE
DEDENT
ELSE
IF
IDENT "isAt"
IDENT "st"
CHAR ","
THEN
INDENT
IDENT "advance"
IDENT "st"
NEWLINE
IDENT "parseBraceUpper"
IDENT "st"
IDENT "node"
IDENT "save"
IDENT "lo"
NEWLINE
DEDENT
ELSE
INDENT
IDENT "rewind"
IDENT "st"
IDENT "save"
IDENT "node"
NEWLINE
DEDENT
NEWLINE
DEDENT
NEWLINE
DEDENT
NEWLINE
DEDENT
NEWLINE
IDENT "parseBraceUpper"
COLON
UPPER "PState"
ARROW
UPPER "Node"
ARROW
UPPER "Int"
ARROW
UPPER "Int"
ARROW
UPPER "Node"
NEWLINE
IDENT "parseBraceUpper"
IDENT "st"
IDENT "node"
IDENT "save"
IDENT "lo"
EQUAL
INDENT
IF
IDENT "isAt"
IDENT "st"
CHAR "}"
THEN
INDENT
IDENT "advance"
IDENT "st"
NEWLINE
IDENT "finishRepeat"
IDENT "st"
IDENT "node"
IDENT "lo"
LPAREN
MINUS
INT 1
RPAREN
NEWLINE
DEDENT
ELSE
MATCH
IDENT "parseDigits"
IDENT "st"
INDENT
UPPER "None"
FAT_ARROW
IDENT "rewind"
IDENT "st"
IDENT "save"
IDENT "node"
NEWLINE
UPPER "Some"
IDENT "hi"
FAT_ARROW
INDENT
IF
IDENT "isAt"
IDENT "st"
CHAR "}"
THEN
INDENT
IDENT "advance"
IDENT "st"
NEWLINE
IDENT "finishRepeat"
IDENT "st"
IDENT "node"
IDENT "lo"
IDENT "hi"
NEWLINE
DEDENT
ELSE
INDENT
IDENT "rewind"
IDENT "st"
IDENT "save"
IDENT "node"
NEWLINE
DEDENT
NEWLINE
DEDENT
NEWLINE
DEDENT
NEWLINE
DEDENT
NEWLINE
IDENT "rewind"
COLON
UPPER "PState"
ARROW
UPPER "Int"
ARROW
UPPER "Node"
ARROW
UPPER "Node"
NEWLINE
IDENT "rewind"
IDENT "st"
IDENT "save"
IDENT "node"
EQUAL
INDENT
IDENT "st"
DOT
IDENT "pos"
COLONEQ
IDENT "save"
NEWLINE
IDENT "node"
NEWLINE
DEDENT
NEWLINE
IDENT "parseDigits"
COLON
UPPER "PState"
ARROW
UPPER "Option"
UPPER "Int"
NEWLINE
IDENT "parseDigits"
IDENT "st"
EQUAL
INDENT
IF
IDENT "atEnd"
IDENT "st"
OR
IDENT "not"
LPAREN
IDENT "isDigit"
LPAREN
IDENT "cur"
IDENT "st"
RPAREN
RPAREN
THEN
UPPER "None"
ELSE
IDENT "digitsGo"
IDENT "st"
INT 0
NEWLINE
DEDENT
NEWLINE
IDENT "digitsGo"
COLON
UPPER "PState"
ARROW
UPPER "Int"
ARROW
UPPER "Option"
UPPER "Int"
NEWLINE
IDENT "digitsGo"
IDENT "st"
IDENT "acc"
EQUAL
INDENT
IF
IDENT "atEnd"
IDENT "st"
OR
IDENT "not"
LPAREN
IDENT "isDigit"
LPAREN
IDENT "cur"
IDENT "st"
RPAREN
RPAREN
THEN
INDENT
UPPER "Some"
IDENT "acc"
NEWLINE
DEDENT
ELSE
IF
IDENT "acc"
GT
IDENT "repeatCap"
THEN
INDENT
UPPER "Some"
IDENT "acc"
NEWLINE
DEDENT
ELSE
INDENT
LET
IDENT "d"
EQUAL
IDENT "charCode"
LPAREN
IDENT "cur"
IDENT "st"
RPAREN
MINUS
INT 48
NEWLINE
IDENT "advance"
IDENT "st"
NEWLINE
IDENT "digitsGo"
IDENT "st"
LPAREN
IDENT "acc"
STAR
INT 10
PLUS
IDENT "d"
RPAREN
NEWLINE
DEDENT
NEWLINE
DEDENT
NEWLINE
IDENT "finishRepeat"
COLON
UPPER "PState"
ARROW
UPPER "Node"
ARROW
UPPER "Int"
ARROW
UPPER "Int"
ARROW
UPPER "Node"
NEWLINE
IDENT "finishRepeat"
IDENT "st"
IDENT "node"
IDENT "lo"
IDENT "hi"
EQUAL
INDENT
IF
IDENT "lo"
GT
IDENT "repeatCap"
OR
IDENT "hi"
GT
IDENT "repeatCap"
THEN
INDENT
IDENT "failAt"
IDENT "st"
STRING "repetition bound is larger than the maximum of 1000"
NEWLINE
IDENT "node"
NEWLINE
DEDENT
ELSE
IF
IDENT "hi"
GEQ
INT 0
AND
IDENT "hi"
LT
IDENT "lo"
THEN
INDENT
IDENT "failAt"
IDENT "st"
STRING "repetition bounds are out of order"
NEWLINE
IDENT "node"
NEWLINE
DEDENT
ELSE
IF
IDENT "repeatWidth"
IDENT "lo"
IDENT "hi"
STAR
IDENT "nodeSize"
IDENT "node"
GT
IDENT "progCap"
THEN
INDENT
IDENT "failAt"
IDENT "st"
STRING "pattern compiles to more than 20000 instructions"
NEWLINE
IDENT "node"
NEWLINE
DEDENT
ELSE
INDENT
LET
IDENT "greedy"
EQUAL
IDENT "greedFlag"
IDENT "st"
NEWLINE
IDENT "parseQuant"
IDENT "st"
LPAREN
IDENT "expandRepeat"
IDENT "greedy"
IDENT "node"
IDENT "lo"
IDENT "hi"
RPAREN
NEWLINE
DEDENT
NEWLINE
DEDENT
NEWLINE
IDENT "repeatWidth"
COLON
UPPER "Int"
ARROW
UPPER "Int"
ARROW
UPPER "Int"
NEWLINE
IDENT "repeatWidth"
IDENT "lo"
IDENT "hi"
EQUAL
IF
IDENT "hi"
LT
INT 0
THEN
IDENT "lo"
PLUS
INT 2
ELSE
IDENT "hi"
PLUS
INT 1
NEWLINE
IDENT "expandRepeat"
COLON
UPPER "Bool"
ARROW
UPPER "Node"
ARROW
UPPER "Int"
ARROW
UPPER "Int"
ARROW
UPPER "Node"
NEWLINE
IDENT "expandRepeat"
IDENT "greedy"
IDENT "node"
IDENT "lo"
IDENT "hi"
EQUAL
INDENT
IF
IDENT "hi"
LT
INT 0
THEN
INDENT
IDENT "catRepeat"
IDENT "node"
IDENT "lo"
LPAREN
UPPER "NStar"
IDENT "greedy"
IDENT "node"
RPAREN
NEWLINE
DEDENT
ELSE
INDENT
IDENT "catRepeat"
IDENT "node"
IDENT "lo"
LPAREN
IDENT "optChain"
IDENT "greedy"
IDENT "node"
LPAREN
IDENT "hi"
MINUS
IDENT "lo"
RPAREN
RPAREN
NEWLINE
DEDENT
NEWLINE
DEDENT
NEWLINE
IDENT "catRepeat"
COLON
UPPER "Node"
ARROW
UPPER "Int"
ARROW
UPPER "Node"
ARROW
UPPER "Node"
NEWLINE
IDENT "catRepeat"
IDENT "node"
IDENT "n"
IDENT "rest"
EQUAL
INDENT
IF
IDENT "n"
LEQ
INT 0
THEN
IDENT "rest"
ELSE
UPPER "NCat"
IDENT "node"
LPAREN
IDENT "catRepeat"
IDENT "node"
LPAREN
IDENT "n"
MINUS
INT 1
RPAREN
IDENT "rest"
RPAREN
NEWLINE
DEDENT
NEWLINE
IDENT "optChain"
COLON
UPPER "Bool"
ARROW
UPPER "Node"
ARROW
UPPER "Int"
ARROW
UPPER "Node"
NEWLINE
IDENT "optChain"
IDENT "greedy"
IDENT "node"
IDENT "k"
EQUAL
INDENT
IF
IDENT "k"
LEQ
INT 0
THEN
INDENT
UPPER "NEmpty"
NEWLINE
DEDENT
ELSE
INDENT
UPPER "NOpt"
IDENT "greedy"
LPAREN
UPPER "NCat"
IDENT "node"
LPAREN
IDENT "optChain"
IDENT "greedy"
IDENT "node"
LPAREN
IDENT "k"
MINUS
INT 1
RPAREN
RPAREN
RPAREN
NEWLINE
DEDENT
NEWLINE
DEDENT
NEWLINE
IDENT "parseAtom"
COLON
UPPER "PState"
ARROW
UPPER "Node"
NEWLINE
IDENT "parseAtom"
IDENT "st"
EQUAL
INDENT
IF
IDENT "atEnd"
IDENT "st"
THEN
INDENT
IDENT "failAt"
IDENT "st"
STRING "pattern ends where an expression was expected"
NEWLINE
UPPER "NEmpty"
NEWLINE
DEDENT
ELSE
INDENT
LET
IDENT "c"
EQUAL
IDENT "cur"
IDENT "st"
NEWLINE
IF
IDENT "c"
EQ_EQ
CHAR "("
THEN
INDENT
IDENT "parseGroup"
IDENT "st"
NEWLINE
DEDENT
ELSE
IF
IDENT "c"
EQ_EQ
CHAR "["
THEN
INDENT
IDENT "parseSet"
IDENT "st"
NEWLINE
DEDENT
ELSE
IF
IDENT "c"
EQ_EQ
CHAR "."
THEN
INDENT
IDENT "advance"
IDENT "st"
NEWLINE
UPPER "NAny"
IDENT "st"
DOT
IDENT "dotAll"
NEWLINE
DEDENT
ELSE
IF
IDENT "c"
EQ_EQ
CHAR "^"
THEN
INDENT
IDENT "advance"
IDENT "st"
NEWLINE
UPPER "NAssert"
IDENT "asStart"
NEWLINE
DEDENT
ELSE
IF
IDENT "c"
EQ_EQ
CHAR "$"
THEN
INDENT
IDENT "advance"
IDENT "st"
NEWLINE
UPPER "NAssert"
IDENT "asEnd"
NEWLINE
DEDENT
ELSE
IF
IDENT "c"
EQ_EQ
CHAR "\\"
THEN
INDENT
IDENT "parseEscape"
IDENT "st"
NEWLINE
DEDENT
ELSE
IF
IDENT "c"
EQ_EQ
CHAR "*"
OR
IDENT "c"
EQ_EQ
CHAR "+"
OR
IDENT "c"
EQ_EQ
CHAR "?"
THEN
INDENT
IDENT "failAt"
IDENT "st"
STRING "repetition operator with nothing to repeat"
NEWLINE
IDENT "advance"
IDENT "st"
NEWLINE
UPPER "NEmpty"
NEWLINE
DEDENT
ELSE
INDENT
IDENT "advance"
IDENT "st"
NEWLINE
IDENT "litNode"
IDENT "st"
LPAREN
IDENT "charCode"
IDENT "c"
RPAREN
NEWLINE
DEDENT
NEWLINE
DEDENT
NEWLINE
DEDENT
NEWLINE
IDENT "litNode"
COLON
UPPER "PState"
ARROW
UPPER "Int"
ARROW
UPPER "Node"
NEWLINE
IDENT "litNode"
IDENT "st"
IDENT "code"
EQUAL
INDENT
IF
IDENT "st"
DOT
IDENT "fold"
AND
IDENT "isAsciiLetterCode"
IDENT "code"
THEN
INDENT
UPPER "NSet"
LPAREN
IDENT "flattenRanges"
LPAREN
IDENT "foldRanges"
LBRACKET
LPAREN
IDENT "code"
COMMA
IDENT "code"
RPAREN
RBRACKET
RPAREN
RPAREN
UPPER "False"
NEWLINE
DEDENT
ELSE
INDENT
UPPER "NChar"
IDENT "code"
NEWLINE
DEDENT
NEWLINE
DEDENT
NEWLINE
IDENT "parseGroup"
COLON
UPPER "PState"
ARROW
UPPER "Node"
NEWLINE
IDENT "parseGroup"
IDENT "st"
EQUAL
INDENT
IDENT "advance"
IDENT "st"
NEWLINE
IF
IDENT "isAt"
IDENT "st"
CHAR "?"
THEN
INDENT
IF
IDENT "peekIs"
IDENT "st"
INT 1
CHAR ":"
THEN
INDENT
IDENT "advance"
IDENT "st"
NEWLINE
IDENT "advance"
IDENT "st"
NEWLINE
IDENT "groupBody"
IDENT "st"
INT 0
NEWLINE
DEDENT
ELSE
INDENT
IDENT "failAt"
IDENT "st"
LPAREN
IDENT "groupRefusal"
IDENT "st"
RPAREN
NEWLINE
UPPER "NEmpty"
NEWLINE
DEDENT
NEWLINE
DEDENT
ELSE
INDENT
LET
IDENT "idx"
EQUAL
BANG
IDENT "st"
DOT
IDENT "ngroups"
PLUS
INT 1
NEWLINE
IDENT "st"
DOT
IDENT "ngroups"
COLONEQ
IDENT "idx"
NEWLINE
IDENT "groupBody"
IDENT "st"
IDENT "idx"
NEWLINE
DEDENT
NEWLINE
DEDENT
NEWLINE
IDENT "groupBody"
COLON
UPPER "PState"
ARROW
UPPER "Int"
ARROW
UPPER "Node"
NEWLINE
IDENT "groupBody"
IDENT "st"
IDENT "idx"
EQUAL
INDENT
LET
IDENT "body"
EQUAL
IDENT "parseAlt"
IDENT "st"
NEWLINE
IF
IDENT "isAt"
IDENT "st"
CHAR ")"
THEN
INDENT
IDENT "advance"
IDENT "st"
NEWLINE
IF
IDENT "idx"
EQ_EQ
INT 0
THEN
IDENT "body"
ELSE
UPPER "NGroup"
IDENT "idx"
IDENT "body"
NEWLINE
DEDENT
ELSE
INDENT
IDENT "failAt"
IDENT "st"
STRING "pattern is missing a closing )"
NEWLINE
UPPER "NEmpty"
NEWLINE
DEDENT
NEWLINE
DEDENT
NEWLINE
IDENT "groupRefusal"
COLON
UPPER "PState"
ARROW
UPPER "String"
NEWLINE
IDENT "groupRefusal"
IDENT "st"
EQUAL
MATCH
IDENT "peekAt"
IDENT "st"
INT 1
INDENT
UPPER "Some"
CHAR "="
FAT_ARROW
STRING "lookahead is not supported"
NEWLINE
UPPER "Some"
CHAR "!"
FAT_ARROW
STRING "lookahead is not supported"
NEWLINE
UPPER "Some"
CHAR "<"
FAT_ARROW
STRING "named groups and lookbehind are not supported"
NEWLINE
UPPER "Some"
CHAR "P"
FAT_ARROW
STRING "named groups are not supported"
NEWLINE
UPPER "Some"
CHAR "i"
FAT_ARROW
STRING "flags are only allowed at the start of the pattern"
NEWLINE
UPPER "Some"
CHAR "m"
FAT_ARROW
STRING "flags are only allowed at the start of the pattern"
NEWLINE
UPPER "Some"
CHAR "s"
FAT_ARROW
STRING "flags are only allowed at the start of the pattern"
NEWLINE
UNDERSCORE
FAT_ARROW
STRING "unsupported group syntax after (?"
NEWLINE
DEDENT
NEWLINE
IDENT "parseEscape"
COLON
UPPER "PState"
ARROW
UPPER "Node"
NEWLINE
IDENT "parseEscape"
IDENT "st"
EQUAL
MATCH
IDENT "peekAt"
IDENT "st"
INT 1
INDENT
UPPER "None"
FAT_ARROW
INDENT
IDENT "advance"
IDENT "st"
NEWLINE
IDENT "failAt"
IDENT "st"
STRING "pattern ends in a backslash"
NEWLINE
UPPER "NEmpty"
NEWLINE
DEDENT
NEWLINE
UPPER "Some"
IDENT "c"
FAT_ARROW
INDENT
IF
IDENT "c"
EQ_EQ
CHAR "d"
THEN
INDENT
IDENT "skip2"
IDENT "st"
LPAREN
UPPER "NSet"
LPAREN
IDENT "flattenRanges"
IDENT "digitRanges"
RPAREN
UPPER "False"
RPAREN
NEWLINE
DEDENT
ELSE
IF
IDENT "c"
EQ_EQ
CHAR "D"
THEN
INDENT
IDENT "skip2"
IDENT "st"
LPAREN
UPPER "NSet"
LPAREN
IDENT "flattenRanges"
IDENT "digitRanges"
RPAREN
UPPER "True"
RPAREN
NEWLINE
DEDENT
ELSE
IF
IDENT "c"
EQ_EQ
CHAR "w"
THEN
INDENT
IDENT "skip2"
IDENT "st"
LPAREN
UPPER "NSet"
IDENT "wordSet"
UPPER "False"
RPAREN
NEWLINE
DEDENT
ELSE
IF
IDENT "c"
EQ_EQ
CHAR "W"
THEN
INDENT
IDENT "skip2"
IDENT "st"
LPAREN
UPPER "NSet"
IDENT "wordSet"
UPPER "True"
RPAREN
NEWLINE
DEDENT
ELSE
IF
IDENT "c"
EQ_EQ
CHAR "s"
THEN
INDENT
IDENT "skip2"
IDENT "st"
LPAREN
UPPER "NSet"
LPAREN
IDENT "flattenRanges"
IDENT "spaceRanges"
RPAREN
UPPER "False"
RPAREN
NEWLINE
DEDENT
ELSE
IF
IDENT "c"
EQ_EQ
CHAR "S"
THEN
INDENT
IDENT "skip2"
IDENT "st"
LPAREN
UPPER "NSet"
LPAREN
IDENT "flattenRanges"
IDENT "spaceRanges"
RPAREN
UPPER "True"
RPAREN
NEWLINE
DEDENT
ELSE
IF
IDENT "c"
EQ_EQ
CHAR "b"
THEN
INDENT
IDENT "skip2"
IDENT "st"
LPAREN
UPPER "NAssert"
IDENT "asWordB"
RPAREN
NEWLINE
DEDENT
ELSE
IF
IDENT "c"
EQ_EQ
CHAR "B"
THEN
INDENT
IDENT "skip2"
IDENT "st"
LPAREN
UPPER "NAssert"
IDENT "asNotWordB"
RPAREN
NEWLINE
DEDENT
ELSE
MATCH
IDENT "escapeCode"
IDENT "st"
INDENT
UPPER "None"
FAT_ARROW
UPPER "NEmpty"
NEWLINE
UPPER "Some"
IDENT "code"
FAT_ARROW
IDENT "litNode"
IDENT "st"
IDENT "code"
NEWLINE
DEDENT
NEWLINE
DEDENT
NEWLINE
DEDENT
NEWLINE
IDENT "escapeCode"
COLON
UPPER "PState"
ARROW
UPPER "Option"
UPPER "Int"
NEWLINE
IDENT "escapeCode"
IDENT "st"
EQUAL
INDENT
IDENT "advance"
IDENT "st"
NEWLINE
MATCH
IDENT "peekAt"
IDENT "st"
INT 0
INDENT
UPPER "None"
FAT_ARROW
INDENT
IDENT "failAt"
IDENT "st"
STRING "pattern ends in a backslash"
NEWLINE
UPPER "None"
NEWLINE
DEDENT
NEWLINE
UPPER "Some"
IDENT "c"
FAT_ARROW
INDENT
IDENT "advance"
IDENT "st"
NEWLINE
IF
IDENT "c"
EQ_EQ
CHAR "n"
THEN
INDENT
UPPER "Some"
INT 10
NEWLINE
DEDENT
ELSE
IF
IDENT "c"
EQ_EQ
CHAR "t"
THEN
INDENT
UPPER "Some"
INT 9
NEWLINE
DEDENT
ELSE
IF
IDENT "c"
EQ_EQ
CHAR "r"
THEN
INDENT
UPPER "Some"
INT 13
NEWLINE
DEDENT
ELSE
IF
IDENT "c"
EQ_EQ
CHAR "x"
THEN
INDENT
IDENT "hexCode"
IDENT "st"
INT 2
NEWLINE
DEDENT
ELSE
IF
IDENT "c"
EQ_EQ
CHAR "u"
THEN
INDENT
IDENT "braceHexCode"
IDENT "st"
NEWLINE
DEDENT
ELSE
IF
IDENT "c"
EQ_EQ
CHAR "p"
OR
IDENT "c"
EQ_EQ
CHAR "P"
THEN
INDENT
IDENT "failAt"
IDENT "st"
STRING "Unicode character classes are not supported"
NEWLINE
UPPER "None"
NEWLINE
DEDENT
ELSE
IF
IDENT "isDigit"
IDENT "c"
THEN
INDENT
IDENT "failAt"
IDENT "st"
STRING "backreferences are not supported"
NEWLINE
UPPER "None"
NEWLINE
DEDENT
ELSE
IF
IDENT "charIsAlpha"
IDENT "c"
THEN
INDENT
IDENT "failAt"
IDENT "st"
STRING "unknown escape sequence"
NEWLINE
UPPER "None"
NEWLINE
DEDENT
ELSE
INDENT
UPPER "Some"
LPAREN
IDENT "charCode"
IDENT "c"
RPAREN
NEWLINE
DEDENT
NEWLINE
DEDENT
NEWLINE
DEDENT
NEWLINE
DEDENT
NEWLINE
IDENT "hexCode"
COLON
UPPER "PState"
ARROW
UPPER "Int"
ARROW
UPPER "Option"
UPPER "Int"
NEWLINE
IDENT "hexCode"
IDENT "st"
IDENT "n"
EQUAL
IDENT "hexGo"
IDENT "st"
IDENT "n"
INT 0
NEWLINE
IDENT "hexGo"
COLON
UPPER "PState"
ARROW
UPPER "Int"
ARROW
UPPER "Int"
ARROW
UPPER "Option"
UPPER "Int"
NEWLINE
IDENT "hexGo"
IDENT "st"
IDENT "n"
IDENT "acc"
EQUAL
INDENT
IF
IDENT "n"
LEQ
INT 0
THEN
INDENT
UPPER "Some"
IDENT "acc"
NEWLINE
DEDENT
ELSE
MATCH
IDENT "peekAt"
IDENT "st"
INT 0
INDENT
UPPER "None"
FAT_ARROW
INDENT
IDENT "failAt"
IDENT "st"
STRING "incomplete hexadecimal escape"
NEWLINE
UPPER "None"
NEWLINE
DEDENT
NEWLINE
UPPER "Some"
IDENT "c"
FAT_ARROW
MATCH
IDENT "hexValue"
IDENT "c"
INDENT
UPPER "None"
FAT_ARROW
INDENT
IDENT "failAt"
IDENT "st"
STRING "incomplete hexadecimal escape"
NEWLINE
UPPER "None"
NEWLINE
DEDENT
NEWLINE
UPPER "Some"
IDENT "v"
FAT_ARROW
INDENT
IDENT "advance"
IDENT "st"
NEWLINE
IDENT "hexGo"
IDENT "st"
LPAREN
IDENT "n"
MINUS
INT 1
RPAREN
LPAREN
IDENT "acc"
STAR
INT 16
PLUS
IDENT "v"
RPAREN
NEWLINE
DEDENT
NEWLINE
DEDENT
NEWLINE
DEDENT
NEWLINE
DEDENT
NEWLINE
IDENT "hexValue"
COLON
UPPER "Char"
ARROW
UPPER "Option"
UPPER "Int"
NEWLINE
IDENT "hexValue"
IDENT "c"
EQUAL
INDENT
LET
IDENT "n"
EQUAL
IDENT "charCode"
IDENT "c"
NEWLINE
IF
IDENT "n"
GEQ
INT 48
AND
IDENT "n"
LEQ
INT 57
THEN
INDENT
UPPER "Some"
LPAREN
IDENT "n"
MINUS
INT 48
RPAREN
NEWLINE
DEDENT
ELSE
IF
IDENT "n"
GEQ
INT 97
AND
IDENT "n"
LEQ
INT 102
THEN
INDENT
UPPER "Some"
LPAREN
IDENT "n"
MINUS
INT 87
RPAREN
NEWLINE
DEDENT
ELSE
IF
IDENT "n"
GEQ
INT 65
AND
IDENT "n"
LEQ
INT 70
THEN
INDENT
UPPER "Some"
LPAREN
IDENT "n"
MINUS
INT 55
RPAREN
NEWLINE
DEDENT
ELSE
INDENT
UPPER "None"
NEWLINE
DEDENT
NEWLINE
DEDENT
NEWLINE
IDENT "braceHexCode"
COLON
UPPER "PState"
ARROW
UPPER "Option"
UPPER "Int"
NEWLINE
IDENT "braceHexCode"
IDENT "st"
EQUAL
INDENT
IF
IDENT "not"
LPAREN
IDENT "isAt"
IDENT "st"
CHAR "{"
RPAREN
THEN
INDENT
IDENT "failAt"
IDENT "st"
STRING "\\u must be followed by a braced hexadecimal codepoint"
NEWLINE
UPPER "None"
NEWLINE
DEDENT
ELSE
INDENT
IDENT "advance"
IDENT "st"
NEWLINE
MATCH
IDENT "braceHexGo"
IDENT "st"
INT 0
INT 0
INDENT
UPPER "None"
FAT_ARROW
UPPER "None"
NEWLINE
UPPER "Some"
IDENT "code"
FAT_ARROW
INDENT
IF
IDENT "code"
GT
IDENT "maxCode"
THEN
INDENT
IDENT "failAt"
IDENT "st"
STRING "codepoint is above the Unicode maximum"
NEWLINE
UPPER "None"
NEWLINE
DEDENT
ELSE
INDENT
UPPER "Some"
IDENT "code"
NEWLINE
DEDENT
NEWLINE
DEDENT
NEWLINE
DEDENT
NEWLINE
DEDENT
NEWLINE
DEDENT
NEWLINE
IDENT "braceHexGo"
COLON
UPPER "PState"
ARROW
UPPER "Int"
ARROW
UPPER "Int"
ARROW
UPPER "Option"
UPPER "Int"
NEWLINE
IDENT "braceHexGo"
IDENT "st"
IDENT "seen"
IDENT "acc"
EQUAL
INDENT
IF
IDENT "isAt"
IDENT "st"
CHAR "}"
THEN
INDENT
IDENT "advance"
IDENT "st"
NEWLINE
IF
IDENT "seen"
EQ_EQ
INT 0
THEN
INDENT
IDENT "failAt"
IDENT "st"
STRING "\\u{} needs at least one hexadecimal digit"
NEWLINE
UPPER "None"
NEWLINE
DEDENT
ELSE
INDENT
UPPER "Some"
IDENT "acc"
NEWLINE
DEDENT
NEWLINE
DEDENT
ELSE
MATCH
IDENT "peekAt"
IDENT "st"
INT 0
INDENT
UPPER "None"
FAT_ARROW
INDENT
IDENT "failAt"
IDENT "st"
STRING "\\u{ is missing its closing brace"
NEWLINE
UPPER "None"
NEWLINE
DEDENT
NEWLINE
UPPER "Some"
IDENT "c"
FAT_ARROW
MATCH
IDENT "hexValue"
IDENT "c"
INDENT
UPPER "None"
FAT_ARROW
INDENT
IDENT "failAt"
IDENT "st"
STRING "\\u{ is missing its closing brace"
NEWLINE
UPPER "None"
NEWLINE
DEDENT
NEWLINE
UPPER "Some"
IDENT "v"
FAT_ARROW
INDENT
IDENT "advance"
IDENT "st"
NEWLINE
IDENT "braceHexGo"
IDENT "st"
LPAREN
IDENT "seen"
PLUS
INT 1
RPAREN
LPAREN
IDENT "acc"
STAR
INT 16
PLUS
IDENT "v"
RPAREN
NEWLINE
DEDENT
NEWLINE
DEDENT
NEWLINE
DEDENT
NEWLINE
DEDENT
NEWLINE
IDENT "parseSet"
COLON
UPPER "PState"
ARROW
UPPER "Node"
NEWLINE
IDENT "parseSet"
IDENT "st"
EQUAL
INDENT
IDENT "advance"
IDENT "st"
NEWLINE
LET
IDENT "negated"
EQUAL
IDENT "setNegated"
IDENT "st"
NEWLINE
LET
IDENT "rs"
EQUAL
IDENT "setItems"
IDENT "st"
LBRACKET
RBRACKET
NEWLINE
IF
IDENT "hasErr"
IDENT "st"
THEN
INDENT
UPPER "NEmpty"
NEWLINE
DEDENT
ELSE
IF
IDENT "isEmptyRanges"
IDENT "rs"
THEN
INDENT
IDENT "failAt"
IDENT "st"
STRING "empty character class"
NEWLINE
UPPER "NEmpty"
NEWLINE
DEDENT
ELSE
INDENT
LET
IDENT "folded"
EQUAL
IF
IDENT "st"
DOT
IDENT "fold"
THEN
IDENT "foldRanges"
IDENT "rs"
ELSE
IDENT "rs"
NEWLINE
UPPER "NSet"
LPAREN
IDENT "flattenRanges"
IDENT "folded"
RPAREN
IDENT "negated"
NEWLINE
DEDENT
NEWLINE
DEDENT
NEWLINE
IDENT "setNegated"
COLON
UPPER "PState"
ARROW
UPPER "Bool"
NEWLINE
IDENT "setNegated"
IDENT "st"
EQUAL
INDENT
IF
IDENT "isAt"
IDENT "st"
CHAR "^"
THEN
INDENT
IDENT "advance"
IDENT "st"
NEWLINE
UPPER "True"
NEWLINE
DEDENT
ELSE
INDENT
UPPER "False"
NEWLINE
DEDENT
NEWLINE
DEDENT
NEWLINE
IDENT "isEmptyRanges"
COLON
UPPER "List"
LPAREN
UPPER "Int"
COMMA
UPPER "Int"
RPAREN
ARROW
UPPER "Bool"
NEWLINE
IDENT "isEmptyRanges"
LBRACKET
RBRACKET
EQUAL
UPPER "True"
NEWLINE
IDENT "isEmptyRanges"
UNDERSCORE
EQUAL
UPPER "False"
NEWLINE
IDENT "setItems"
COLON
UPPER "PState"
ARROW
UPPER "List"
LPAREN
UPPER "Int"
COMMA
UPPER "Int"
RPAREN
ARROW
UPPER "List"
LPAREN
UPPER "Int"
COMMA
UPPER "Int"
RPAREN
NEWLINE
IDENT "setItems"
IDENT "st"
IDENT "acc"
EQUAL
INDENT
IF
IDENT "hasErr"
IDENT "st"
THEN
INDENT
IDENT "acc"
NEWLINE
DEDENT
ELSE
IF
IDENT "atEnd"
IDENT "st"
THEN
INDENT
IDENT "failAt"
IDENT "st"
STRING "character class is missing a closing ]"
NEWLINE
IDENT "acc"
NEWLINE
DEDENT
ELSE
IF
IDENT "isAt"
IDENT "st"
CHAR "]"
THEN
INDENT
IDENT "advance"
IDENT "st"
NEWLINE
IDENT "acc"
NEWLINE
DEDENT
ELSE
IF
IDENT "isAt"
IDENT "st"
CHAR "["
AND
IDENT "peekIs"
IDENT "st"
INT 1
CHAR ":"
THEN
INDENT
IDENT "failAt"
IDENT "st"
STRING "POSIX character classes are not supported"
NEWLINE
IDENT "acc"
NEWLINE
DEDENT
ELSE
MATCH
IDENT "setItem"
IDENT "st"
INDENT
UPPER "None"
FAT_ARROW
IDENT "acc"
NEWLINE
UPPER "Some"
IDENT "rs"
FAT_ARROW
IDENT "setItems"
IDENT "st"
LPAREN
IDENT "rs"
PLUSPLUS
IDENT "acc"
RPAREN
NEWLINE
DEDENT
NEWLINE
DEDENT
NEWLINE
IDENT "setItem"
COLON
UPPER "PState"
ARROW
UPPER "Option"
LPAREN
UPPER "List"
LPAREN
UPPER "Int"
COMMA
UPPER "Int"
RPAREN
RPAREN
NEWLINE
IDENT "setItem"
IDENT "st"
EQUAL
INDENT
IF
IDENT "isAt"
IDENT "st"
CHAR "\\"
THEN
INDENT
IDENT "setEscapeItem"
IDENT "st"
NEWLINE
DEDENT
ELSE
INDENT
LET
IDENT "c"
EQUAL
IDENT "cur"
IDENT "st"
NEWLINE
IDENT "advance"
IDENT "st"
NEWLINE
IDENT "setRangeFrom"
IDENT "st"
LPAREN
IDENT "charCode"
IDENT "c"
RPAREN
NEWLINE
DEDENT
NEWLINE
DEDENT
NEWLINE
IDENT "setEscapeItem"
COLON
UPPER "PState"
ARROW
UPPER "Option"
LPAREN
UPPER "List"
LPAREN
UPPER "Int"
COMMA
UPPER "Int"
RPAREN
RPAREN
NEWLINE
IDENT "setEscapeItem"
IDENT "st"
EQUAL
MATCH
IDENT "peekAt"
IDENT "st"
INT 1
INDENT
UPPER "None"
FAT_ARROW
INDENT
IDENT "advance"
IDENT "st"
NEWLINE
IDENT "failAt"
IDENT "st"
STRING "pattern ends in a backslash"
NEWLINE
UPPER "None"
NEWLINE
DEDENT
NEWLINE
UPPER "Some"
IDENT "c"
FAT_ARROW
INDENT
IF
IDENT "c"
EQ_EQ
CHAR "d"
THEN
INDENT
IDENT "skip2"
IDENT "st"
LPAREN
UPPER "Some"
IDENT "digitRanges"
RPAREN
NEWLINE
DEDENT
ELSE
IF
IDENT "c"
EQ_EQ
CHAR "D"
THEN
INDENT
IDENT "skip2"
IDENT "st"
LPAREN
UPPER "Some"
LPAREN
IDENT "complementRanges"
IDENT "digitRanges"
RPAREN
RPAREN
NEWLINE
DEDENT
ELSE
IF
IDENT "c"
EQ_EQ
CHAR "w"
THEN
INDENT
IDENT "skip2"
IDENT "st"
LPAREN
UPPER "Some"
IDENT "wordRanges"
RPAREN
NEWLINE
DEDENT
ELSE
IF
IDENT "c"
EQ_EQ
CHAR "W"
THEN
INDENT
IDENT "skip2"
IDENT "st"
LPAREN
UPPER "Some"
LPAREN
IDENT "complementRanges"
IDENT "wordRanges"
RPAREN
RPAREN
NEWLINE
DEDENT
ELSE
IF
IDENT "c"
EQ_EQ
CHAR "s"
THEN
INDENT
IDENT "skip2"
IDENT "st"
LPAREN
UPPER "Some"
IDENT "spaceRanges"
RPAREN
NEWLINE
DEDENT
ELSE
IF
IDENT "c"
EQ_EQ
CHAR "S"
THEN
INDENT
IDENT "skip2"
IDENT "st"
LPAREN
UPPER "Some"
LPAREN
IDENT "complementRanges"
IDENT "spaceRanges"
RPAREN
RPAREN
NEWLINE
DEDENT
ELSE
MATCH
IDENT "escapeCode"
IDENT "st"
INDENT
UPPER "None"
FAT_ARROW
UPPER "None"
NEWLINE
UPPER "Some"
IDENT "code"
FAT_ARROW
IDENT "setRangeFrom"
IDENT "st"
IDENT "code"
NEWLINE
DEDENT
NEWLINE
DEDENT
NEWLINE
DEDENT
NEWLINE
IDENT "setRangeFrom"
COLON
UPPER "PState"
ARROW
UPPER "Int"
ARROW
UPPER "Option"
LPAREN
UPPER "List"
LPAREN
UPPER "Int"
COMMA
UPPER "Int"
RPAREN
RPAREN
NEWLINE
IDENT "setRangeFrom"
IDENT "st"
IDENT "lo"
EQUAL
INDENT
IF
IDENT "isAt"
IDENT "st"
CHAR "-"
AND
IDENT "not"
LPAREN
IDENT "peekIs"
IDENT "st"
INT 1
CHAR "]"
RPAREN
AND
BANG
IDENT "st"
DOT
IDENT "pos"
PLUS
INT 1
LT
IDENT "patLen"
IDENT "st"
THEN
INDENT
IDENT "advance"
IDENT "st"
NEWLINE
MATCH
IDENT "setSingle"
IDENT "st"
INDENT
UPPER "None"
FAT_ARROW
UPPER "None"
NEWLINE
UPPER "Some"
IDENT "hi"
FAT_ARROW
INDENT
IF
IDENT "lo"
LEQ
IDENT "hi"
THEN
INDENT
UPPER "Some"
LBRACKET
LPAREN
IDENT "lo"
COMMA
IDENT "hi"
RPAREN
RBRACKET
NEWLINE
DEDENT
ELSE
INDENT
IDENT "failAt"
IDENT "st"
STRING "character class range is reversed"
NEWLINE
UPPER "None"
NEWLINE
DEDENT
NEWLINE
DEDENT
NEWLINE
DEDENT
NEWLINE
DEDENT
ELSE
INDENT
UPPER "Some"
LBRACKET
LPAREN
IDENT "lo"
COMMA
IDENT "lo"
RPAREN
RBRACKET
NEWLINE
DEDENT
NEWLINE
DEDENT
NEWLINE
IDENT "setSingle"
COLON
UPPER "PState"
ARROW
UPPER "Option"
UPPER "Int"
NEWLINE
IDENT "setSingle"
IDENT "st"
EQUAL
INDENT
IF
IDENT "isAt"
IDENT "st"
CHAR "\\"
THEN
INDENT
IDENT "escapeCode"
IDENT "st"
NEWLINE
DEDENT
ELSE
IF
IDENT "atEnd"
IDENT "st"
THEN
INDENT
IDENT "failAt"
IDENT "st"
STRING "character class is missing a closing ]"
NEWLINE
UPPER "None"
NEWLINE
DEDENT
ELSE
INDENT
LET
IDENT "c"
EQUAL
IDENT "cur"
IDENT "st"
NEWLINE
IDENT "advance"
IDENT "st"
NEWLINE
UPPER "Some"
LPAREN
IDENT "charCode"
IDENT "c"
RPAREN
NEWLINE
DEDENT
NEWLINE
DEDENT
NEWLINE
DATA
UPPER "Inst"
EQUAL
INDENT
PIPE
UPPER "IChar"
UPPER "Int"
NEWLINE
PIPE
UPPER "ISet"
LPAREN
UPPER "Array"
UPPER "Int"
RPAREN
UPPER "Bool"
NEWLINE
PIPE
UPPER "IAny"
UPPER "Bool"
NEWLINE
PIPE
UPPER "ISplit"
UPPER "Int"
UPPER "Int"
NEWLINE
PIPE
UPPER "IJmp"
UPPER "Int"
NEWLINE
PIPE
UPPER "ISave"
UPPER "Int"
NEWLINE
PIPE
UPPER "IAssert"
UPPER "Int"
NEWLINE
PIPE
UPPER "IMatch"
NEWLINE
DEDENT
NEWLINE
IDENT "compileNode"
COLON
UPPER "Node"
ARROW
UPPER "Int"
ARROW
UPPER "List"
UPPER "Inst"
NEWLINE
IDENT "compileNode"
UPPER "NEmpty"
UNDERSCORE
EQUAL
LBRACKET
RBRACKET
NEWLINE
IDENT "compileNode"
LPAREN
UPPER "NChar"
IDENT "c"
RPAREN
UNDERSCORE
EQUAL
LBRACKET
UPPER "IChar"
IDENT "c"
RBRACKET
NEWLINE
IDENT "compileNode"
LPAREN
UPPER "NSet"
IDENT "rs"
IDENT "negated"
RPAREN
UNDERSCORE
EQUAL
LBRACKET
UPPER "ISet"
IDENT "rs"
IDENT "negated"
RBRACKET
NEWLINE
IDENT "compileNode"
LPAREN
UPPER "NAny"
IDENT "dotAll"
RPAREN
UNDERSCORE
EQUAL
LBRACKET
UPPER "IAny"
IDENT "dotAll"
RBRACKET
NEWLINE
IDENT "compileNode"
LPAREN
UPPER "NAssert"
IDENT "kind"
RPAREN
UNDERSCORE
EQUAL
LBRACKET
UPPER "IAssert"
IDENT "kind"
RBRACKET
NEWLINE
IDENT "compileNode"
LPAREN
UPPER "NCat"
IDENT "a"
IDENT "b"
RPAREN
IDENT "pc"
EQUAL
INDENT
LET
IDENT "ca"
EQUAL
IDENT "compileNode"
IDENT "a"
IDENT "pc"
NEWLINE
IDENT "ca"
PLUSPLUS
IDENT "compileNode"
IDENT "b"
LPAREN
IDENT "pc"
PLUS
IDENT "length"
IDENT "ca"
RPAREN
NEWLINE
DEDENT
NEWLINE
IDENT "compileNode"
LPAREN
UPPER "NAlt"
IDENT "a"
IDENT "b"
RPAREN
IDENT "pc"
EQUAL
INDENT
LET
IDENT "ca"
EQUAL
IDENT "compileNode"
IDENT "a"
LPAREN
IDENT "pc"
PLUS
INT 1
RPAREN
NEWLINE
LET
IDENT "jmpAt"
EQUAL
IDENT "pc"
PLUS
INT 1
PLUS
IDENT "length"
IDENT "ca"
NEWLINE
LET
IDENT "cb"
EQUAL
IDENT "compileNode"
IDENT "b"
LPAREN
IDENT "jmpAt"
PLUS
INT 1
RPAREN
NEWLINE
LET
IDENT "out"
EQUAL
IDENT "jmpAt"
PLUS
INT 1
PLUS
IDENT "length"
IDENT "cb"
NEWLINE
UPPER "ISplit"
LPAREN
IDENT "pc"
PLUS
INT 1
RPAREN
LPAREN
IDENT "jmpAt"
PLUS
INT 1
RPAREN
CONS
IDENT "ca"
PLUSPLUS
LPAREN
UPPER "IJmp"
IDENT "out"
CONS
IDENT "cb"
RPAREN
NEWLINE
DEDENT
NEWLINE
IDENT "compileNode"
LPAREN
UPPER "NStar"
IDENT "greedy"
IDENT "body"
RPAREN
IDENT "pc"
EQUAL
INDENT
LET
IDENT "cb"
EQUAL
IDENT "compileNode"
IDENT "body"
LPAREN
IDENT "pc"
PLUS
INT 1
RPAREN
NEWLINE
LET
IDENT "out"
EQUAL
IDENT "pc"
PLUS
INT 1
PLUS
IDENT "length"
IDENT "cb"
PLUS
INT 1
NEWLINE
LET
IDENT "sp"
EQUAL
IF
IDENT "greedy"
THEN
UPPER "ISplit"
LPAREN
IDENT "pc"
PLUS
INT 1
RPAREN
IDENT "out"
ELSE
UPPER "ISplit"
IDENT "out"
LPAREN
IDENT "pc"
PLUS
INT 1
RPAREN
NEWLINE
IDENT "sp"
CONS
IDENT "cb"
PLUSPLUS
LBRACKET
UPPER "IJmp"
IDENT "pc"
RBRACKET
NEWLINE
DEDENT
NEWLINE
IDENT "compileNode"
LPAREN
UPPER "NPlus"
IDENT "greedy"
IDENT "body"
RPAREN
IDENT "pc"
EQUAL
INDENT
LET
IDENT "cb"
EQUAL
IDENT "compileNode"
IDENT "body"
IDENT "pc"
NEWLINE
LET
IDENT "out"
EQUAL
IDENT "pc"
PLUS
IDENT "length"
IDENT "cb"
PLUS
INT 1
NEWLINE
LET
IDENT "sp"
EQUAL
IF
IDENT "greedy"
THEN
UPPER "ISplit"
IDENT "pc"
IDENT "out"
ELSE
UPPER "ISplit"
IDENT "out"
IDENT "pc"
NEWLINE
IDENT "cb"
PLUSPLUS
LBRACKET
IDENT "sp"
RBRACKET
NEWLINE
DEDENT
NEWLINE
IDENT "compileNode"
LPAREN
UPPER "NOpt"
IDENT "greedy"
IDENT "body"
RPAREN
IDENT "pc"
EQUAL
INDENT
LET
IDENT "cb"
EQUAL
IDENT "compileNode"
IDENT "body"
LPAREN
IDENT "pc"
PLUS
INT 1
RPAREN
NEWLINE
LET
IDENT "out"
EQUAL
IDENT "pc"
PLUS
INT 1
PLUS
IDENT "length"
IDENT "cb"
NEWLINE
LET
IDENT "sp"
EQUAL
IF
IDENT "greedy"
THEN
UPPER "ISplit"
LPAREN
IDENT "pc"
PLUS
INT 1
RPAREN
IDENT "out"
ELSE
UPPER "ISplit"
IDENT "out"
LPAREN
IDENT "pc"
PLUS
INT 1
RPAREN
NEWLINE
IDENT "sp"
CONS
IDENT "cb"
NEWLINE
DEDENT
NEWLINE
IDENT "compileNode"
LPAREN
UPPER "NGroup"
IDENT "idx"
IDENT "body"
RPAREN
IDENT "pc"
EQUAL
INDENT
UPPER "ISave"
LPAREN
INT 2
STAR
IDENT "idx"
RPAREN
CONS
IDENT "compileNode"
IDENT "body"
LPAREN
IDENT "pc"
PLUS
INT 1
RPAREN
PLUSPLUS
LBRACKET
UPPER "ISave"
LPAREN
INT 2
STAR
IDENT "idx"
PLUS
INT 1
RPAREN
RBRACKET
NEWLINE
DEDENT
NEWLINE
DATA
UPPER "Vm"
EQUAL
UPPER "Vm"
LBRACE
IDENT "prog"
COLON
UPPER "Array"
UPPER "Inst"
COMMA
IDENT "codes"
COLON
UPPER "Array"
UPPER "Int"
COMMA
IDENT "subjStart"
COLON
UPPER "Int"
COMMA
IDENT "subjEnd"
COLON
UPPER "Int"
COMMA
IDENT "multi"
COLON
UPPER "Bool"
COMMA
IDENT "anchorEnd"
COLON
UPPER "Bool"
COMMA
IDENT "nslots"
COLON
UPPER "Int"
COMMA
IDENT "steps"
COLON
UPPER "Ref"
UPPER "Int"
COMMA
IDENT "found"
COLON
UPPER "Ref"
LPAREN
UPPER "Option"
LPAREN
UPPER "Array"
UPPER "Int"
RPAREN
RPAREN
COMMA
RBRACE
NEWLINE
DATA
UPPER "ThreadList"
EQUAL
UPPER "ThreadList"
LBRACE
IDENT "dense"
COLON
UPPER "Array"
UPPER "Int"
COMMA
IDENT "slots"
COLON
UPPER "Array"
LPAREN
UPPER "Array"
UPPER "Int"
RPAREN
COMMA
IDENT "live"
COLON
UPPER "Ref"
UPPER "Int"
COMMA
IDENT "mark"
COLON
UPPER "Array"
UPPER "Int"
COMMA
IDENT "gen"
COLON
UPPER "Ref"
UPPER "Int"
COMMA
RBRACE
NEWLINE
IDENT "noSlots"
COLON
UPPER "Array"
UPPER "Int"
NEWLINE
IDENT "noSlots"
EQUAL
LARRAY
RARRAY
NEWLINE
IDENT "newThreads"
COLON
UPPER "Int"
ARROW
UPPER "ThreadList"
NEWLINE
IDENT "newThreads"
IDENT "n"
EQUAL
UPPER "ThreadList"
LBRACE
IDENT "dense"
EQUAL
IDENT "arrayMake"
IDENT "n"
INT 0
COMMA
IDENT "slots"
EQUAL
IDENT "arrayMake"
IDENT "n"
IDENT "noSlots"
COMMA
IDENT "live"
EQUAL
UPPER "Ref"
INT 0
COMMA
IDENT "mark"
EQUAL
IDENT "arrayMake"
IDENT "n"
INT 0
COMMA
IDENT "gen"
EQUAL
UPPER "Ref"
INT 1
COMMA
RBRACE
NEWLINE
IDENT "resetThreads"
COLON
UPPER "ThreadList"
ARROW
UPPER "Unit"
NEWLINE
IDENT "resetThreads"
IDENT "list"
EQUAL
INDENT
IDENT "list"
DOT
IDENT "live"
COLONEQ
INT 0
NEWLINE
IDENT "list"
DOT
IDENT "gen"
COLONEQ
BANG
IDENT "list"
DOT
IDENT "gen"
PLUS
INT 1
NEWLINE
DEDENT
NEWLINE
IDENT "foundYet"
COLON
UPPER "Vm"
ARROW
UPPER "Bool"
NEWLINE
IDENT "foundYet"
IDENT "vm"
EQUAL
MATCH
BANG
IDENT "vm"
DOT
IDENT "found"
INDENT
UPPER "Some"
UNDERSCORE
FAT_ARROW
UPPER "True"
NEWLINE
UPPER "None"
FAT_ARROW
UPPER "False"
NEWLINE
DEDENT
NEWLINE
IDENT "addThread"
COLON
UPPER "Vm"
ARROW
UPPER "ThreadList"
ARROW
UPPER "Int"
ARROW
UPPER "Int"
ARROW
UPPER "Array"
UPPER "Int"
ARROW
UPPER "Unit"
NEWLINE
IDENT "addThread"
IDENT "vm"
IDENT "list"
IDENT "pc"
IDENT "pos"
IDENT "slots"
EQUAL
INDENT
IDENT "vm"
DOT
IDENT "steps"
COLONEQ
BANG
IDENT "vm"
DOT
IDENT "steps"
PLUS
INT 1
NEWLINE
IF
IDENT "arrayGetUnsafe"
IDENT "pc"
IDENT "list"
DOT
IDENT "mark"
EQ_EQ
BANG
IDENT "list"
DOT
IDENT "gen"
THEN
INDENT
LPAREN
RPAREN
NEWLINE
DEDENT
ELSE
INDENT
IDENT "arraySetUnsafe"
IDENT "pc"
BANG
IDENT "list"
DOT
IDENT "gen"
IDENT "list"
DOT
IDENT "mark"
NEWLINE
MATCH
IDENT "arrayGetUnsafe"
IDENT "pc"
IDENT "vm"
DOT
IDENT "prog"
INDENT
UPPER "IJmp"
IDENT "x"
FAT_ARROW
IDENT "addThread"
IDENT "vm"
IDENT "list"
IDENT "x"
IDENT "pos"
IDENT "slots"
NEWLINE
UPPER "ISplit"
IDENT "x"
IDENT "y"
FAT_ARROW
INDENT
IDENT "addThread"
IDENT "vm"
IDENT "list"
IDENT "x"
IDENT "pos"
IDENT "slots"
NEWLINE
IDENT "addThread"
IDENT "vm"
IDENT "list"
IDENT "y"
IDENT "pos"
IDENT "slots"
NEWLINE
DEDENT
NEWLINE
UPPER "ISave"
IDENT "n"
FAT_ARROW
INDENT
LET
IDENT "written"
EQUAL
IDENT "arrayCopy"
IDENT "slots"
NEWLINE
IDENT "arraySetUnsafe"
IDENT "n"
IDENT "pos"
IDENT "written"
NEWLINE
IDENT "addThread"
IDENT "vm"
IDENT "list"
LPAREN
IDENT "pc"
PLUS
INT 1
RPAREN
IDENT "pos"
IDENT "written"
NEWLINE
DEDENT
NEWLINE
UPPER "IAssert"
IDENT "kind"
FAT_ARROW
INDENT
IF
IDENT "assertHolds"
IDENT "vm"
IDENT "kind"
IDENT "pos"
THEN
IDENT "addThread"
IDENT "vm"
IDENT "list"
LPAREN
IDENT "pc"
PLUS
INT 1
RPAREN
IDENT "pos"
IDENT "slots"
NEWLINE
DEDENT
NEWLINE
UNDERSCORE
FAT_ARROW
INDENT
LET
IDENT "i"
EQUAL
BANG
IDENT "list"
DOT
IDENT "live"
NEWLINE
IDENT "arraySetUnsafe"
IDENT "i"
IDENT "pc"
IDENT "list"
DOT
IDENT "dense"
NEWLINE
IDENT "arraySetUnsafe"
IDENT "i"
IDENT "slots"
IDENT "list"
DOT
IDENT "slots"
NEWLINE
IDENT "list"
DOT
IDENT "live"
COLONEQ
IDENT "i"
PLUS
INT 1
NEWLINE
DEDENT
NEWLINE
DEDENT
NEWLINE
DEDENT
NEWLINE
DEDENT
NEWLINE
IDENT "assertHolds"
COLON
UPPER "Vm"
ARROW
UPPER "Int"
ARROW
UPPER "Int"
ARROW
UPPER "Bool"
NEWLINE
IDENT "assertHolds"
IDENT "vm"
IDENT "kind"
IDENT "pos"
EQUAL
INDENT
IF
IDENT "kind"
EQ_EQ
IDENT "asStart"
THEN
INDENT
IDENT "pos"
EQ_EQ
IDENT "vm"
DOT
IDENT "subjStart"
OR
IDENT "vm"
DOT
IDENT "multi"
AND
IDENT "arrayGetUnsafe"
LPAREN
IDENT "pos"
MINUS
INT 1
RPAREN
IDENT "vm"
DOT
IDENT "codes"
EQ_EQ
INT 10
NEWLINE
DEDENT
ELSE
IF
IDENT "kind"
EQ_EQ
IDENT "asEnd"
THEN
INDENT
IDENT "pos"
EQ_EQ
IDENT "vm"
DOT
IDENT "subjEnd"
OR
IDENT "vm"
DOT
IDENT "multi"
AND
IDENT "arrayGetUnsafe"
IDENT "pos"
IDENT "vm"
DOT
IDENT "codes"
EQ_EQ
INT 10
NEWLINE
DEDENT
ELSE
IF
IDENT "kind"
EQ_EQ
IDENT "asWordB"
THEN
INDENT
IDENT "wordAt"
IDENT "vm"
LPAREN
IDENT "pos"
MINUS
INT 1
RPAREN
NEQ
IDENT "wordAt"
IDENT "vm"
IDENT "pos"
NEWLINE
DEDENT
ELSE
INDENT
IDENT "wordAt"
IDENT "vm"
LPAREN
IDENT "pos"
MINUS
INT 1
RPAREN
EQ_EQ
IDENT "wordAt"
IDENT "vm"
IDENT "pos"
NEWLINE
DEDENT
NEWLINE
DEDENT
NEWLINE
IDENT "wordAt"
COLON
UPPER "Vm"
ARROW
UPPER "Int"
ARROW
UPPER "Bool"
NEWLINE
IDENT "wordAt"
IDENT "vm"
IDENT "i"
EQUAL
INDENT
IDENT "i"
GEQ
IDENT "vm"
DOT
IDENT "subjStart"
AND
IDENT "i"
LT
IDENT "vm"
DOT
IDENT "subjEnd"
AND
IDENT "isWordCode"
LPAREN
IDENT "arrayGetUnsafe"
IDENT "i"
IDENT "vm"
DOT
IDENT "codes"
RPAREN
NEWLINE
DEDENT
NEWLINE
IDENT "stepThreads"
COLON
UPPER "Vm"
ARROW
UPPER "ThreadList"
ARROW
UPPER "ThreadList"
ARROW
UPPER "Int"
ARROW
UPPER "Int"
ARROW
UPPER "Unit"
NEWLINE
IDENT "stepThreads"
IDENT "vm"
IDENT "clist"
IDENT "nlist"
IDENT "pos"
IDENT "i"
EQUAL
INDENT
IF
IDENT "i"
GEQ
BANG
IDENT "clist"
DOT
IDENT "live"
THEN
INDENT
LPAREN
RPAREN
NEWLINE
DEDENT
ELSE
INDENT
LET
IDENT "pc"
EQUAL
IDENT "arrayGetUnsafe"
IDENT "i"
IDENT "clist"
DOT
IDENT "dense"
NEWLINE
LET
IDENT "slots"
EQUAL
IDENT "arrayGetUnsafe"
IDENT "i"
IDENT "clist"
DOT
IDENT "slots"
NEWLINE
MATCH
IDENT "arrayGetUnsafe"
IDENT "pc"
IDENT "vm"
DOT
IDENT "prog"
INDENT
UPPER "IChar"
IDENT "ch"
FAT_ARROW
INDENT
IF
IDENT "pos"
LT
IDENT "vm"
DOT
IDENT "subjEnd"
AND
IDENT "arrayGetUnsafe"
IDENT "pos"
IDENT "vm"
DOT
IDENT "codes"
EQ_EQ
IDENT "ch"
THEN
INDENT
IDENT "addThread"
IDENT "vm"
IDENT "nlist"
LPAREN
IDENT "pc"
PLUS
INT 1
RPAREN
LPAREN
IDENT "pos"
PLUS
INT 1
RPAREN
IDENT "slots"
NEWLINE
DEDENT
NEWLINE
IDENT "stepThreads"
IDENT "vm"
IDENT "clist"
IDENT "nlist"
IDENT "pos"
LPAREN
IDENT "i"
PLUS
INT 1
RPAREN
NEWLINE
DEDENT
NEWLINE
UPPER "ISet"
IDENT "rs"
IDENT "negated"
FAT_ARROW
INDENT
IF
IDENT "pos"
LT
IDENT "vm"
DOT
IDENT "subjEnd"
AND
IDENT "setMatches"
IDENT "rs"
IDENT "negated"
LPAREN
IDENT "arrayGetUnsafe"
IDENT "pos"
IDENT "vm"
DOT
IDENT "codes"
RPAREN
THEN
INDENT
IDENT "addThread"
IDENT "vm"
IDENT "nlist"
LPAREN
IDENT "pc"
PLUS
INT 1
RPAREN
LPAREN
IDENT "pos"
PLUS
INT 1
RPAREN
IDENT "slots"
NEWLINE
DEDENT
NEWLINE
IDENT "stepThreads"
IDENT "vm"
IDENT "clist"
IDENT "nlist"
IDENT "pos"
LPAREN
IDENT "i"
PLUS
INT 1
RPAREN
NEWLINE
DEDENT
NEWLINE
UPPER "IAny"
IDENT "dotAll"
FAT_ARROW
INDENT
IF
IDENT "pos"
LT
IDENT "vm"
DOT
IDENT "subjEnd"
AND
LPAREN
IDENT "dotAll"
OR
IDENT "arrayGetUnsafe"
IDENT "pos"
IDENT "vm"
DOT
IDENT "codes"
NEQ
INT 10
RPAREN
THEN
INDENT
IDENT "addThread"
IDENT "vm"
IDENT "nlist"
LPAREN
IDENT "pc"
PLUS
INT 1
RPAREN
LPAREN
IDENT "pos"
PLUS
INT 1
RPAREN
IDENT "slots"
NEWLINE
DEDENT
NEWLINE
IDENT "stepThreads"
IDENT "vm"
IDENT "clist"
IDENT "nlist"
IDENT "pos"
LPAREN
IDENT "i"
PLUS
INT 1
RPAREN
NEWLINE
DEDENT
NEWLINE
UPPER "IMatch"
FAT_ARROW
INDENT
IF
IDENT "vm"
DOT
IDENT "anchorEnd"
AND
IDENT "pos"
NEQ
IDENT "vm"
DOT
IDENT "subjEnd"
THEN
INDENT
IDENT "stepThreads"
IDENT "vm"
IDENT "clist"
IDENT "nlist"
IDENT "pos"
LPAREN
IDENT "i"
PLUS
INT 1
RPAREN
NEWLINE
DEDENT
ELSE
INDENT
LET
IDENT "done"
EQUAL
IDENT "arrayCopy"
IDENT "slots"
NEWLINE
IDENT "arraySetUnsafe"
INT 1
IDENT "pos"
IDENT "done"
NEWLINE
IDENT "vm"
DOT
IDENT "found"
COLONEQ
UPPER "Some"
IDENT "done"
NEWLINE
DEDENT
NEWLINE
DEDENT
NEWLINE
UNDERSCORE
FAT_ARROW
IDENT "stepThreads"
IDENT "vm"
IDENT "clist"
IDENT "nlist"
IDENT "pos"
LPAREN
IDENT "i"
PLUS
INT 1
RPAREN
NEWLINE
DEDENT
NEWLINE
DEDENT
NEWLINE
DEDENT
NEWLINE
IDENT "seedThread"
COLON
UPPER "Vm"
ARROW
UPPER "ThreadList"
ARROW
UPPER "Int"
ARROW
UPPER "Int"
ARROW
UPPER "Bool"
ARROW
UPPER "Unit"
NEWLINE
IDENT "seedThread"
IDENT "vm"
IDENT "clist"
IDENT "pos"
IDENT "startAt"
IDENT "anchorStart"
EQUAL
INDENT
IF
IDENT "foundYet"
IDENT "vm"
OR
IDENT "anchorStart"
AND
IDENT "pos"
NEQ
IDENT "startAt"
THEN
INDENT
LPAREN
RPAREN
NEWLINE
DEDENT
ELSE
INDENT
LET
IDENT "slots"
EQUAL
IDENT "arrayMake"
IDENT "vm"
DOT
IDENT "nslots"
LPAREN
MINUS
INT 1
RPAREN
NEWLINE
IDENT "arraySetUnsafe"
INT 0
IDENT "pos"
IDENT "slots"
NEWLINE
IDENT "addThread"
IDENT "vm"
IDENT "clist"
INT 0
IDENT "pos"
IDENT "slots"
NEWLINE
DEDENT
NEWLINE
DEDENT
NEWLINE
IDENT "vmSearch"
COLON
UPPER "Vm"
ARROW
UPPER "Int"
ARROW
UPPER "Bool"
ARROW
UPPER "Option"
LPAREN
UPPER "Array"
UPPER "Int"
RPAREN
NEWLINE
IDENT "vmSearch"
IDENT "vm"
IDENT "startAt"
IDENT "anchorStart"
EQUAL
INDENT
LET
IDENT "n"
EQUAL
IDENT "arrayLength"
IDENT "vm"
DOT
IDENT "prog"
NEWLINE
IDENT "vmLoop"
IDENT "vm"
IDENT "startAt"
IDENT "anchorStart"
IDENT "startAt"
LPAREN
IDENT "newThreads"
IDENT "n"
RPAREN
LPAREN
IDENT "newThreads"
IDENT "n"
RPAREN
NEWLINE
DEDENT
NEWLINE
IDENT "vmLoop"
COLON
UPPER "Vm"
ARROW
INDENT
UPPER "Int"
ARROW
NEWLINE
UPPER "Bool"
ARROW
NEWLINE
UPPER "Int"
ARROW
NEWLINE
UPPER "ThreadList"
ARROW
NEWLINE
UPPER "ThreadList"
ARROW
NEWLINE
UPPER "Option"
LPAREN
UPPER "Array"
UPPER "Int"
RPAREN
NEWLINE
DEDENT
NEWLINE
IDENT "vmLoop"
IDENT "vm"
IDENT "startAt"
IDENT "anchorStart"
IDENT "pos"
IDENT "clist"
IDENT "nlist"
EQUAL
INDENT
IDENT "seedThread"
IDENT "vm"
IDENT "clist"
IDENT "pos"
IDENT "startAt"
IDENT "anchorStart"
NEWLINE
IF
BANG
IDENT "clist"
DOT
IDENT "live"
EQ_EQ
INT 0
AND
LPAREN
IDENT "foundYet"
IDENT "vm"
OR
IDENT "anchorStart"
RPAREN
THEN
INDENT
BANG
IDENT "vm"
DOT
IDENT "found"
NEWLINE
DEDENT
ELSE
INDENT
IDENT "resetThreads"
IDENT "nlist"
NEWLINE
IDENT "stepThreads"
IDENT "vm"
IDENT "clist"
IDENT "nlist"
IDENT "pos"
INT 0
NEWLINE
IF
IDENT "pos"
GEQ
IDENT "vm"
DOT
IDENT "subjEnd"
THEN
INDENT
BANG
IDENT "vm"
DOT
IDENT "found"
NEWLINE
DEDENT
ELSE
INDENT
IDENT "vmLoop"
IDENT "vm"
IDENT "startAt"
IDENT "anchorStart"
LPAREN
IDENT "pos"
PLUS
INT 1
RPAREN
IDENT "nlist"
IDENT "clist"
NEWLINE
DEDENT
NEWLINE
DEDENT
NEWLINE
DEDENT
NEWLINE
IDENT "codesOf"
COLON
UPPER "String"
ARROW
UPPER "Array"
UPPER "Int"
NEWLINE
IDENT "codesOf"
IDENT "s"
EQUAL
INDENT
LET
IDENT "cs"
EQUAL
IDENT "toChars"
IDENT "s"
NEWLINE
IDENT "arrayMakeWith"
LPAREN
IDENT "arrayLength"
IDENT "cs"
RPAREN
LPAREN
IDENT "i"
FAT_ARROW
IDENT "charCode"
LPAREN
IDENT "arrayGetUnsafe"
IDENT "i"
IDENT "cs"
RPAREN
RPAREN
NEWLINE
DEDENT
NEWLINE
IDENT "searchFrom"
COLON
UPPER "Regex"
ARROW
INDENT
UPPER "Array"
UPPER "Int"
ARROW
NEWLINE
UPPER "Int"
ARROW
NEWLINE
UPPER "Bool"
ARROW
NEWLINE
UPPER "Bool"
ARROW
NEWLINE
UPPER "Ref"
UPPER "Int"
ARROW
NEWLINE
UPPER "Option"
LPAREN
UPPER "Array"
UPPER "Int"
RPAREN
NEWLINE
DEDENT
NEWLINE
IDENT "searchFrom"
IDENT "re"
IDENT "codes"
IDENT "startAt"
IDENT "anchorStart"
IDENT "anchorEnd"
IDENT "steps"
EQUAL
INDENT
IDENT "searchWindow"
IDENT "re"
IDENT "codes"
LPAREN
INT 0
COMMA
IDENT "arrayLength"
IDENT "codes"
RPAREN
IDENT "startAt"
IDENT "anchorStart"
IDENT "anchorEnd"
IDENT "steps"
NEWLINE
DEDENT
NEWLINE
IDENT "searchWindow"
COLON
UPPER "Regex"
ARROW
INDENT
UPPER "Array"
UPPER "Int"
ARROW
NEWLINE
LPAREN
UPPER "Int"
COMMA
UPPER "Int"
RPAREN
ARROW
NEWLINE
UPPER "Int"
ARROW
NEWLINE
UPPER "Bool"
ARROW
NEWLINE
UPPER "Bool"
ARROW
NEWLINE
UPPER "Ref"
UPPER "Int"
ARROW
NEWLINE
UPPER "Option"
LPAREN
UPPER "Array"
UPPER "Int"
RPAREN
NEWLINE
DEDENT
NEWLINE
IDENT "searchWindow"
IDENT "re"
IDENT "codes"
LPAREN
IDENT "lo"
COMMA
IDENT "hi"
RPAREN
IDENT "startAt"
IDENT "anchorStart"
IDENT "anchorEnd"
IDENT "steps"
EQUAL
INDENT
LET
IDENT "vm"
EQUAL
UPPER "Vm"
LBRACE
IDENT "prog"
EQUAL
IDENT "re"
DOT
IDENT "prog"
COMMA
IDENT "codes"
EQUAL
IDENT "codes"
COMMA
IDENT "subjStart"
EQUAL
IDENT "lo"
COMMA
IDENT "subjEnd"
EQUAL
IDENT "hi"
COMMA
IDENT "multi"
EQUAL
IDENT "re"
DOT
IDENT "multiline"
COMMA
IDENT "anchorEnd"
EQUAL
IDENT "anchorEnd"
COMMA
IDENT "nslots"
EQUAL
INT 2
STAR
LPAREN
IDENT "re"
DOT
IDENT "ngroups"
PLUS
INT 1
RPAREN
COMMA
IDENT "steps"
EQUAL
IDENT "steps"
COMMA
IDENT "found"
EQUAL
UPPER "Ref"
UPPER "None"
COMMA
RBRACE
NEWLINE
IDENT "vmSearch"
IDENT "vm"
IDENT "startAt"
IDENT "anchorStart"
NEWLINE
DEDENT
NEWLINE
IDENT "clampWindow"
COLON
UPPER "Array"
UPPER "Int"
ARROW
UPPER "Int"
ARROW
UPPER "Int"
ARROW
LPAREN
UPPER "Int"
COMMA
UPPER "Int"
RPAREN
NEWLINE
IDENT "clampWindow"
IDENT "codes"
IDENT "start"
IDENT "end"
EQUAL
INDENT
LET
IDENT "n"
EQUAL
IDENT "arrayLength"
IDENT "codes"
NEWLINE
LET
IDENT "hi"
EQUAL
IDENT "max"
INT 0
LPAREN
IDENT "min"
IDENT "end"
IDENT "n"
RPAREN
NEWLINE
LPAREN
IDENT "max"
INT 0
LPAREN
IDENT "min"
IDENT "start"
IDENT "hi"
RPAREN
COMMA
IDENT "hi"
RPAREN
NEWLINE
DEDENT
NEWLINE
IDENT "findSteps"
COLON
UPPER "Regex"
ARROW
UPPER "String"
ARROW
UPPER "Int"
NEWLINE
IDENT "findSteps"
IDENT "re"
IDENT "s"
EQUAL
INDENT
LET
IDENT "steps"
EQUAL
UPPER "Ref"
INT 0
NEWLINE
LET
UNDERSCORE
EQUAL
IDENT "searchFrom"
IDENT "re"
LPAREN
IDENT "codesOf"
IDENT "s"
RPAREN
INT 0
UPPER "False"
UPPER "False"
IDENT "steps"
NEWLINE
BANG
IDENT "steps"
NEWLINE
DEDENT
NEWLINE
IDENT "mkMatchWith"
COLON
LPAREN
UPPER "Int"
ARROW
UPPER "Int"
ARROW
UPPER "String"
RPAREN
ARROW
UPPER "Regex"
ARROW
UPPER "Array"
UPPER "Int"
ARROW
UPPER "Match"
NEWLINE
IDENT "mkMatchWith"
IDENT "textOf"
IDENT "re"
IDENT "slots"
EQUAL
INDENT
LET
IDENT "lo"
EQUAL
IDENT "arrayGetUnsafe"
INT 0
IDENT "slots"
NEWLINE
LET
IDENT "hi"
EQUAL
IDENT "arrayGetUnsafe"
INT 1
IDENT "slots"
NEWLINE
UPPER "Match"
LBRACE
IDENT "start"
EQUAL
IDENT "lo"
COMMA
IDENT "end"
EQUAL
IDENT "hi"
COMMA
IDENT "text"
EQUAL
IDENT "textOf"
IDENT "lo"
IDENT "hi"
COMMA
IDENT "groups"
EQUAL
IDENT "groupsOfWith"
IDENT "textOf"
IDENT "re"
IDENT "slots"
INT 1
COMMA
RBRACE
NEWLINE
DEDENT
NEWLINE
IDENT "groupsOfWith"
COLON
LPAREN
UPPER "Int"
ARROW
UPPER "Int"
ARROW
UPPER "String"
RPAREN
ARROW
INDENT
UPPER "Regex"
ARROW
NEWLINE
UPPER "Array"
UPPER "Int"
ARROW
NEWLINE
UPPER "Int"
ARROW
NEWLINE
UPPER "List"
LPAREN
UPPER "Option"
UPPER "Group"
RPAREN
NEWLINE
DEDENT
NEWLINE
IDENT "groupsOfWith"
IDENT "textOf"
IDENT "re"
IDENT "slots"
IDENT "k"
EQUAL
INDENT
IF
IDENT "k"
GT
IDENT "re"
DOT
IDENT "ngroups"
THEN
INDENT
LBRACKET
RBRACKET
NEWLINE
DEDENT
ELSE
INDENT
LET
IDENT "lo"
EQUAL
IDENT "arrayGetUnsafe"
LPAREN
INT 2
STAR
IDENT "k"
RPAREN
IDENT "slots"
NEWLINE
LET
IDENT "hi"
EQUAL
IDENT "arrayGetUnsafe"
LPAREN
INT 2
STAR
IDENT "k"
PLUS
INT 1
RPAREN
IDENT "slots"
NEWLINE
LET
IDENT "g"
EQUAL
INDENT
IF
IDENT "lo"
LT
INT 0
OR
IDENT "hi"
LT
INT 0
THEN
INDENT
UPPER "None"
NEWLINE
DEDENT
ELSE
INDENT
UPPER "Some"
UPPER "Group"
LBRACE
IDENT "start"
EQUAL
IDENT "lo"
COMMA
IDENT "end"
EQUAL
IDENT "hi"
COMMA
IDENT "text"
EQUAL
IDENT "textOf"
IDENT "lo"
IDENT "hi"
RBRACE
NEWLINE
DEDENT
NEWLINE
DEDENT
NEWLINE
IDENT "g"
CONS
IDENT "groupsOfWith"
IDENT "textOf"
IDENT "re"
IDENT "slots"
LPAREN
IDENT "k"
PLUS
INT 1
RPAREN
NEWLINE
DEDENT
NEWLINE
DEDENT
NEWLINE
IDENT "mkMatch"
COLON
UPPER "Regex"
ARROW
UPPER "String"
ARROW
UPPER "Array"
UPPER "Int"
ARROW
UPPER "Match"
NEWLINE
IDENT "mkMatch"
IDENT "re"
IDENT "s"
IDENT "slots"
EQUAL
IDENT "mkMatchWith"
LPAREN
IDENT "lo"
IDENT "hi"
FAT_ARROW
IDENT "sliceClamped"
IDENT "lo"
IDENT "hi"
IDENT "s"
RPAREN
IDENT "re"
IDENT "slots"
NEWLINE
IDENT "matchOnce"
COLON
UPPER "Regex"
ARROW
UPPER "String"
ARROW
UPPER "Int"
ARROW
UPPER "Bool"
ARROW
UPPER "Bool"
ARROW
UPPER "Option"
UPPER "Match"
NEWLINE
IDENT "matchOnce"
IDENT "re"
IDENT "s"
IDENT "startAt"
IDENT "anchorStart"
IDENT "anchorEnd"
EQUAL
INDENT
IDENT "map"
LPAREN
IDENT "mkMatch"
IDENT "re"
IDENT "s"
RPAREN
LPAREN
IDENT "searchFrom"
IDENT "re"
LPAREN
IDENT "codesOf"
IDENT "s"
RPAREN
IDENT "startAt"
IDENT "anchorStart"
IDENT "anchorEnd"
LPAREN
UPPER "Ref"
INT 0
RPAREN
RPAREN
NEWLINE
DEDENT
NEWLINE
EXPORT
NEWLINE
IDENT "compile"
COLON
UPPER "String"
ARROW
UPPER "Result"
UPPER "RegexError"
UPPER "Regex"
NEWLINE
IDENT "compile"
IDENT "pattern"
EQUAL
INDENT
LET
IDENT "cs"
EQUAL
IDENT "toChars"
IDENT "pattern"
NEWLINE
LET
LPAREN
IDENT "start"
COMMA
IDENT "fold"
COMMA
IDENT "multi"
COMMA
IDENT "dotAll"
RPAREN
EQUAL
IDENT "scanFlags"
IDENT "cs"
INT 0
UPPER "False"
UPPER "False"
UPPER "False"
NEWLINE
LET
IDENT "st"
EQUAL
UPPER "PState"
LBRACE
IDENT "pat"
EQUAL
IDENT "cs"
COMMA
IDENT "pos"
EQUAL
UPPER "Ref"
IDENT "start"
COMMA
IDENT "ngroups"
EQUAL
UPPER "Ref"
INT 0
COMMA
IDENT "perr"
EQUAL
UPPER "Ref"
UPPER "None"
COMMA
IDENT "fold"
EQUAL
IDENT "fold"
COMMA
IDENT "dotAll"
EQUAL
IDENT "dotAll"
COMMA
RBRACE
NEWLINE
LET
IDENT "node"
EQUAL
IDENT "parseAlt"
IDENT "st"
NEWLINE
IDENT "finishCompile"
IDENT "st"
IDENT "node"
IDENT "pattern"
IDENT "multi"
NEWLINE
DEDENT
NEWLINE
IDENT "finishCompile"
COLON
UPPER "PState"
ARROW
UPPER "Node"
ARROW
UPPER "String"
ARROW
UPPER "Bool"
ARROW
UPPER "Result"
UPPER "RegexError"
UPPER "Regex"
NEWLINE
IDENT "finishCompile"
IDENT "st"
IDENT "node"
IDENT "pattern"
IDENT "multi"
EQUAL
MATCH
BANG
IDENT "st"
DOT
IDENT "perr"
INDENT
UPPER "Some"
IDENT "e"
FAT_ARROW
UPPER "Err"
IDENT "e"
NEWLINE
UPPER "None"
FAT_ARROW
INDENT
IF
IDENT "not"
LPAREN
IDENT "atEnd"
IDENT "st"
RPAREN
THEN
INDENT
UPPER "Err"
UPPER "RegexError"
LBRACE
IDENT "message"
EQUAL
STRING "unbalanced closing )"
COMMA
IDENT "position"
EQUAL
BANG
IDENT "st"
DOT
IDENT "pos"
RBRACE
NEWLINE
DEDENT
ELSE
INDENT
LET
IDENT "insts"
EQUAL
IDENT "compileNode"
IDENT "node"
INT 0
PLUSPLUS
LBRACKET
UPPER "IMatch"
RBRACKET
NEWLINE
IF
IDENT "length"
IDENT "insts"
GT
IDENT "progCap"
THEN
INDENT
UPPER "Err"
UPPER "RegexError"
LBRACE
IDENT "message"
EQUAL
STRING "pattern compiles to more than 20000 instructions"
COMMA
IDENT "position"
EQUAL
INT 0
COMMA
RBRACE
NEWLINE
DEDENT
ELSE
INDENT
UPPER "Ok"
UPPER "Regex"
LBRACE
IDENT "src"
EQUAL
IDENT "pattern"
COMMA
IDENT "prog"
EQUAL
IDENT "arrayFromList"
IDENT "insts"
COMMA
IDENT "ngroups"
EQUAL
BANG
IDENT "st"
DOT
IDENT "ngroups"
COMMA
IDENT "multiline"
EQUAL
IDENT "multi"
COMMA
RBRACE
NEWLINE
DEDENT
NEWLINE
DEDENT
NEWLINE
DEDENT
NEWLINE
DEDENT
NEWLINE
EXPORT
NEWLINE
IDENT "mustCompile"
COLON
UPPER "String"
ARROW
UPPER "Regex"
NEWLINE
IDENT "mustCompile"
IDENT "pattern"
EQUAL
MATCH
IDENT "compile"
IDENT "pattern"
INDENT
UPPER "Ok"
IDENT "re"
FAT_ARROW
IDENT "re"
NEWLINE
UPPER "Err"
IDENT "e"
FAT_ARROW
INDENT
IDENT "panic"
INTERP_OPEN "regex: "
IDENT "e"
DOT
IDENT "message"
INTERP_MID " at position "
IDENT "intToString"
IDENT "e"
DOT
IDENT "position"
INTERP_MID " in "
IDENT "debugStringLit"
IDENT "pattern"
INTERP_END ""
NEWLINE
DEDENT
NEWLINE
DEDENT
NEWLINE
EXPORT
NEWLINE
IDENT "source"
COLON
UPPER "Regex"
ARROW
UPPER "String"
NEWLINE
IDENT "source"
IDENT "re"
EQUAL
IDENT "re"
DOT
IDENT "src"
NEWLINE
EXPORT
NEWLINE
IDENT "escape"
COLON
UPPER "String"
ARROW
UPPER "String"
NEWLINE
IDENT "escape"
IDENT "s"
EQUAL
IDENT "fromChars"
LPAREN
IDENT "escapeGo"
LPAREN
IDENT "toChars"
IDENT "s"
RPAREN
INT 0
RPAREN
NEWLINE
IDENT "escapeGo"
COLON
UPPER "Array"
UPPER "Char"
ARROW
UPPER "Int"
ARROW
UPPER "List"
UPPER "Char"
NEWLINE
IDENT "escapeGo"
IDENT "cs"
IDENT "i"
EQUAL
INDENT
IF
IDENT "i"
GEQ
IDENT "arrayLength"
IDENT "cs"
THEN
INDENT
LBRACKET
RBRACKET
NEWLINE
DEDENT
ELSE
INDENT
LET
IDENT "c"
EQUAL
IDENT "arrayGetUnsafe"
IDENT "i"
IDENT "cs"
NEWLINE
IF
IDENT "isMeta"
IDENT "c"
THEN
INDENT
CHAR "\\"
CONS
IDENT "c"
CONS
IDENT "escapeGo"
IDENT "cs"
LPAREN
IDENT "i"
PLUS
INT 1
RPAREN
NEWLINE
DEDENT
ELSE
INDENT
IDENT "c"
CONS
IDENT "escapeGo"
IDENT "cs"
LPAREN
IDENT "i"
PLUS
INT 1
RPAREN
NEWLINE
DEDENT
NEWLINE
DEDENT
NEWLINE
DEDENT
NEWLINE
IDENT "isMeta"
COLON
UPPER "Char"
ARROW
UPPER "Bool"
NEWLINE
IDENT "isMeta"
IDENT "c"
EQUAL
INDENT
IDENT "c"
EQ_EQ
CHAR "\\"
OR
IDENT "c"
EQ_EQ
CHAR "."
OR
IDENT "c"
EQ_EQ
CHAR "+"
OR
IDENT "c"
EQ_EQ
CHAR "*"
OR
IDENT "c"
EQ_EQ
CHAR "?"
OR
IDENT "c"
EQ_EQ
CHAR "("
OR
IDENT "c"
EQ_EQ
CHAR ")"
OR
IDENT "c"
EQ_EQ
CHAR "|"
OR
IDENT "c"
EQ_EQ
CHAR "["
OR
IDENT "c"
EQ_EQ
CHAR "]"
OR
IDENT "c"
EQ_EQ
CHAR "{"
OR
IDENT "c"
EQ_EQ
CHAR "}"
OR
IDENT "c"
EQ_EQ
CHAR "^"
OR
IDENT "c"
EQ_EQ
CHAR "$"
NEWLINE
DEDENT
NEWLINE
EXPORT
NEWLINE
IDENT "isMatch"
COLON
UPPER "Regex"
ARROW
UPPER "String"
ARROW
UPPER "Bool"
NEWLINE
IDENT "isMatch"
IDENT "re"
IDENT "s"
EQUAL
MATCH
IDENT "searchFrom"
IDENT "re"
LPAREN
IDENT "codesOf"
IDENT "s"
RPAREN
INT 0
UPPER "False"
UPPER "False"
LPAREN
UPPER "Ref"
INT 0
RPAREN
INDENT
UPPER "Some"
UNDERSCORE
FAT_ARROW
UPPER "True"
NEWLINE
UPPER "None"
FAT_ARROW
UPPER "False"
NEWLINE
DEDENT
NEWLINE
EXPORT
NEWLINE
IDENT "isFullMatch"
COLON
UPPER "Regex"
ARROW
UPPER "String"
ARROW
UPPER "Bool"
NEWLINE
IDENT "isFullMatch"
IDENT "re"
IDENT "s"
EQUAL
MATCH
IDENT "searchFrom"
IDENT "re"
LPAREN
IDENT "codesOf"
IDENT "s"
RPAREN
INT 0
UPPER "True"
UPPER "True"
LPAREN
UPPER "Ref"
INT 0
RPAREN
INDENT
UPPER "Some"
UNDERSCORE
FAT_ARROW
UPPER "True"
NEWLINE
UPPER "None"
FAT_ARROW
UPPER "False"
NEWLINE
DEDENT
NEWLINE
EXPORT
NEWLINE
IDENT "find"
COLON
UPPER "Regex"
ARROW
UPPER "String"
ARROW
UPPER "Option"
UPPER "Match"
NEWLINE
IDENT "find"
IDENT "re"
IDENT "s"
EQUAL
IDENT "matchOnce"
IDENT "re"
IDENT "s"
INT 0
UPPER "False"
UPPER "False"
NEWLINE
EXPORT
NEWLINE
IDENT "findFrom"
COLON
UPPER "Int"
ARROW
UPPER "Regex"
ARROW
UPPER "String"
ARROW
UPPER "Option"
UPPER "Match"
NEWLINE
IDENT "findFrom"
IDENT "from"
IDENT "re"
IDENT "s"
EQUAL
INDENT
LET
IDENT "n"
EQUAL
IDENT "stringLength"
IDENT "s"
NEWLINE
LET
IDENT "at"
EQUAL
IDENT "max"
INT 0
LPAREN
IDENT "min"
IDENT "from"
IDENT "n"
RPAREN
NEWLINE
IDENT "matchOnce"
IDENT "re"
IDENT "s"
IDENT "at"
UPPER "False"
UPPER "False"
NEWLINE
DEDENT
NEWLINE
EXPORT
NEWLINE
IDENT "fullMatch"
COLON
UPPER "Regex"
ARROW
UPPER "String"
ARROW
UPPER "Option"
UPPER "Match"
NEWLINE
IDENT "fullMatch"
IDENT "re"
IDENT "s"
EQUAL
IDENT "matchOnce"
IDENT "re"
IDENT "s"
INT 0
UPPER "True"
UPPER "True"
NEWLINE
EXPORT
NEWLINE
IDENT "isFullMatchBytes"
COLON
UPPER "Regex"
ARROW
UPPER "Array"
UPPER "Int"
ARROW
UPPER "Int"
ARROW
UPPER "Int"
ARROW
UPPER "Bool"
NEWLINE
IDENT "isFullMatchBytes"
IDENT "re"
IDENT "bytes"
IDENT "start"
IDENT "end"
EQUAL
INDENT
LET
LPAREN
IDENT "lo"
COMMA
IDENT "hi"
RPAREN
EQUAL
IDENT "clampWindow"
IDENT "bytes"
IDENT "start"
IDENT "end"
NEWLINE
MATCH
IDENT "searchWindow"
IDENT "re"
IDENT "bytes"
LPAREN
IDENT "lo"
COMMA
IDENT "hi"
RPAREN
IDENT "lo"
UPPER "True"
UPPER "True"
LPAREN
UPPER "Ref"
INT 0
RPAREN
INDENT
UPPER "Some"
UNDERSCORE
FAT_ARROW
UPPER "True"
NEWLINE
UPPER "None"
FAT_ARROW
UPPER "False"
NEWLINE
DEDENT
NEWLINE
DEDENT
NEWLINE
EXPORT
NEWLINE
IDENT "findBytes"
COLON
UPPER "Regex"
ARROW
UPPER "Array"
UPPER "Int"
ARROW
UPPER "Int"
ARROW
UPPER "Int"
ARROW
UPPER "Option"
UPPER "Match"
NEWLINE
IDENT "findBytes"
IDENT "re"
IDENT "bytes"
IDENT "start"
IDENT "end"
EQUAL
INDENT
LET
LPAREN
IDENT "lo"
COMMA
IDENT "hi"
RPAREN
EQUAL
IDENT "clampWindow"
IDENT "bytes"
IDENT "start"
IDENT "end"
NEWLINE
IDENT "map"
LPAREN
IDENT "mkMatchWith"
LPAREN
IDENT "from"
IDENT "to"
FAT_ARROW
IDENT "fromUtf8"
LPAREN
IDENT "sliceBytes"
IDENT "from"
IDENT "to"
IDENT "bytes"
RPAREN
RPAREN
IDENT "re"
RPAREN
LPAREN
IDENT "searchWindow"
IDENT "re"
IDENT "bytes"
LPAREN
IDENT "lo"
COMMA
IDENT "hi"
RPAREN
IDENT "lo"
UPPER "False"
UPPER "False"
LPAREN
UPPER "Ref"
INT 0
RPAREN
RPAREN
NEWLINE
DEDENT
NEWLINE
EXPORT
NEWLINE
IDENT "findAll"
COLON
UPPER "Regex"
ARROW
UPPER "String"
ARROW
UPPER "List"
UPPER "Match"
NEWLINE
IDENT "findAll"
IDENT "re"
IDENT "s"
EQUAL
IDENT "reverse"
LPAREN
IDENT "findAllGo"
IDENT "re"
IDENT "s"
LPAREN
IDENT "codesOf"
IDENT "s"
RPAREN
INT 0
LPAREN
MINUS
INT 1
RPAREN
LBRACKET
RBRACKET
RPAREN
NEWLINE
IDENT "findAllGo"
COLON
UPPER "Regex"
ARROW
INDENT
UPPER "String"
ARROW
NEWLINE
UPPER "Array"
UPPER "Int"
ARROW
NEWLINE
UPPER "Int"
ARROW
NEWLINE
UPPER "Int"
ARROW
NEWLINE
UPPER "List"
UPPER "Match"
ARROW
NEWLINE
UPPER "List"
UPPER "Match"
NEWLINE
DEDENT
NEWLINE
IDENT "findAllGo"
IDENT "re"
IDENT "s"
IDENT "codes"
IDENT "pos"
IDENT "prevEnd"
IDENT "acc"
EQUAL
INDENT
IF
IDENT "pos"
GT
IDENT "arrayLength"
IDENT "codes"
THEN
INDENT
IDENT "acc"
NEWLINE
DEDENT
ELSE
MATCH
IDENT "searchFrom"
IDENT "re"
IDENT "codes"
IDENT "pos"
UPPER "False"
UPPER "False"
LPAREN
UPPER "Ref"
INT 0
RPAREN
INDENT
UPPER "None"
FAT_ARROW
IDENT "acc"
NEWLINE
UPPER "Some"
IDENT "slots"
FAT_ARROW
INDENT
LET
IDENT "lo"
EQUAL
IDENT "arrayGetUnsafe"
INT 0
IDENT "slots"
NEWLINE
LET
IDENT "hi"
EQUAL
IDENT "arrayGetUnsafe"
INT 1
IDENT "slots"
NEWLINE
LET
IDENT "keep"
EQUAL
IDENT "not"
LPAREN
IDENT "hi"
EQ_EQ
IDENT "lo"
AND
IDENT "lo"
EQ_EQ
IDENT "prevEnd"
RPAREN
NEWLINE
LET
IDENT "next"
EQUAL
IF
IDENT "hi"
EQ_EQ
IDENT "lo"
THEN
IDENT "lo"
PLUS
INT 1
ELSE
IDENT "hi"
NEWLINE
LET
IDENT "acc2"
EQUAL
IF
IDENT "keep"
THEN
IDENT "mkMatch"
IDENT "re"
IDENT "s"
IDENT "slots"
CONS
IDENT "acc"
ELSE
IDENT "acc"
NEWLINE
IDENT "findAllGo"
IDENT "re"
IDENT "s"
IDENT "codes"
IDENT "next"
IDENT "hi"
IDENT "acc2"
NEWLINE
DEDENT
NEWLINE
DEDENT
NEWLINE
DEDENT
NEWLINE
EXPORT
NEWLINE
IDENT "replace"
COLON
UPPER "Regex"
ARROW
UPPER "String"
ARROW
UPPER "String"
ARROW
UPPER "String"
NEWLINE
IDENT "replace"
IDENT "re"
IDENT "repl"
IDENT "s"
EQUAL
MATCH
IDENT "find"
IDENT "re"
IDENT "s"
INDENT
UPPER "None"
FAT_ARROW
IDENT "s"
NEWLINE
UPPER "Some"
IDENT "m"
FAT_ARROW
INDENT
IDENT "sliceClamped"
INT 0
IDENT "m"
DOT
IDENT "start"
IDENT "s"
PLUSPLUS
IDENT "expandRepl"
IDENT "repl"
IDENT "m"
PLUSPLUS
IDENT "sliceClamped"
IDENT "m"
DOT
IDENT "end"
LPAREN
IDENT "stringLength"
IDENT "s"
RPAREN
IDENT "s"
NEWLINE
DEDENT
NEWLINE
DEDENT
NEWLINE
EXPORT
NEWLINE
IDENT "replaceAll"
COLON
UPPER "Regex"
ARROW
UPPER "String"
ARROW
UPPER "String"
ARROW
UPPER "String"
NEWLINE
IDENT "replaceAll"
IDENT "re"
IDENT "repl"
IDENT "s"
EQUAL
IDENT "replaceAllWith"
IDENT "re"
LPAREN
IDENT "m"
FAT_ARROW
IDENT "expandRepl"
IDENT "repl"
IDENT "m"
RPAREN
IDENT "s"
NEWLINE
EXPORT
NEWLINE
IDENT "replaceAllWith"
COLON
UPPER "Regex"
ARROW
LPAREN
UPPER "Match"
ARROW
LT
IDENT "e"
GT
UPPER "String"
RPAREN
ARROW
UPPER "String"
ARROW
LT
IDENT "e"
GT
UPPER "String"
NEWLINE
IDENT "replaceAllWith"
IDENT "re"
IDENT "f"
IDENT "s"
EQUAL
IDENT "stringConcat"
LPAREN
IDENT "reverse"
LPAREN
IDENT "stitch"
IDENT "f"
IDENT "s"
LPAREN
IDENT "findAll"
IDENT "re"
IDENT "s"
RPAREN
INT 0
LBRACKET
RBRACKET
RPAREN
RPAREN
NEWLINE
IDENT "stitch"
COLON
LPAREN
UPPER "Match"
ARROW
LT
IDENT "e"
GT
UPPER "String"
RPAREN
ARROW
INDENT
UPPER "String"
ARROW
NEWLINE
UPPER "List"
UPPER "Match"
ARROW
NEWLINE
UPPER "Int"
ARROW
NEWLINE
UPPER "List"
UPPER "String"
ARROW
LT
IDENT "e"
GT
UPPER "List"
UPPER "String"
NEWLINE
DEDENT
NEWLINE
IDENT "stitch"
UNDERSCORE
IDENT "s"
LBRACKET
RBRACKET
IDENT "beg"
IDENT "acc"
EQUAL
IDENT "sliceClamped"
IDENT "beg"
LPAREN
IDENT "stringLength"
IDENT "s"
RPAREN
IDENT "s"
CONS
IDENT "acc"
NEWLINE
IDENT "stitch"
IDENT "f"
IDENT "s"
LPAREN
IDENT "m"
CONS
IDENT "rest"
RPAREN
IDENT "beg"
IDENT "acc"
EQUAL
INDENT
LET
IDENT "piece"
EQUAL
IDENT "sliceClamped"
IDENT "beg"
IDENT "m"
DOT
IDENT "start"
IDENT "s"
NEWLINE
LET
IDENT "replaced"
EQUAL
IDENT "f"
IDENT "m"
NEWLINE
IDENT "stitch"
IDENT "f"
IDENT "s"
IDENT "rest"
IDENT "m"
DOT
IDENT "end"
LPAREN
IDENT "replaced"
CONS
IDENT "piece"
CONS
IDENT "acc"
RPAREN
NEWLINE
DEDENT
NEWLINE
IDENT "expandRepl"
COLON
UPPER "String"
ARROW
UPPER "Match"
ARROW
UPPER "String"
NEWLINE
IDENT "expandRepl"
IDENT "repl"
IDENT "m"
EQUAL
IDENT "stringConcat"
LPAREN
IDENT "reverse"
LPAREN
IDENT "expandGo"
LPAREN
IDENT "toChars"
IDENT "repl"
RPAREN
INT 0
IDENT "m"
LBRACKET
RBRACKET
RPAREN
RPAREN
NEWLINE
IDENT "expandGo"
COLON
UPPER "Array"
UPPER "Char"
ARROW
UPPER "Int"
ARROW
UPPER "Match"
ARROW
UPPER "List"
UPPER "String"
ARROW
UPPER "List"
UPPER "String"
NEWLINE
IDENT "expandGo"
IDENT "cs"
IDENT "i"
IDENT "m"
IDENT "acc"
EQUAL
INDENT
IF
IDENT "i"
GEQ
IDENT "arrayLength"
IDENT "cs"
THEN
INDENT
IDENT "acc"
NEWLINE
DEDENT
ELSE
INDENT
LET
IDENT "c"
EQUAL
IDENT "arrayGetUnsafe"
IDENT "i"
IDENT "cs"
NEWLINE
IF
IDENT "c"
EQ_EQ
CHAR "$"
AND
IDENT "i"
PLUS
INT 1
LT
IDENT "arrayLength"
IDENT "cs"
THEN
INDENT
LET
IDENT "d"
EQUAL
IDENT "arrayGetUnsafe"
LPAREN
IDENT "i"
PLUS
INT 1
RPAREN
IDENT "cs"
NEWLINE
IF
IDENT "d"
EQ_EQ
CHAR "$"
THEN
INDENT
IDENT "expandGo"
IDENT "cs"
LPAREN
IDENT "i"
PLUS
INT 2
RPAREN
IDENT "m"
LPAREN
STRING "$"
CONS
IDENT "acc"
RPAREN
NEWLINE
DEDENT
ELSE
IF
IDENT "isDigit"
IDENT "d"
THEN
INDENT
IDENT "expandGo"
IDENT "cs"
LPAREN
IDENT "i"
PLUS
INT 2
RPAREN
IDENT "m"
LPAREN
IDENT "groupText"
IDENT "m"
LPAREN
IDENT "charCode"
IDENT "d"
MINUS
INT 48
RPAREN
CONS
IDENT "acc"
RPAREN
NEWLINE
DEDENT
ELSE
INDENT
IDENT "expandGo"
IDENT "cs"
LPAREN
IDENT "i"
PLUS
INT 1
RPAREN
IDENT "m"
LPAREN
STRING "$"
CONS
IDENT "acc"
RPAREN
NEWLINE
DEDENT
NEWLINE
DEDENT
ELSE
INDENT
IDENT "expandGo"
IDENT "cs"
LPAREN
IDENT "i"
PLUS
INT 1
RPAREN
IDENT "m"
LPAREN
IDENT "charToStr"
IDENT "c"
CONS
IDENT "acc"
RPAREN
NEWLINE
DEDENT
NEWLINE
DEDENT
NEWLINE
DEDENT
NEWLINE
IDENT "groupText"
COLON
UPPER "Match"
ARROW
UPPER "Int"
ARROW
UPPER "String"
NEWLINE
IDENT "groupText"
IDENT "m"
INT 0
EQUAL
IDENT "m"
DOT
IDENT "text"
NEWLINE
IDENT "groupText"
IDENT "m"
IDENT "k"
EQUAL
MATCH
IDENT "get"
LPAREN
IDENT "k"
MINUS
INT 1
RPAREN
IDENT "m"
DOT
IDENT "groups"
INDENT
UPPER "Some"
LPAREN
UPPER "Some"
IDENT "g"
RPAREN
FAT_ARROW
IDENT "g"
DOT
IDENT "text"
NEWLINE
UNDERSCORE
FAT_ARROW
STRING ""
NEWLINE
DEDENT
NEWLINE
EXPORT
NEWLINE
IDENT "split"
COLON
UPPER "Regex"
ARROW
UPPER "String"
ARROW
UPPER "List"
UPPER "String"
NEWLINE
IDENT "split"
IDENT "re"
IDENT "s"
EQUAL
IDENT "reverse"
LPAREN
IDENT "splitGo"
IDENT "s"
LPAREN
IDENT "findAll"
IDENT "re"
IDENT "s"
RPAREN
INT 0
INT 0
LBRACKET
RBRACKET
RPAREN
NEWLINE
IDENT "splitGo"
COLON
UPPER "String"
ARROW
UPPER "List"
UPPER "Match"
ARROW
UPPER "Int"
ARROW
UPPER "Int"
ARROW
UPPER "List"
UPPER "String"
ARROW
UPPER "List"
UPPER "String"
NEWLINE
IDENT "splitGo"
IDENT "s"
LBRACKET
RBRACKET
IDENT "beg"
IDENT "lastStart"
IDENT "acc"
EQUAL
INDENT
IF
IDENT "lastStart"
NEQ
IDENT "stringLength"
IDENT "s"
THEN
INDENT
IDENT "sliceClamped"
IDENT "beg"
LPAREN
IDENT "stringLength"
IDENT "s"
RPAREN
IDENT "s"
CONS
IDENT "acc"
NEWLINE
DEDENT
ELSE
INDENT
IDENT "acc"
NEWLINE
DEDENT
NEWLINE
DEDENT
NEWLINE
IDENT "splitGo"
IDENT "s"
LPAREN
IDENT "m"
CONS
IDENT "rest"
RPAREN
IDENT "beg"
UNDERSCORE
IDENT "acc"
EQUAL
INDENT
LET
IDENT "acc2"
EQUAL
IF
IDENT "m"
DOT
IDENT "end"
NEQ
INT 0
THEN
IDENT "sliceClamped"
IDENT "beg"
IDENT "m"
DOT
IDENT "start"
IDENT "s"
CONS
IDENT "acc"
ELSE
IDENT "acc"
NEWLINE
IDENT "splitGo"
IDENT "s"
IDENT "rest"
IDENT "m"
DOT
IDENT "end"
IDENT "m"
DOT
IDENT "start"
IDENT "acc2"
NEWLINE
DEDENT
NEWLINE
PROP
STRING "escape s full-matches exactly s"
LPAREN
IDENT "s"
COLON
UPPER "String"
RPAREN
EQUAL
INDENT
IDENT "isFullMatch"
LPAREN
IDENT "mustCompile"
LPAREN
IDENT "escape"
IDENT "s"
RPAREN
RPAREN
IDENT "s"
NEWLINE
DEDENT
NEWLINE
PROP
STRING "split on a literal separator rejoins to the subject"
LPAREN
IDENT "s"
COLON
UPPER "String"
RPAREN
EQUAL
INDENT
IDENT "stringConcat"
LPAREN
IDENT "intersperseComma"
LPAREN
IDENT "split"
IDENT "commaRe"
IDENT "s"
RPAREN
RPAREN
EQ_EQ
IDENT "s"
NEWLINE
DEDENT
NEWLINE
IDENT "commaRe"
COLON
UPPER "Regex"
NEWLINE
IDENT "commaRe"
EQUAL
IDENT "mustCompile"
STRING ","
NEWLINE
IDENT "intersperseComma"
COLON
UPPER "List"
UPPER "String"
ARROW
UPPER "List"
UPPER "String"
NEWLINE
IDENT "intersperseComma"
LBRACKET
RBRACKET
EQUAL
LBRACKET
RBRACKET
NEWLINE
IDENT "intersperseComma"
LPAREN
IDENT "x"
CONS
LBRACKET
RBRACKET
RPAREN
EQUAL
LBRACKET
IDENT "x"
RBRACKET
NEWLINE
IDENT "intersperseComma"
LPAREN
IDENT "x"
CONS
IDENT "rest"
RPAREN
EQUAL
IDENT "x"
CONS
STRING ","
CONS
IDENT "intersperseComma"
IDENT "rest"
NEWLINE
PROP
STRING "findAll spans are ascending and disjoint"
LPAREN
IDENT "s"
COLON
UPPER "String"
RPAREN
EQUAL
INDENT
IDENT "spansOrdered"
LPAREN
IDENT "findAll"
LPAREN
IDENT "mustCompile"
STRING "[a-z]+|."
RPAREN
IDENT "s"
RPAREN
INT 0
NEWLINE
DEDENT
NEWLINE
IDENT "spansOrdered"
COLON
UPPER "List"
UPPER "Match"
ARROW
UPPER "Int"
ARROW
UPPER "Bool"
NEWLINE
IDENT "spansOrdered"
LBRACKET
RBRACKET
UNDERSCORE
EQUAL
UPPER "True"
NEWLINE
IDENT "spansOrdered"
LPAREN
IDENT "m"
CONS
IDENT "rest"
RPAREN
IDENT "floor"
EQUAL
INDENT
IDENT "m"
DOT
IDENT "start"
GEQ
IDENT "floor"
AND
IDENT "m"
DOT
IDENT "end"
GEQ
IDENT "m"
DOT
IDENT "start"
AND
IDENT "spansOrdered"
IDENT "rest"
IDENT "m"
DOT
IDENT "end"
NEWLINE
DEDENT
NEWLINE
NEWLINE
EOF