running doctests in stdlib/set.mdk
  ok   stdlib/set.mdk:102: size (singleton 5)
  ok   stdlib/set.mdk:112: toList (fromList [3, 1, 2, 3, 1])
  ok   stdlib/set.mdk:118: size (Set { 1, 2, 3, 2, 1 })
  ok   stdlib/set.mdk:120: size (Set { } : Set Int)
  ok   stdlib/set.mdk:127: size (fromList [1, 2, 3, 2])
  ok   stdlib/set.mdk:136: has 2 (fromList [1, 2, 3])
  ok   stdlib/set.mdk:138: has 9 (fromList [1, 2, 3])
  ok   stdlib/set.mdk:154: size (insert 9 (fromList [1, 2, 3]))
  ok   stdlib/set.mdk:164: size (insert 2 (fromList [1, 2, 3]))
  ok   stdlib/set.mdk:171: has 2 (delete 2 (fromList [1, 2, 3]))
  ok   stdlib/set.mdk:181: toList (delete 9 (fromList [1, 2, 3]))
  ok   stdlib/set.mdk:183: size (delete 9 (fromList [1, 2, 3]))
  ok   stdlib/set.mdk:211: minView (fromList [2, 1, 3])
  ok   stdlib/set.mdk:220: minView (Set { } : Set Int)
  ok   stdlib/set.mdk:226: maxView (fromList [2, 1, 3])
  ok   stdlib/set.mdk:235: maxView (Set { } : Set Int)
  ok   stdlib/set.mdk:240: getMin (fromList [3, 1, 2])
  ok   stdlib/set.mdk:248: getMax (fromList [3, 1, 2])
  ok   stdlib/set.mdk:258: toList (deleteMin (fromList [3, 1, 2]))
  ok   stdlib/set.mdk:270: toList (deleteMax (fromList [3, 1, 2]))
  ok   stdlib/set.mdk:365: toList (union (fromList [1, 2]) (fromList [2, 3]))
  ok   stdlib/set.mdk:376: toList (union (fromList [1, 2]) (fromList [3, 4]))
  ok   stdlib/set.mdk:378: toList (union (fromList [1, 2, 3]) (fromList [2]))
  ok   stdlib/set.mdk:383: toList (intersection (fromList [1, 2, 3]) (fromList [2, 3, 4]))
  ok   stdlib/set.mdk:395: toList (intersection (fromList [1, 2]) (fromList [3, 4]))
  ok   stdlib/set.mdk:397: toList (intersection (fromList [1, 2, 3]) (fromList [2]))
  ok   stdlib/set.mdk:402: toList (difference (fromList [1, 2, 3]) (fromList [2]))
  ok   stdlib/set.mdk:413: toList (difference (fromList [1, 2]) (fromList [3, 4]))
  ok   stdlib/set.mdk:415: toList (difference (fromList [1, 2, 3]) (fromList [1, 2, 3]))
  ok   stdlib/set.mdk:420: isSubsetOf (fromList [1, 2]) (fromList [1, 2, 3])
  ok   stdlib/set.mdk:422: isSubsetOf (fromList [1, 4]) (fromList [1, 2, 3])
  ok   stdlib/set.mdk:448: toList (fromList [3, 1, 2, 1])
  ok   stdlib/set.mdk:450: length (fromList [3, 1, 2, 1])
  ok   stdlib/set.mdk:463: eq (fromList [1, 2, 3]) (fromList [3, 2, 1, 2])
  ok   stdlib/set.mdk:470: compare (fromList [1, 2]) (fromList [1, 3])
  ok   stdlib/set.mdk:477: debug (fromList [1, 2, 3])
  ok   stdlib/set.mdk:490: display (fromList [1, 2, 3])
  ok   stdlib/set.mdk:492: display (empty : Set Int)
  ok   stdlib/set.mdk:511: isEmpty (empty : Set Int)
  ok   stdlib/set.mdk:524: wellFormed (fromList [5, 3, 8, 1, 4, 7, 9, 2, 6])
  ok   stdlib/set.mdk:534: wellFormed (Set { } : Set Int)

stdlib/set.mdk: 41/41 passed
stdlib/set.mdk:555: Testing "fromList builds a well-formed tree" ... OK (100 tests)
stdlib/set.mdk:558: Testing "elements come out strictly ascending (sorted, deduped)" ... OK (100 tests)
stdlib/set.mdk:561: Testing "insert then member" ... OK (100 tests)
stdlib/set.mdk:564: Testing "insert preserves well-formedness" ... OK (100 tests)
stdlib/set.mdk:567: Testing "delete removes the element and preserves well-formedness" ... OK (100 tests)
stdlib/set.mdk:571: Testing "union preserves well-formedness" ... OK (100 tests)
stdlib/set.mdk:574: Testing "intersection elements are in both sets" ... OK (100 tests)
stdlib/set.mdk:579: Testing "intersection preserves well-formedness" ... OK (100 tests)
stdlib/set.mdk:582: Testing "difference elements are in the first but not the second" ... OK (100 tests)
stdlib/set.mdk:587: Testing "difference preserves well-formedness" ... OK (100 tests)
stdlib/set.mdk:590: Testing "union is commutative on the sorted element list" ... OK (100 tests)
stdlib/set.mdk:595: Testing "size of a union is at most the sum of sizes" ... OK (100 tests)
stdlib/set.mdk:600: Testing "difference elements stay in the first set" ... OK (100 tests)
stdlib/set.mdk:605: Testing "deleting a member removes it" ... OK (100 tests)
stdlib/set.mdk:630: Testing "union agrees with naive fold-insert and stays well-formed" ... OK (100 tests)
stdlib/set.mdk:636: Testing "union elements stay strictly ascending" ... OK (100 tests)
stdlib/set.mdk:639: Testing "intersection agrees with naive and stays well-formed" ... OK (100 tests)
stdlib/set.mdk:645: Testing "difference agrees with naive and stays well-formed" ... OK (100 tests)
stdlib/set.mdk:651: Testing "isSubsetOf agrees with the naive fold" ... OK (100 tests)
stdlib/set.mdk:656: Testing "a subset of a union is recognized" ... OK (100 tests)
stdlib/set.mdk:660: Testing "splitAt partitions around the element and both halves stay well-formed" ... OK (100 tests)
stdlib/set.mdk:667: Testing "link rebuilds a well-formed set from a split" ... OK (100 tests)
stdlib/set.mdk:672: Testing "link2 rejoins a split without its element" ... OK (100 tests)

23 passed, 0 failed
