running doctests in stdlib/set.mdk
  ok   stdlib/set.mdk:100: size (singleton 5)
  ok   stdlib/set.mdk:111: size (Set { 1, 2, 3, 2, 1 })
  ok   stdlib/set.mdk:113: toList (fromList [3, 1, 2, 3, 1])
  ok   stdlib/set.mdk:119: size (Set { } : Set Int)
  ok   stdlib/set.mdk:129: size (fromList [1, 2, 3, 2])
  ok   stdlib/set.mdk:138: has 2 (fromList [1, 2, 3])
  ok   stdlib/set.mdk:140: has 9 (fromList [1, 2, 3])
  ok   stdlib/set.mdk:154: size (insert 2 (fromList [1, 2, 3]))
  ok   stdlib/set.mdk:156: size (insert 9 (fromList [1, 2, 3]))
  ok   stdlib/set.mdk:168: has 2 (delete 2 (fromList [1, 2, 3]))
  ok   stdlib/set.mdk:173: toList (delete 9 (fromList [1, 2, 3]))
  ok   stdlib/set.mdk:175: size (delete 9 (fromList [1, 2, 3]))
  ok   stdlib/set.mdk:209: minView (Set { } : Set Int)
  ok   stdlib/set.mdk:220: maxView (Set { } : Set Int)
  ok   stdlib/set.mdk:231: getMin (fromList [3, 1, 2])
  ok   stdlib/set.mdk:239: getMax (fromList [3, 1, 2])
  ok   stdlib/set.mdk:247: toList (deleteMin (fromList [3, 1, 2]))
  ok   stdlib/set.mdk:257: toList (deleteMax (fromList [3, 1, 2]))
  ok   stdlib/set.mdk:347: toList (union (fromList [1, 2]) (fromList [2, 3]))
  ok   stdlib/set.mdk:352: toList (union (fromList [1, 2]) (fromList [3, 4]))
  ok   stdlib/set.mdk:354: toList (union (fromList [1, 2, 3]) (fromList [2]))
  ok   stdlib/set.mdk:367: toList (intersection (fromList [1, 2, 3]) (fromList [2, 3, 4]))
  ok   stdlib/set.mdk:372: toList (intersection (fromList [1, 2]) (fromList [3, 4]))
  ok   stdlib/set.mdk:374: toList (intersection (fromList [1, 2, 3]) (fromList [2]))
  ok   stdlib/set.mdk:388: toList (difference (fromList [1, 2, 3]) (fromList [2]))
  ok   stdlib/set.mdk:393: toList (difference (fromList [1, 2]) (fromList [3, 4]))
  ok   stdlib/set.mdk:395: toList (difference (fromList [1, 2, 3]) (fromList [1, 2, 3]))
  ok   stdlib/set.mdk:408: isSubsetOf (fromList [1, 2]) (fromList [1, 2, 3])
  ok   stdlib/set.mdk:410: isSubsetOf (fromList [1, 4]) (fromList [1, 2, 3])
  ok   stdlib/set.mdk:438: toList (fromList [3, 1, 2, 1])
  ok   stdlib/set.mdk:440: length (fromList [3, 1, 2, 1])
  ok   stdlib/set.mdk:453: eq (fromList [1, 2, 3]) (fromList [3, 2, 1, 2])
  ok   stdlib/set.mdk:461: compare (fromList [1, 2]) (fromList [1, 3])
  ok   stdlib/set.mdk:470: debug (fromList [1, 2, 3]) == "fromList [1, 2, 3]"
  ok   stdlib/set.mdk:484: display (fromList [1, 2, 3]) == "Set { 1, 2, 3 }"
  ok   stdlib/set.mdk:486: display (empty : Set Int) == "Set {}"
  ok   stdlib/set.mdk:506: isEmpty (empty : Set Int)
  ok   stdlib/set.mdk:517: wellFormed (fromList [5, 3, 8, 1, 4, 7, 9, 2, 6])
  ok   stdlib/set.mdk:519: wellFormed (Set { } : Set Int)

stdlib/set.mdk: 39/39 passed
Testing "fromList builds a well-formed tree" ... OK (100 tests)
Testing "elements come out strictly ascending (sorted, deduped)" ... OK (100 tests)
Testing "insert then member" ... OK (100 tests)
Testing "insert preserves well-formedness" ... OK (100 tests)
Testing "delete removes the element and preserves well-formedness" ... OK (100 tests)
Testing "union preserves well-formedness" ... OK (100 tests)
Testing "intersection elements are in both sets" ... OK (100 tests)
Testing "intersection preserves well-formedness" ... OK (100 tests)
Testing "difference elements are in the first but not the second" ... OK (100 tests)
Testing "difference preserves well-formedness" ... OK (100 tests)
Testing "union is commutative on the sorted element list" ... OK (100 tests)
Testing "size of a union is at most the sum of sizes" ... OK (100 tests)
Testing "difference elements stay in the first set" ... OK (100 tests)
Testing "deleting a member removes it" ... OK (100 tests)
Testing "union agrees with naive fold-insert and stays well-formed" ... OK (100 tests)
Testing "union elements stay strictly ascending" ... OK (100 tests)
Testing "intersection agrees with naive and stays well-formed" ... OK (100 tests)
Testing "difference agrees with naive and stays well-formed" ... OK (100 tests)
Testing "isSubsetOf agrees with the naive fold" ... OK (100 tests)
Testing "a subset of a union is recognised" ... OK (100 tests)
Testing "splitAt partitions around the element and both halves stay well-formed" ... OK (100 tests)
Testing "link rebuilds a well-formed set from a split" ... OK (100 tests)
Testing "link2 rejoins a split without its element" ... OK (100 tests)

23 passed, 0 failed
