running doctests in stdlib/string.mdk
  ok   stdlib/string.mdk:62: isDigit '7'
  ok   stdlib/string.mdk:64: isDigit 'x'
  ok   stdlib/string.mdk:103: digitToInt '7'
  ok   stdlib/string.mdk:105: digitToInt 'f'
  ok   stdlib/string.mdk:107: digitToInt 'z'
  ok   stdlib/string.mdk:122: intToDigit 7
  ok   stdlib/string.mdk:124: intToDigit 12
  ok   stdlib/string.mdk:126: intToDigit 42
  ok   stdlib/string.mdk:146: arrayLength (toChars "héllo→")
  ok   stdlib/string.mdk:155: fromChars ['h', 'i']
  ok   stdlib/string.mdk:165: arrayLength (toUtf8 "héllo")
  ok   stdlib/string.mdk:174: fromUtf8 (toUtf8 "héllo→")
  ok   stdlib/string.mdk:182: utf8ByteLength "héllo"
  ok   stdlib/string.mdk:193: toInt "42"
  ok   stdlib/string.mdk:195: toInt "-7"
  ok   stdlib/string.mdk:197: toInt "12x"
  ok   stdlib/string.mdk:199: toInt "4611686018427387903"
  ok   stdlib/string.mdk:201: toInt "4611686018427387904"
  ok   stdlib/string.mdk:203: toInt "-4611686018427387904"
  ok   stdlib/string.mdk:205: toInt "-4611686018427387905"
  ok   stdlib/string.mdk:207: toInt "99999999999999999999"
  ok   stdlib/string.mdk:262: toFloat "3.5"
  ok   stdlib/string.mdk:264: toFloat "nope"
  ok   stdlib/string.mdk:276: startsWith "he" "hello"
  ok   stdlib/string.mdk:278: startsWith "lo" "hello"
  ok   stdlib/string.mdk:286: endsWith "lo" "hello"
  ok   stdlib/string.mdk:298: stripPrefix "he" "hello"
  ok   stdlib/string.mdk:300: stripPrefix "xy" "hello"
  ok   stdlib/string.mdk:302: stripPrefix "" "hi"
  ok   stdlib/string.mdk:304: stripPrefix "hello" "hello"
  ok   stdlib/string.mdk:317: stripSuffix "lo" "hello"
  ok   stdlib/string.mdk:319: stripSuffix "xy" "hello"
  ok   stdlib/string.mdk:321: stripSuffix "" "hi"
  ok   stdlib/string.mdk:334: contains "ell" "hello"
  ok   stdlib/string.mdk:336: contains "xyz" "hello"
  ok   stdlib/string.mdk:346: indexOf "lo" "hello"
  ok   stdlib/string.mdk:348: indexOf "z" "hello"
  ok   stdlib/string.mdk:358: lastIndexOf "l" "hello"
  ok   stdlib/string.mdk:360: lastIndexOf "z" "hello"
  ok   stdlib/string.mdk:376: countOccurrences "l" "hello"
  ok   stdlib/string.mdk:378: countOccurrences "ll" "lllll"
  ok   stdlib/string.mdk:400: concat ["a", "bc", "d"]
  ok   stdlib/string.mdk:408: join ", " ["a", "b", "c"]
  ok   stdlib/string.mdk:421: repeat 3 "ab"
  ok   stdlib/string.mdk:432: reverse "abc"
  ok   stdlib/string.mdk:460: trim "  hi  "
  ok   stdlib/string.mdk:491: toUpper "Straße"
  ok   stdlib/string.mdk:500: toLower "HÉLLO"
  ok   stdlib/string.mdk:508: capitalize "hello"
  ok   stdlib/string.mdk:522: replace "l" "L" "hello"
  ok   stdlib/string.mdk:540: replaceAll "l" "L" "hello"
  ok   stdlib/string.mdk:562: sliceClamped 1 4 "hello"
  ok   stdlib/string.mdk:570: take 3 "hello"
  ok   stdlib/string.mdk:578: drop 3 "hello"
  ok   stdlib/string.mdk:586: splitAt 2 "hello"
  ok   stdlib/string.mdk:594: split "," "a,b,c"
  ok   stdlib/string.mdk:596: split "," "abc"
  ok   stdlib/string.mdk:609: lines "a\nb\nc"
  ok   stdlib/string.mdk:625: words "  hello   world "
  ok   stdlib/string.mdk:647: unlines ["a", "b"]
  ok   stdlib/string.mdk:662: unwords ["a", "b", "c"]
  ok   stdlib/string.mdk:672: padLeft 5 '.' "ab"
  ok   stdlib/string.mdk:684: padRight 5 '.' "ab"
  ok   stdlib/string.mdk:697: center 5 '.' "ab"

stdlib/string.mdk: 64/64 passed
