NEWLINE
IMPORT
IDENT "list"
DOT_LBRACE
IDENT "last"
RBRACE
NEWLINE
IMPORT
IDENT "math"
DOT_LBRACE
IDENT "approxEq"
RBRACE
NEWLINE
IMPORT
IDENT "string"
DOT_LBRACE
IDENT "contains"
COMMA
IDENT "lines"
COMMA
IDENT "startsWith"
COMMA
IDENT "stripSuffix"
RBRACE
NEWLINE
PUBLIC
EXPORT
DATA
UPPER "Expectation"
EQUAL
INDENT
PIPE
UPPER "Pass"
UPPER "String"
UPPER "String"
NEWLINE
PIPE
UPPER "Fail"
UPPER "String"
UPPER "String"
UPPER "String"
NEWLINE
DERIVING
LPAREN
UPPER "Eq"
COMMA
UPPER "Debug"
RPAREN
NEWLINE
DEDENT
NEWLINE
EXPORT
NEWLINE
IDENT "pass"
COLON
UPPER "Expectation"
NEWLINE
IDENT "pass"
EQUAL
UPPER "Pass"
STRING ""
STRING ""
NEWLINE
EXPORT
NEWLINE
IDENT "fail"
COLON
UPPER "String"
ARROW
UPPER "Expectation"
NEWLINE
IDENT "fail"
IDENT "msg"
EQUAL
UPPER "Fail"
IDENT "msg"
STRING ""
STRING ""
NEWLINE
EXPORT
NEWLINE
IDENT "expectTrue"
COLON
UPPER "Bool"
ARROW
UPPER "Expectation"
NEWLINE
IDENT "expectTrue"
UPPER "True"
EQUAL
UPPER "Pass"
STRING "True"
STRING "True"
NEWLINE
IDENT "expectTrue"
UPPER "False"
EQUAL
UPPER "Fail"
STRING "expected True but got False"
STRING "True"
STRING "False"
NEWLINE
EXPORT
NEWLINE
IDENT "expectFalse"
COLON
UPPER "Bool"
ARROW
UPPER "Expectation"
NEWLINE
IDENT "expectFalse"
UPPER "False"
EQUAL
UPPER "Pass"
STRING "False"
STRING "False"
NEWLINE
IDENT "expectFalse"
UPPER "True"
EQUAL
UPPER "Fail"
STRING "expected False but got True"
STRING "False"
STRING "True"
NEWLINE
EXPORT
NEWLINE
IDENT "expectEqual"
COLON
LPAREN
UPPER "Eq"
IDENT "a"
COMMA
UPPER "Debug"
IDENT "a"
RPAREN
FAT_ARROW
IDENT "a"
ARROW
IDENT "a"
ARROW
UPPER "Expectation"
NEWLINE
IDENT "expectEqual"
IDENT "expected"
IDENT "actual"
EQUAL
INDENT
LET
IDENT "e"
EQUAL
IDENT "debug"
IDENT "expected"
NEWLINE
LET
IDENT "a"
EQUAL
IDENT "debug"
IDENT "actual"
NEWLINE
IF
IDENT "eq"
IDENT "expected"
IDENT "actual"
THEN
UPPER "Pass"
IDENT "e"
IDENT "a"
ELSE
UPPER "Fail"
INTERP_OPEN "expected "
IDENT "e"
INTERP_MID " but got "
IDENT "a"
INTERP_END ""
IDENT "e"
IDENT "a"
NEWLINE
DEDENT
NEWLINE
EXPORT
NEWLINE
IDENT "expectNotEqual"
COLON
LPAREN
UPPER "Eq"
IDENT "a"
COMMA
UPPER "Debug"
IDENT "a"
RPAREN
FAT_ARROW
IDENT "a"
ARROW
IDENT "a"
ARROW
UPPER "Expectation"
NEWLINE
IDENT "expectNotEqual"
IDENT "expected"
IDENT "actual"
EQUAL
INDENT
LET
IDENT "e"
EQUAL
IDENT "debug"
IDENT "expected"
NEWLINE
LET
IDENT "a"
EQUAL
IDENT "debug"
IDENT "actual"
NEWLINE
IF
IDENT "neq"
IDENT "expected"
IDENT "actual"
THEN
INDENT
UPPER "Pass"
IDENT "e"
IDENT "a"
NEWLINE
DEDENT
ELSE
INDENT
UPPER "Fail"
LPAREN
STRING "expected values to differ but both were "
PLUSPLUS
IDENT "a"
RPAREN
IDENT "e"
IDENT "a"
NEWLINE
DEDENT
NEWLINE
DEDENT
NEWLINE
EXPORT
NEWLINE
IDENT "expectLessThan"
COLON
LPAREN
UPPER "Ord"
IDENT "a"
COMMA
UPPER "Debug"
IDENT "a"
RPAREN
FAT_ARROW
IDENT "a"
ARROW
IDENT "a"
ARROW
UPPER "Expectation"
NEWLINE
IDENT "expectLessThan"
IDENT "expected"
IDENT "actual"
EQUAL
INDENT
LET
IDENT "e"
EQUAL
IDENT "debug"
IDENT "expected"
NEWLINE
LET
IDENT "a"
EQUAL
IDENT "debug"
IDENT "actual"
NEWLINE
IF
IDENT "lt"
IDENT "actual"
IDENT "expected"
THEN
UPPER "Pass"
IDENT "e"
IDENT "a"
ELSE
UPPER "Fail"
INTERP_OPEN "expected "
IDENT "a"
INTERP_MID " < "
IDENT "e"
INTERP_END ""
IDENT "e"
IDENT "a"
NEWLINE
DEDENT
NEWLINE
EXPORT
NEWLINE
IDENT "expectGreaterThan"
COLON
LPAREN
UPPER "Ord"
IDENT "a"
COMMA
UPPER "Debug"
IDENT "a"
RPAREN
FAT_ARROW
IDENT "a"
ARROW
IDENT "a"
ARROW
UPPER "Expectation"
NEWLINE
IDENT "expectGreaterThan"
IDENT "expected"
IDENT "actual"
EQUAL
INDENT
LET
IDENT "e"
EQUAL
IDENT "debug"
IDENT "expected"
NEWLINE
LET
IDENT "a"
EQUAL
IDENT "debug"
IDENT "actual"
NEWLINE
IF
IDENT "gt"
IDENT "actual"
IDENT "expected"
THEN
UPPER "Pass"
IDENT "e"
IDENT "a"
ELSE
UPPER "Fail"
INTERP_OPEN "expected "
IDENT "a"
INTERP_MID " > "
IDENT "e"
INTERP_END ""
IDENT "e"
IDENT "a"
NEWLINE
DEDENT
NEWLINE
EXPORT
NEWLINE
IDENT "expectOk"
COLON
LPAREN
UPPER "Debug"
IDENT "e"
COMMA
UPPER "Debug"
IDENT "a"
RPAREN
FAT_ARROW
UPPER "Result"
IDENT "e"
IDENT "a"
ARROW
UPPER "Expectation"
NEWLINE
IDENT "expectOk"
IDENT "r"
EQUAL
INDENT
LET
IDENT "a"
EQUAL
IDENT "debug"
IDENT "r"
NEWLINE
MATCH
IDENT "r"
INDENT
UPPER "Ok"
UNDERSCORE
FAT_ARROW
UPPER "Pass"
STRING "Ok _"
IDENT "a"
NEWLINE
UPPER "Err"
UNDERSCORE
FAT_ARROW
UPPER "Fail"
INTERP_OPEN "expected Ok but got "
IDENT "a"
INTERP_END ""
STRING "Ok _"
IDENT "a"
NEWLINE
DEDENT
NEWLINE
DEDENT
NEWLINE
EXPORT
NEWLINE
IDENT "expectErr"
COLON
LPAREN
UPPER "Debug"
IDENT "e"
COMMA
UPPER "Debug"
IDENT "a"
RPAREN
FAT_ARROW
UPPER "Result"
IDENT "e"
IDENT "a"
ARROW
UPPER "Expectation"
NEWLINE
IDENT "expectErr"
IDENT "r"
EQUAL
INDENT
LET
IDENT "a"
EQUAL
IDENT "debug"
IDENT "r"
NEWLINE
MATCH
IDENT "r"
INDENT
UPPER "Err"
UNDERSCORE
FAT_ARROW
UPPER "Pass"
STRING "Err _"
IDENT "a"
NEWLINE
UPPER "Ok"
UNDERSCORE
FAT_ARROW
UPPER "Fail"
INTERP_OPEN "expected Err but got "
IDENT "a"
INTERP_END ""
STRING "Err _"
IDENT "a"
NEWLINE
DEDENT
NEWLINE
DEDENT
NEWLINE
EXPORT
NEWLINE
IDENT "expectSome"
COLON
UPPER "Debug"
IDENT "a"
FAT_ARROW
UPPER "Option"
IDENT "a"
ARROW
UPPER "Expectation"
NEWLINE
IDENT "expectSome"
IDENT "o"
EQUAL
INDENT
LET
IDENT "a"
EQUAL
IDENT "debug"
IDENT "o"
NEWLINE
MATCH
IDENT "o"
INDENT
UPPER "Some"
UNDERSCORE
FAT_ARROW
UPPER "Pass"
STRING "Some _"
IDENT "a"
NEWLINE
UPPER "None"
FAT_ARROW
UPPER "Fail"
INTERP_OPEN "expected Some but got "
IDENT "a"
INTERP_END ""
STRING "Some _"
IDENT "a"
NEWLINE
DEDENT
NEWLINE
DEDENT
NEWLINE
EXPORT
NEWLINE
IDENT "expectNone"
COLON
UPPER "Debug"
IDENT "a"
FAT_ARROW
UPPER "Option"
IDENT "a"
ARROW
UPPER "Expectation"
NEWLINE
IDENT "expectNone"
IDENT "o"
EQUAL
INDENT
LET
IDENT "a"
EQUAL
IDENT "debug"
IDENT "o"
NEWLINE
MATCH
IDENT "o"
INDENT
UPPER "None"
FAT_ARROW
UPPER "Pass"
STRING "None"
IDENT "a"
NEWLINE
UPPER "Some"
UNDERSCORE
FAT_ARROW
UPPER "Fail"
INTERP_OPEN "expected None but got "
IDENT "a"
INTERP_END ""
STRING "None"
IDENT "a"
NEWLINE
DEDENT
NEWLINE
DEDENT
NEWLINE
EXPORT
NEWLINE
IDENT "expectWithin"
COLON
UPPER "Float"
ARROW
UPPER "Float"
ARROW
UPPER "Float"
ARROW
UPPER "Expectation"
NEWLINE
IDENT "expectWithin"
IDENT "expected"
IDENT "actual"
IDENT "eps"
EQUAL
INDENT
LET
IDENT "e"
EQUAL
IDENT "debug"
IDENT "expected"
NEWLINE
LET
IDENT "a"
EQUAL
IDENT "debug"
IDENT "actual"
NEWLINE
IF
IDENT "approxEq"
IDENT "expected"
IDENT "actual"
IDENT "eps"
THEN
INDENT
UPPER "Pass"
IDENT "e"
IDENT "a"
NEWLINE
DEDENT
ELSE
INDENT
UPPER "Fail"
INTERP_OPEN "expected "
IDENT "a"
INTERP_MID " within "
IDENT "debug"
IDENT "eps"
INTERP_MID " of "
IDENT "e"
INTERP_END ""
IDENT "e"
IDENT "a"
NEWLINE
DEDENT
NEWLINE
DEDENT
NEWLINE
IDENT "missingTextNeedles"
COLON
UPPER "List"
UPPER "String"
ARROW
UPPER "String"
ARROW
UPPER "List"
UPPER "String"
NEWLINE
IDENT "missingTextNeedles"
IDENT "needles"
IDENT "actual"
EQUAL
INDENT
IDENT "filter"
LPAREN
IDENT "needle"
FAT_ARROW
IDENT "not"
LPAREN
IDENT "contains"
IDENT "needle"
IDENT "actual"
RPAREN
RPAREN
IDENT "needles"
NEWLINE
DEDENT
NEWLINE
EXPORT
NEWLINE
IDENT "expectTextContainsAll"
COLON
UPPER "List"
UPPER "String"
ARROW
UPPER "String"
ARROW
UPPER "Expectation"
NEWLINE
IDENT "expectTextContainsAll"
IDENT "needles"
IDENT "actual"
EQUAL
INDENT
LET
IDENT "expected"
EQUAL
IDENT "debug"
IDENT "needles"
NEWLINE
MATCH
IDENT "missingTextNeedles"
IDENT "needles"
IDENT "actual"
INDENT
LBRACKET
RBRACKET
FAT_ARROW
UPPER "Pass"
IDENT "expected"
IDENT "actual"
NEWLINE
IDENT "missing"
CONS
UNDERSCORE
FAT_ARROW
INDENT
UPPER "Fail"
INTERP_OPEN "expected text containing "
IDENT "debug"
IDENT "missing"
INTERP_END ""
IDENT "expected"
IDENT "actual"
NEWLINE
DEDENT
NEWLINE
DEDENT
NEWLINE
DEDENT
NEWLINE
IDENT "lineContainsAll"
COLON
UPPER "List"
UPPER "String"
ARROW
UPPER "String"
ARROW
UPPER "Bool"
NEWLINE
IDENT "lineContainsAll"
IDENT "needles"
IDENT "line"
EQUAL
MATCH
IDENT "missingTextNeedles"
IDENT "needles"
IDENT "line"
INDENT
LBRACKET
RBRACKET
FAT_ARROW
UPPER "True"
NEWLINE
UNDERSCORE
FAT_ARROW
UPPER "False"
NEWLINE
DEDENT
NEWLINE
EXPORT
NEWLINE
IDENT "expectLineContainsAll"
COLON
UPPER "List"
UPPER "String"
ARROW
UPPER "String"
ARROW
UPPER "Expectation"
NEWLINE
IDENT "expectLineContainsAll"
IDENT "needles"
IDENT "actual"
EQUAL
INDENT
LET
IDENT "expected"
EQUAL
IDENT "debug"
IDENT "needles"
NEWLINE
IF
IDENT "any"
LPAREN
IDENT "lineContainsAll"
IDENT "needles"
RPAREN
LPAREN
IDENT "lines"
IDENT "actual"
RPAREN
THEN
INDENT
UPPER "Pass"
IDENT "expected"
IDENT "actual"
NEWLINE
DEDENT
ELSE
INDENT
UPPER "Fail"
STRING "expected one line containing every required string"
IDENT "expected"
IDENT "actual"
NEWLINE
DEDENT
NEWLINE
DEDENT
NEWLINE
EXPORT
NEWLINE
IDENT "expectTextStartsWithAndContains"
COLON
UPPER "String"
ARROW
UPPER "List"
UPPER "String"
ARROW
UPPER "String"
ARROW
UPPER "Expectation"
NEWLINE
IDENT "expectTextStartsWithAndContains"
IDENT "prefix"
IDENT "needles"
IDENT "actual"
EQUAL
INDENT
LET
IDENT "expected"
EQUAL
INTERP_OPEN "prefix "
IDENT "debug"
IDENT "prefix"
INTERP_MID ", substrings "
IDENT "debug"
IDENT "needles"
INTERP_END ""
NEWLINE
IF
IDENT "not"
LPAREN
IDENT "startsWith"
IDENT "prefix"
IDENT "actual"
RPAREN
THEN
INDENT
UPPER "Fail"
INTERP_OPEN "expected text starting with "
IDENT "debug"
IDENT "prefix"
INTERP_END ""
IDENT "expected"
IDENT "actual"
NEWLINE
DEDENT
ELSE
MATCH
IDENT "missingTextNeedles"
IDENT "needles"
IDENT "actual"
INDENT
LBRACKET
RBRACKET
FAT_ARROW
UPPER "Pass"
IDENT "expected"
IDENT "actual"
NEWLINE
IDENT "missing"
CONS
UNDERSCORE
FAT_ARROW
INDENT
UPPER "Fail"
INTERP_OPEN "expected text containing "
IDENT "debug"
IDENT "missing"
INTERP_END ""
IDENT "expected"
IDENT "actual"
NEWLINE
DEDENT
NEWLINE
DEDENT
NEWLINE
DEDENT
NEWLINE
IDENT "normalizeTrailingUnit"
COLON
UPPER "String"
ARROW
UPPER "String"
NEWLINE
IDENT "normalizeTrailingUnit"
IDENT "s"
EQUAL
MATCH
IDENT "stripSuffix"
STRING "()"
IDENT "s"
INDENT
UPPER "Some"
IDENT "s2"
FAT_ARROW
IDENT "s2"
NEWLINE
UPPER "None"
FAT_ARROW
MATCH
IDENT "last"
LPAREN
IDENT "lines"
IDENT "s"
RPAREN
INDENT
UPPER "Some"
STRING "0"
FAT_ARROW
IDENT "optionOr"
IDENT "s"
LPAREN
IDENT "stripSuffix"
STRING "0"
IDENT "s"
RPAREN
NEWLINE
UNDERSCORE
FAT_ARROW
IDENT "s"
NEWLINE
DEDENT
NEWLINE
DEDENT
NEWLINE
IDENT "diffLineMsg"
COLON
UPPER "Int"
ARROW
UPPER "List"
UPPER "String"
ARROW
UPPER "List"
UPPER "String"
ARROW
UPPER "String"
NEWLINE
IDENT "diffLineMsg"
IDENT "n"
LBRACKET
RBRACKET
LBRACKET
RBRACKET
EQUAL
STRING "expected and actual differ only outside their lines"
NEWLINE
IDENT "diffLineMsg"
IDENT "n"
LBRACKET
RBRACKET
LPAREN
IDENT "a"
CONS
UNDERSCORE
RPAREN
EQUAL
INDENT
INTERP_OPEN "line "
IDENT "intToString"
IDENT "n"
INTERP_MID ": expected nothing but got "
IDENT "debug"
IDENT "a"
INTERP_END ""
NEWLINE
DEDENT
NEWLINE
IDENT "diffLineMsg"
IDENT "n"
LPAREN
IDENT "e"
CONS
UNDERSCORE
RPAREN
LBRACKET
RBRACKET
EQUAL
INDENT
INTERP_OPEN "line "
IDENT "intToString"
IDENT "n"
INTERP_MID ": expected "
IDENT "debug"
IDENT "e"
INTERP_END " but got nothing"
NEWLINE
DEDENT
NEWLINE
IDENT "diffLineMsg"
IDENT "n"
LPAREN
IDENT "e"
CONS
IDENT "es"
RPAREN
LPAREN
IDENT "a"
CONS
IDENT "asL"
RPAREN
EQUAL
INDENT
IF
IDENT "e"
EQ_EQ
IDENT "a"
THEN
INDENT
IDENT "diffLineMsg"
LPAREN
IDENT "n"
PLUS
INT 1
RPAREN
IDENT "es"
IDENT "asL"
NEWLINE
DEDENT
ELSE
INDENT
INTERP_OPEN "line "
IDENT "intToString"
IDENT "n"
INTERP_MID ": expected "
IDENT "debug"
IDENT "e"
INTERP_MID " but got "
IDENT "debug"
IDENT "a"
INTERP_END ""
NEWLINE
DEDENT
NEWLINE
DEDENT
NEWLINE
EXPORT
NEWLINE
IDENT "expectEqualText"
COLON
UPPER "String"
ARROW
UPPER "String"
ARROW
UPPER "Expectation"
NEWLINE
IDENT "expectEqualText"
IDENT "expected"
IDENT "actual"
EQUAL
INDENT
LET
IDENT "e"
EQUAL
IDENT "normalizeTrailingUnit"
IDENT "expected"
NEWLINE
LET
IDENT "a"
EQUAL
IDENT "normalizeTrailingUnit"
IDENT "actual"
NEWLINE
IF
IDENT "e"
EQ_EQ
IDENT "a"
THEN
UPPER "Pass"
IDENT "e"
IDENT "a"
ELSE
UPPER "Fail"
LPAREN
IDENT "diffLineMsg"
INT 1
LPAREN
IDENT "lines"
IDENT "e"
RPAREN
LPAREN
IDENT "lines"
IDENT "a"
RPAREN
RPAREN
IDENT "e"
IDENT "a"
NEWLINE
DEDENT
NEWLINE
IDENT "expectAllStep"
COLON
UPPER "Expectation"
ARROW
UPPER "Expectation"
ARROW
UPPER "Expectation"
NEWLINE
IDENT "expectAllStep"
LPAREN
UPPER "Fail"
IDENT "msg"
IDENT "e"
IDENT "a"
RPAREN
UNDERSCORE
EQUAL
UPPER "Fail"
IDENT "msg"
IDENT "e"
IDENT "a"
NEWLINE
IDENT "expectAllStep"
LPAREN
UPPER "Pass"
UNDERSCORE
UNDERSCORE
RPAREN
LPAREN
UPPER "Fail"
IDENT "msg"
IDENT "e"
IDENT "a"
RPAREN
EQUAL
UPPER "Fail"
IDENT "msg"
IDENT "e"
IDENT "a"
NEWLINE
IDENT "expectAllStep"
LPAREN
UPPER "Pass"
UNDERSCORE
UNDERSCORE
RPAREN
LPAREN
UPPER "Pass"
UNDERSCORE
UNDERSCORE
RPAREN
EQUAL
IDENT "pass"
NEWLINE
EXPORT
NEWLINE
IDENT "expectAll"
COLON
UPPER "List"
UPPER "Expectation"
ARROW
UPPER "Expectation"
NEWLINE
IDENT "expectAll"
IDENT "es"
EQUAL
IDENT "fold"
IDENT "expectAllStep"
IDENT "pass"
IDENT "es"
NEWLINE
EXPORT
NEWLINE
IDENT "expectationTag"
COLON
UPPER "Expectation"
ARROW
UPPER "String"
NEWLINE
IDENT "expectationTag"
LPAREN
UPPER "Pass"
UNDERSCORE
UNDERSCORE
RPAREN
EQUAL
STRING "Pass"
NEWLINE
IDENT "expectationTag"
LPAREN
UPPER "Fail"
UNDERSCORE
UNDERSCORE
UNDERSCORE
RPAREN
EQUAL
STRING "Fail"
NEWLINE
EXPORT
NEWLINE
IDENT "expectationMessage"
COLON
UPPER "Expectation"
ARROW
UPPER "String"
NEWLINE
IDENT "expectationMessage"
LPAREN
UPPER "Pass"
UNDERSCORE
UNDERSCORE
RPAREN
EQUAL
STRING ""
NEWLINE
IDENT "expectationMessage"
LPAREN
UPPER "Fail"
IDENT "m"
UNDERSCORE
UNDERSCORE
RPAREN
EQUAL
IDENT "m"
NEWLINE
EXPORT
NEWLINE
IDENT "expectationExpected"
COLON
UPPER "Expectation"
ARROW
UPPER "String"
NEWLINE
IDENT "expectationExpected"
LPAREN
UPPER "Pass"
IDENT "e"
UNDERSCORE
RPAREN
EQUAL
IDENT "e"
NEWLINE
IDENT "expectationExpected"
LPAREN
UPPER "Fail"
UNDERSCORE
IDENT "e"
UNDERSCORE
RPAREN
EQUAL
IDENT "e"
NEWLINE
EXPORT
NEWLINE
IDENT "expectationActual"
COLON
UPPER "Expectation"
ARROW
UPPER "String"
NEWLINE
IDENT "expectationActual"
LPAREN
UPPER "Pass"
UNDERSCORE
IDENT "a"
RPAREN
EQUAL
IDENT "a"
NEWLINE
IDENT "expectationActual"
LPAREN
UPPER "Fail"
UNDERSCORE
UNDERSCORE
IDENT "a"
RPAREN
EQUAL
IDENT "a"
NEWLINE
IDENT "goTests"
COLON
UPPER "List"
LPAREN
UPPER "String"
COMMA
UPPER "Unit"
ARROW
UPPER "Expectation"
RPAREN
ARROW
UPPER "Int"
ARROW
UPPER "Int"
ARROW
LT
UPPER "IO"
GT
UPPER "Bool"
NEWLINE
IDENT "goTests"
LBRACKET
RBRACKET
IDENT "passed"
IDENT "failed"
EQUAL
INDENT
IDENT "println"
INTERP_OPEN "\n"
IDENT "intToString"
IDENT "passed"
INTERP_MID " passed, "
IDENT "intToString"
IDENT "failed"
INTERP_END " failed"
NEWLINE
IDENT "eq"
IDENT "failed"
INT 0
NEWLINE
DEDENT
NEWLINE
IDENT "goTests"
LPAREN
LPAREN
IDENT "name"
COMMA
IDENT "thunk"
RPAREN
CONS
IDENT "rest"
RPAREN
IDENT "passed"
IDENT "failed"
EQUAL
MATCH
IDENT "thunk"
LPAREN
RPAREN
INDENT
UPPER "Pass"
UNDERSCORE
UNDERSCORE
FAT_ARROW
INDENT
IDENT "println"
LPAREN
STRING "  ok   "
PLUSPLUS
IDENT "name"
RPAREN
NEWLINE
IDENT "goTests"
IDENT "rest"
LPAREN
IDENT "passed"
PLUS
INT 1
RPAREN
IDENT "failed"
NEWLINE
DEDENT
NEWLINE
UPPER "Fail"
IDENT "msg"
UNDERSCORE
UNDERSCORE
FAT_ARROW
INDENT
IDENT "println"
INTERP_OPEN "  FAIL "
IDENT "name"
INTERP_MID ": "
IDENT "msg"
INTERP_END ""
NEWLINE
IDENT "goTests"
IDENT "rest"
IDENT "passed"
LPAREN
IDENT "failed"
PLUS
INT 1
RPAREN
NEWLINE
DEDENT
NEWLINE
DEDENT
NEWLINE
EXPORT
NEWLINE
IDENT "runTests"
COLON
UPPER "List"
LPAREN
UPPER "String"
COMMA
UPPER "Unit"
ARROW
UPPER "Expectation"
RPAREN
ARROW
LT
UPPER "IO"
GT
UPPER "Bool"
NEWLINE
IDENT "runTests"
IDENT "tests"
EQUAL
IDENT "goTests"
IDENT "tests"
INT 0
INT 0
NEWLINE
EXPORT
NEWLINE
IDENT "expectGolden"
COLON
UPPER "String"
ARROW
UPPER "String"
ARROW
LT
UPPER "FileRead"
STRING "_"
GT
UPPER "Expectation"
NEWLINE
IDENT "expectGolden"
IDENT "path"
IDENT "actual"
EQUAL
MATCH
IDENT "readFile"
IDENT "path"
INDENT
UPPER "Err"
IDENT "e"
FAT_ARROW
UPPER "Fail"
INTERP_OPEN "expected golden "
IDENT "path"
INTERP_MID ": "
IDENT "e"
INTERP_END ""
STRING ""
IDENT "actual"
NEWLINE
UPPER "Ok"
IDENT "golden"
FAT_ARROW
IDENT "expectEqualText"
IDENT "golden"
IDENT "actual"
NEWLINE
DEDENT
NEWLINE
PROP
STRING "Eq Expectation separates constructors and payloads"
LPAREN
IDENT "m"
COLON
UPPER "String"
RPAREN
EQUAL
INDENT
IDENT "pass"
EQ_EQ
IDENT "pass"
AND
IDENT "fail"
IDENT "m"
EQ_EQ
IDENT "fail"
IDENT "m"
AND
IDENT "pass"
EQ_EQ
IDENT "fail"
IDENT "m"
EQ_EQ
UPPER "False"
AND
IDENT "fail"
IDENT "m"
EQ_EQ
IDENT "fail"
LPAREN
IDENT "m"
PLUSPLUS
STRING "!"
RPAREN
EQ_EQ
UPPER "False"
NEWLINE
DEDENT
NEWLINE
PROP
STRING "a passing expectEqual carries both rendered operands"
LPAREN
IDENT "n"
COLON
UPPER "Int"
RPAREN
EQUAL
INDENT
IDENT "expectEqual"
IDENT "n"
IDENT "n"
EQ_EQ
UPPER "Pass"
LPAREN
IDENT "debug"
IDENT "n"
RPAREN
LPAREN
IDENT "debug"
IDENT "n"
RPAREN
NEWLINE
DEDENT
NEWLINE
PROP
STRING "Debug Expectation agrees with Eq"
LPAREN
IDENT "m"
COLON
UPPER "String"
RPAREN
EQUAL
INDENT
IDENT "debug"
LPAREN
IDENT "fail"
IDENT "m"
RPAREN
EQ_EQ
IDENT "debug"
LPAREN
IDENT "fail"
IDENT "m"
RPAREN
AND
IDENT "debug"
LPAREN
IDENT "fail"
IDENT "m"
RPAREN
EQ_EQ
IDENT "debug"
IDENT "pass"
EQ_EQ
UPPER "False"
NEWLINE
DEDENT
NEWLINE
PROP
STRING "expectEqualText never conflates a value with that value plus a digit"
LPAREN
IDENT "n"
COLON
UPPER "Int"
RPAREN
EQUAL
INDENT
LET
IDENT "s"
EQUAL
IDENT "intToString"
LPAREN
IDENT "abs"
IDENT "n"
RPAREN
NEWLINE
MATCH
IDENT "expectEqualText"
IDENT "s"
LPAREN
IDENT "s"
PLUSPLUS
STRING "0"
RPAREN
INDENT
UPPER "Pass"
UNDERSCORE
UNDERSCORE
FAT_ARROW
UPPER "False"
NEWLINE
UPPER "Fail"
UNDERSCORE
UNDERSCORE
UNDERSCORE
FAT_ARROW
UPPER "True"
NEWLINE
DEDENT
NEWLINE
DEDENT
NEWLINE
NEWLINE
EOF