NEWLINE
IMPORT
IDENT "math"
DOT_LBRACE
IDENT "floorDiv"
RBRACE
NEWLINE
IMPORT
IDENT "string"
DOT_LBRACE
IDENT "sliceClamped"
COMMA
IDENT "toInt"
RBRACE
NEWLINE
PUBLIC
EXPORT
DATA
UPPER "Duration"
EQUAL
UPPER "Duration"
UPPER "Int"
DERIVING
LPAREN
UPPER "Eq"
COMMA
UPPER "Ord"
COMMA
UPPER "Debug"
RPAREN
NEWLINE
EXPORT
NEWLINE
IDENT "millis"
COLON
UPPER "Int"
ARROW
UPPER "Duration"
NEWLINE
IDENT "millis"
IDENT "n"
EQUAL
UPPER "Duration"
IDENT "n"
NEWLINE
EXPORT
NEWLINE
IDENT "seconds"
COLON
UPPER "Int"
ARROW
UPPER "Duration"
NEWLINE
IDENT "seconds"
IDENT "n"
EQUAL
UPPER "Duration"
LPAREN
IDENT "n"
STAR
INT 1000
RPAREN
NEWLINE
EXPORT
NEWLINE
IDENT "minutes"
COLON
UPPER "Int"
ARROW
UPPER "Duration"
NEWLINE
IDENT "minutes"
IDENT "n"
EQUAL
UPPER "Duration"
LPAREN
IDENT "n"
STAR
INT 60000
RPAREN
NEWLINE
EXPORT
NEWLINE
IDENT "hours"
COLON
UPPER "Int"
ARROW
UPPER "Duration"
NEWLINE
IDENT "hours"
IDENT "n"
EQUAL
UPPER "Duration"
LPAREN
IDENT "n"
STAR
INT 3600000
RPAREN
NEWLINE
EXPORT
NEWLINE
IDENT "days"
COLON
UPPER "Int"
ARROW
UPPER "Duration"
NEWLINE
IDENT "days"
IDENT "n"
EQUAL
UPPER "Duration"
LPAREN
IDENT "n"
STAR
INT 86400000
RPAREN
NEWLINE
EXPORT
NEWLINE
IDENT "toMillis"
COLON
UPPER "Duration"
ARROW
UPPER "Int"
NEWLINE
IDENT "toMillis"
LPAREN
UPPER "Duration"
IDENT "ms"
RPAREN
EQUAL
IDENT "ms"
NEWLINE
EXPORT
NEWLINE
IDENT "toSeconds"
COLON
UPPER "Duration"
ARROW
UPPER "Int"
NEWLINE
IDENT "toSeconds"
LPAREN
UPPER "Duration"
IDENT "ms"
RPAREN
EQUAL
IDENT "ms"
SLASH
INT 1000
NEWLINE
EXPORT
NEWLINE
IDENT "toMinutes"
COLON
UPPER "Duration"
ARROW
UPPER "Int"
NEWLINE
IDENT "toMinutes"
LPAREN
UPPER "Duration"
IDENT "ms"
RPAREN
EQUAL
IDENT "ms"
SLASH
INT 60000
NEWLINE
EXPORT
NEWLINE
IDENT "toHours"
COLON
UPPER "Duration"
ARROW
UPPER "Int"
NEWLINE
IDENT "toHours"
LPAREN
UPPER "Duration"
IDENT "ms"
RPAREN
EQUAL
IDENT "ms"
SLASH
INT 3600000
NEWLINE
EXPORT
NEWLINE
IDENT "toDays"
COLON
UPPER "Duration"
ARROW
UPPER "Int"
NEWLINE
IDENT "toDays"
LPAREN
UPPER "Duration"
IDENT "ms"
RPAREN
EQUAL
IDENT "ms"
SLASH
INT 86400000
NEWLINE
EXPORT
NEWLINE
IDENT "addDuration"
COLON
UPPER "Duration"
ARROW
UPPER "Duration"
ARROW
UPPER "Duration"
NEWLINE
IDENT "addDuration"
LPAREN
UPPER "Duration"
IDENT "a"
RPAREN
LPAREN
UPPER "Duration"
IDENT "b"
RPAREN
EQUAL
UPPER "Duration"
LPAREN
IDENT "a"
PLUS
IDENT "b"
RPAREN
NEWLINE
EXPORT
NEWLINE
IDENT "subDuration"
COLON
UPPER "Duration"
ARROW
UPPER "Duration"
ARROW
UPPER "Duration"
NEWLINE
IDENT "subDuration"
LPAREN
UPPER "Duration"
IDENT "a"
RPAREN
LPAREN
UPPER "Duration"
IDENT "b"
RPAREN
EQUAL
UPPER "Duration"
LPAREN
IDENT "a"
MINUS
IDENT "b"
RPAREN
NEWLINE
PUBLIC
EXPORT
DATA
UPPER "DateTime"
EQUAL
INDENT
PIPE
UPPER "DateTime"
LBRACE
IDENT "year"
COLON
UPPER "Int"
COMMA
IDENT "month"
COLON
UPPER "Int"
COMMA
IDENT "day"
COLON
UPPER "Int"
COMMA
IDENT "hour"
COLON
UPPER "Int"
COMMA
IDENT "minute"
COLON
UPPER "Int"
COMMA
IDENT "second"
COLON
UPPER "Int"
COMMA
RBRACE
NEWLINE
DEDENT
NEWLINE
DERIVING
LPAREN
UPPER "Eq"
COMMA
UPPER "Ord"
COMMA
UPPER "Debug"
RPAREN
NEWLINE
IDENT "daysFromCivil"
COLON
UPPER "Int"
ARROW
UPPER "Int"
ARROW
UPPER "Int"
ARROW
UPPER "Int"
NEWLINE
IDENT "daysFromCivil"
IDENT "y0"
IDENT "m"
IDENT "d"
EQUAL
INDENT
LET
IDENT "y"
EQUAL
IF
IDENT "m"
LEQ
INT 2
THEN
IDENT "y0"
MINUS
INT 1
ELSE
IDENT "y0"
NEWLINE
LET
IDENT "era"
EQUAL
LPAREN
IF
IDENT "y"
GEQ
INT 0
THEN
IDENT "y"
ELSE
IDENT "y"
MINUS
INT 399
RPAREN
SLASH
INT 400
NEWLINE
LET
IDENT "yoe"
EQUAL
IDENT "y"
MINUS
IDENT "era"
STAR
INT 400
NEWLINE
LET
IDENT "mp"
EQUAL
IF
IDENT "m"
GT
INT 2
THEN
IDENT "m"
MINUS
INT 3
ELSE
IDENT "m"
PLUS
INT 9
NEWLINE
LET
IDENT "doy"
EQUAL
LPAREN
INT 153
STAR
IDENT "mp"
PLUS
INT 2
RPAREN
SLASH
INT 5
PLUS
IDENT "d"
MINUS
INT 1
NEWLINE
LET
IDENT "doe"
EQUAL
IDENT "yoe"
STAR
INT 365
PLUS
IDENT "yoe"
SLASH
INT 4
MINUS
IDENT "yoe"
SLASH
INT 100
PLUS
IDENT "doy"
NEWLINE
IDENT "era"
STAR
INT 146097
PLUS
IDENT "doe"
MINUS
INT 719468
NEWLINE
DEDENT
NEWLINE
IDENT "civilFromDays"
COLON
UPPER "Int"
ARROW
LPAREN
UPPER "Int"
COMMA
UPPER "Int"
COMMA
UPPER "Int"
RPAREN
NEWLINE
IDENT "civilFromDays"
IDENT "z0"
EQUAL
INDENT
LET
IDENT "z"
EQUAL
IDENT "z0"
PLUS
INT 719468
NEWLINE
LET
IDENT "era"
EQUAL
LPAREN
IF
IDENT "z"
GEQ
INT 0
THEN
IDENT "z"
ELSE
IDENT "z"
MINUS
INT 146096
RPAREN
SLASH
INT 146097
NEWLINE
LET
IDENT "doe"
EQUAL
IDENT "z"
MINUS
IDENT "era"
STAR
INT 146097
NEWLINE
LET
IDENT "yoe"
EQUAL
LPAREN
IDENT "doe"
MINUS
IDENT "doe"
SLASH
INT 1460
PLUS
IDENT "doe"
SLASH
INT 36524
MINUS
IDENT "doe"
SLASH
INT 146096
RPAREN
SLASH
INT 365
NEWLINE
LET
IDENT "y"
EQUAL
IDENT "yoe"
PLUS
IDENT "era"
STAR
INT 400
NEWLINE
LET
IDENT "doy"
EQUAL
IDENT "doe"
MINUS
LPAREN
INT 365
STAR
IDENT "yoe"
PLUS
IDENT "yoe"
SLASH
INT 4
MINUS
IDENT "yoe"
SLASH
INT 100
RPAREN
NEWLINE
LET
IDENT "mp"
EQUAL
LPAREN
INT 5
STAR
IDENT "doy"
PLUS
INT 2
RPAREN
SLASH
INT 153
NEWLINE
LET
IDENT "d"
EQUAL
IDENT "doy"
MINUS
LPAREN
INT 153
STAR
IDENT "mp"
PLUS
INT 2
RPAREN
SLASH
INT 5
PLUS
INT 1
NEWLINE
LET
IDENT "m"
EQUAL
IF
IDENT "mp"
LT
INT 10
THEN
IDENT "mp"
PLUS
INT 3
ELSE
IDENT "mp"
MINUS
INT 9
NEWLINE
LPAREN
IF
IDENT "m"
LEQ
INT 2
THEN
IDENT "y"
PLUS
INT 1
ELSE
IDENT "y"
COMMA
IDENT "m"
COMMA
IDENT "d"
RPAREN
NEWLINE
DEDENT
NEWLINE
EXPORT
NEWLINE
IDENT "fromEpochSeconds"
COLON
UPPER "Int"
ARROW
UPPER "DateTime"
NEWLINE
IDENT "fromEpochSeconds"
IDENT "secs"
EQUAL
INDENT
LET
IDENT "ds"
EQUAL
IDENT "floorDiv"
IDENT "secs"
INT 86400
NEWLINE
LET
IDENT "sod"
EQUAL
IDENT "secs"
MINUS
IDENT "ds"
STAR
INT 86400
NEWLINE
MATCH
IDENT "civilFromDays"
IDENT "ds"
INDENT
LPAREN
IDENT "y"
COMMA
IDENT "m"
COMMA
IDENT "d"
RPAREN
FAT_ARROW
UPPER "DateTime"
LBRACE
IDENT "year"
EQUAL
IDENT "y"
COMMA
IDENT "month"
EQUAL
IDENT "m"
COMMA
IDENT "day"
EQUAL
IDENT "d"
COMMA
IDENT "hour"
EQUAL
IDENT "sod"
SLASH
INT 3600
COMMA
IDENT "minute"
EQUAL
LPAREN
IDENT "sod"
SLASH
INT 60
RPAREN
MOD
INT 60
COMMA
IDENT "second"
EQUAL
IDENT "sod"
MOD
INT 60
COMMA
RBRACE
NEWLINE
DEDENT
NEWLINE
DEDENT
NEWLINE
EXPORT
NEWLINE
IDENT "toEpochSeconds"
COLON
UPPER "DateTime"
ARROW
UPPER "Int"
NEWLINE
IDENT "toEpochSeconds"
IDENT "dt"
EQUAL
INDENT
IDENT "daysFromCivil"
IDENT "dt"
DOT
IDENT "year"
IDENT "dt"
DOT
IDENT "month"
IDENT "dt"
DOT
IDENT "day"
STAR
INT 86400
PLUS
IDENT "dt"
DOT
IDENT "hour"
STAR
INT 3600
PLUS
IDENT "dt"
DOT
IDENT "minute"
STAR
INT 60
PLUS
IDENT "dt"
DOT
IDENT "second"
NEWLINE
DEDENT
NEWLINE
IDENT "pad2"
COLON
UPPER "Int"
ARROW
UPPER "String"
NEWLINE
IDENT "pad2"
IDENT "n"
EQUAL
IF
IDENT "n"
LT
INT 10
THEN
STRING "0"
PLUSPLUS
IDENT "intToString"
IDENT "n"
ELSE
IDENT "intToString"
IDENT "n"
NEWLINE
IDENT "pad4"
COLON
UPPER "Int"
ARROW
UPPER "String"
NEWLINE
IDENT "pad4"
IDENT "n"
EQUAL
INDENT
IF
IDENT "n"
LT
INT 10
THEN
INDENT
STRING "000"
PLUSPLUS
IDENT "intToString"
IDENT "n"
NEWLINE
DEDENT
ELSE
IF
IDENT "n"
LT
INT 100
THEN
INDENT
STRING "00"
PLUSPLUS
IDENT "intToString"
IDENT "n"
NEWLINE
DEDENT
ELSE
IF
IDENT "n"
LT
INT 1000
THEN
INDENT
STRING "0"
PLUSPLUS
IDENT "intToString"
IDENT "n"
NEWLINE
DEDENT
ELSE
INDENT
IDENT "intToString"
IDENT "n"
NEWLINE
DEDENT
NEWLINE
DEDENT
NEWLINE
EXPORT
NEWLINE
IDENT "formatIso"
COLON
UPPER "DateTime"
ARROW
UPPER "String"
NEWLINE
IDENT "formatIso"
IDENT "dt"
EQUAL
INTERP_OPEN ""
IDENT "pad4"
IDENT "dt"
DOT
IDENT "year"
INTERP_MID "-"
IDENT "pad2"
IDENT "dt"
DOT
IDENT "month"
INTERP_MID "-"
IDENT "pad2"
IDENT "dt"
DOT
IDENT "day"
INTERP_MID "T"
IDENT "pad2"
IDENT "dt"
DOT
IDENT "hour"
INTERP_MID ":"
IDENT "pad2"
IDENT "dt"
DOT
IDENT "minute"
INTERP_MID ":"
IDENT "pad2"
IDENT "dt"
DOT
IDENT "second"
INTERP_END "Z"
NEWLINE
IDENT "isoFields"
COLON
UPPER "Option"
UPPER "Int"
ARROW
UPPER "Option"
UPPER "Int"
ARROW
UPPER "Option"
UPPER "Int"
ARROW
UPPER "Option"
UPPER "Int"
ARROW
UPPER "Option"
UPPER "Int"
ARROW
UPPER "Option"
UPPER "Int"
ARROW
UPPER "Option"
UPPER "DateTime"
NEWLINE
IDENT "isoFields"
LPAREN
UPPER "Some"
IDENT "y"
RPAREN
LPAREN
UPPER "Some"
IDENT "mo"
RPAREN
LPAREN
UPPER "Some"
IDENT "d"
RPAREN
LPAREN
UPPER "Some"
IDENT "h"
RPAREN
LPAREN
UPPER "Some"
IDENT "mi"
RPAREN
LPAREN
UPPER "Some"
IDENT "sec"
RPAREN
EQUAL
INDENT
IF
IDENT "y"
GEQ
INT 0
AND
IDENT "mo"
GEQ
INT 1
AND
IDENT "mo"
LEQ
INT 12
AND
IDENT "d"
GEQ
INT 1
AND
IDENT "d"
LEQ
INT 31
AND
IDENT "h"
LEQ
INT 23
AND
IDENT "mi"
LEQ
INT 59
AND
IDENT "sec"
LEQ
INT 59
THEN
INDENT
UPPER "Some"
UPPER "DateTime"
LBRACE
IDENT "year"
EQUAL
IDENT "y"
COMMA
IDENT "month"
EQUAL
IDENT "mo"
COMMA
IDENT "day"
EQUAL
IDENT "d"
COMMA
IDENT "hour"
EQUAL
IDENT "h"
COMMA
IDENT "minute"
EQUAL
IDENT "mi"
COMMA
IDENT "second"
EQUAL
IDENT "sec"
COMMA
RBRACE
NEWLINE
DEDENT
ELSE
INDENT
UPPER "None"
NEWLINE
DEDENT
NEWLINE
DEDENT
NEWLINE
IDENT "isoFields"
UNDERSCORE
UNDERSCORE
UNDERSCORE
UNDERSCORE
UNDERSCORE
UNDERSCORE
EQUAL
UPPER "None"
NEWLINE
EXPORT
NEWLINE
IDENT "parseIso"
COLON
UPPER "String"
ARROW
UPPER "Option"
UPPER "DateTime"
NEWLINE
IDENT "parseIso"
IDENT "s"
EQUAL
INDENT
IF
IDENT "stringLength"
IDENT "s"
EQ_EQ
INT 20
AND
IDENT "sliceClamped"
INT 4
INT 5
IDENT "s"
EQ_EQ
STRING "-"
AND
IDENT "sliceClamped"
INT 7
INT 8
IDENT "s"
EQ_EQ
STRING "-"
AND
IDENT "sliceClamped"
INT 10
INT 11
IDENT "s"
EQ_EQ
STRING "T"
AND
IDENT "sliceClamped"
INT 13
INT 14
IDENT "s"
EQ_EQ
STRING ":"
AND
IDENT "sliceClamped"
INT 16
INT 17
IDENT "s"
EQ_EQ
STRING ":"
AND
IDENT "sliceClamped"
INT 19
INT 20
IDENT "s"
EQ_EQ
STRING "Z"
THEN
MATCH
IDENT "isoFields"
LPAREN
IDENT "toInt"
LPAREN
IDENT "sliceClamped"
INT 0
INT 4
IDENT "s"
RPAREN
RPAREN
LPAREN
IDENT "toInt"
LPAREN
IDENT "sliceClamped"
INT 5
INT 7
IDENT "s"
RPAREN
RPAREN
LPAREN
IDENT "toInt"
LPAREN
IDENT "sliceClamped"
INT 8
INT 10
IDENT "s"
RPAREN
RPAREN
LPAREN
IDENT "toInt"
LPAREN
IDENT "sliceClamped"
INT 11
INT 13
IDENT "s"
RPAREN
RPAREN
LPAREN
IDENT "toInt"
LPAREN
IDENT "sliceClamped"
INT 14
INT 16
IDENT "s"
RPAREN
RPAREN
LPAREN
IDENT "toInt"
LPAREN
IDENT "sliceClamped"
INT 17
INT 19
IDENT "s"
RPAREN
RPAREN
INDENT
UPPER "Some"
IDENT "dt"
FAT_ARROW
IF
IDENT "formatIso"
IDENT "dt"
EQ_EQ
IDENT "s"
THEN
UPPER "Some"
IDENT "dt"
ELSE
UPPER "None"
NEWLINE
UPPER "None"
FAT_ARROW
UPPER "None"
NEWLINE
DEDENT
ELSE
UPPER "None"
NEWLINE
DEDENT
NEWLINE
EXPORT
IMPL
UPPER "Display"
UPPER "Duration"
WHERE
INDENT
IDENT "display"
LPAREN
UPPER "Duration"
IDENT "ms"
RPAREN
EQUAL
INTERP_OPEN ""
IDENT "intToString"
IDENT "ms"
INTERP_END "ms"
NEWLINE
DEDENT
NEWLINE
EXPORT
IMPL
UPPER "Display"
UPPER "DateTime"
WHERE
INDENT
IDENT "display"
IDENT "dt"
EQUAL
IDENT "formatIso"
IDENT "dt"
NEWLINE
DEDENT
NEWLINE
EXPORT
IMPL
UPPER "Semigroup"
UPPER "Duration"
WHERE
INDENT
IDENT "append"
IDENT "a"
IDENT "b"
EQUAL
IDENT "addDuration"
IDENT "a"
IDENT "b"
NEWLINE
DEDENT
NEWLINE
EXPORT
IMPL
UPPER "Monoid"
UPPER "Duration"
WHERE
INDENT
IDENT "empty"
EQUAL
UPPER "Duration"
INT 0
NEWLINE
DEDENT
NEWLINE
EXPORT
NEWLINE
IDENT "now"
COLON
UPPER "Unit"
ARROW
LT
UPPER "Clock"
GT
UPPER "Float"
NEWLINE
IDENT "now"
IDENT "u"
EQUAL
IDENT "wallTimeSec"
IDENT "u"
NEWLINE
EXPORT
NEWLINE
IDENT "nowDateTime"
COLON
UPPER "Unit"
ARROW
LT
UPPER "Clock"
GT
UPPER "DateTime"
NEWLINE
IDENT "nowDateTime"
IDENT "u"
EQUAL
IDENT "fromEpochSeconds"
LPAREN
IDENT "floatToInt"
LPAREN
IDENT "wallTimeSec"
IDENT "u"
RPAREN
RPAREN
NEWLINE
EXPORT
NEWLINE
IDENT "monotonic"
COLON
UPPER "Unit"
ARROW
LT
UPPER "Clock"
GT
UPPER "Float"
NEWLINE
IDENT "monotonic"
IDENT "u"
EQUAL
IDENT "monotonicSec"
IDENT "u"
NEWLINE
EXPORT
NEWLINE
IDENT "elapsedSince"
COLON
UPPER "Float"
ARROW
LT
UPPER "Clock"
GT
UPPER "Float"
NEWLINE
IDENT "elapsedSince"
IDENT "start"
EQUAL
IDENT "monotonicSec"
LPAREN
RPAREN
MINUS
IDENT "start"
NEWLINE
EXPORT
NEWLINE
IDENT "sleep"
COLON
UPPER "Duration"
ARROW
LT
UPPER "Clock"
GT
UPPER "Unit"
NEWLINE
IDENT "sleep"
IDENT "d"
EQUAL
IDENT "sleepMs"
LPAREN
IDENT "toMillis"
IDENT "d"
RPAREN
NEWLINE
PROP
STRING "epoch round-trips through the civil calendar"
LPAREN
IDENT "n"
COLON
UPPER "Int"
RPAREN
EQUAL
INDENT
LET
IDENT "s"
EQUAL
INT 1000000
PLUS
LPAREN
IF
IDENT "n"
LT
INT 0
THEN
INT 0
MINUS
IDENT "n"
ELSE
IDENT "n"
RPAREN
MOD
INT 3000000000
NEWLINE
IDENT "toEpochSeconds"
LPAREN
IDENT "fromEpochSeconds"
IDENT "s"
RPAREN
EQ_EQ
IDENT "s"
NEWLINE
DEDENT
NEWLINE
IDENT "sane"
COLON
UPPER "Int"
ARROW
UPPER "Int"
NEWLINE
IDENT "sane"
IDENT "n"
EQUAL
INT 1000000
PLUS
LPAREN
IF
IDENT "n"
LT
INT 0
THEN
INT 0
MINUS
IDENT "n"
ELSE
IDENT "n"
RPAREN
MOD
INT 3000000000
NEWLINE
PROP
STRING "parseIso inverts formatIso"
LPAREN
IDENT "n"
COLON
UPPER "Int"
RPAREN
EQUAL
INDENT
LET
IDENT "dt"
EQUAL
IDENT "fromEpochSeconds"
LPAREN
IDENT "sane"
IDENT "n"
RPAREN
NEWLINE
IDENT "parseIso"
LPAREN
IDENT "formatIso"
IDENT "dt"
RPAREN
EQ_EQ
UPPER "Some"
IDENT "dt"
NEWLINE
DEDENT
NEWLINE
PROP
STRING "parseIso rejects a corrupted separator"
LPAREN
IDENT "n"
COLON
UPPER "Int"
RPAREN
EQUAL
INDENT
LET
IDENT "iso"
EQUAL
IDENT "formatIso"
LPAREN
IDENT "fromEpochSeconds"
LPAREN
IDENT "sane"
IDENT "n"
RPAREN
RPAREN
NEWLINE
IDENT "parseIso"
LPAREN
IDENT "sliceClamped"
INT 0
INT 10
IDENT "iso"
PLUSPLUS
STRING " "
PLUSPLUS
IDENT "sliceClamped"
INT 11
INT 20
IDENT "iso"
RPAREN
EQ_EQ
UPPER "None"
NEWLINE
DEDENT
NEWLINE
PROP
STRING "Duration projections invert their constructors"
LPAREN
IDENT "n"
COLON
UPPER "Int"
RPAREN
EQUAL
INDENT
LET
IDENT "k"
EQUAL
LPAREN
IF
IDENT "n"
LT
INT 0
THEN
INT 0
MINUS
IDENT "n"
ELSE
IDENT "n"
RPAREN
MOD
INT 100000
NEWLINE
IDENT "toMillis"
LPAREN
IDENT "millis"
IDENT "k"
RPAREN
EQ_EQ
IDENT "k"
AND
IDENT "toSeconds"
LPAREN
IDENT "seconds"
IDENT "k"
RPAREN
EQ_EQ
IDENT "k"
AND
IDENT "toMinutes"
LPAREN
IDENT "minutes"
IDENT "k"
RPAREN
EQ_EQ
IDENT "k"
AND
IDENT "toHours"
LPAREN
IDENT "hours"
IDENT "k"
RPAREN
EQ_EQ
IDENT "k"
AND
IDENT "toDays"
LPAREN
IDENT "days"
IDENT "k"
RPAREN
EQ_EQ
IDENT "k"
NEWLINE
DEDENT
NEWLINE
PROP
STRING "Duration projections are the coarser unit's floor"
LPAREN
IDENT "n"
COLON
UPPER "Int"
RPAREN
EQUAL
INDENT
LET
IDENT "k"
EQUAL
LPAREN
IF
IDENT "n"
LT
INT 0
THEN
INT 0
MINUS
IDENT "n"
ELSE
IDENT "n"
RPAREN
MOD
INT 100000000
NEWLINE
LET
IDENT "d"
EQUAL
IDENT "millis"
IDENT "k"
NEWLINE
IDENT "toSeconds"
IDENT "d"
EQ_EQ
IDENT "toMillis"
IDENT "d"
SLASH
INT 1000
AND
IDENT "toMinutes"
IDENT "d"
EQ_EQ
IDENT "toSeconds"
IDENT "d"
SLASH
INT 60
AND
IDENT "toHours"
IDENT "d"
EQ_EQ
IDENT "toMinutes"
IDENT "d"
SLASH
INT 60
AND
IDENT "toDays"
IDENT "d"
EQ_EQ
IDENT "toHours"
IDENT "d"
SLASH
INT 24
NEWLINE
DEDENT
NEWLINE
PROP
STRING "Ord Duration agrees with toMillis"
LPAREN
IDENT "a"
COLON
UPPER "Int"
RPAREN
LPAREN
IDENT "b"
COLON
UPPER "Int"
RPAREN
EQUAL
IDENT "compare"
LPAREN
IDENT "millis"
IDENT "a"
RPAREN
LPAREN
IDENT "millis"
IDENT "b"
RPAREN
EQ_EQ
IDENT "compare"
IDENT "a"
IDENT "b"
AND
IDENT "millis"
IDENT "a"
EQ_EQ
IDENT "millis"
IDENT "b"
EQ_EQ
LPAREN
IDENT "a"
EQ_EQ
IDENT "b"
RPAREN
NEWLINE
PROP
STRING "Ord DateTime agrees with toEpochSeconds"
LPAREN
IDENT "a"
COLON
UPPER "Int"
RPAREN
LPAREN
IDENT "b"
COLON
UPPER "Int"
RPAREN
EQUAL
INDENT
LET
IDENT "x"
EQUAL
IDENT "fromEpochSeconds"
LPAREN
IDENT "sane"
IDENT "a"
RPAREN
NEWLINE
LET
IDENT "y"
EQUAL
IDENT "fromEpochSeconds"
LPAREN
IDENT "sane"
IDENT "b"
RPAREN
NEWLINE
IDENT "compare"
IDENT "x"
IDENT "y"
EQ_EQ
IDENT "compare"
LPAREN
IDENT "toEpochSeconds"
IDENT "x"
RPAREN
LPAREN
IDENT "toEpochSeconds"
IDENT "y"
RPAREN
AND
IDENT "x"
EQ_EQ
IDENT "y"
EQ_EQ
LPAREN
IDENT "toEpochSeconds"
IDENT "x"
EQ_EQ
IDENT "toEpochSeconds"
IDENT "y"
RPAREN
NEWLINE
DEDENT
NEWLINE
PROP
STRING "Display DateTime is formatIso"
LPAREN
IDENT "n"
COLON
UPPER "Int"
RPAREN
EQUAL
INDENT
LET
IDENT "dt"
EQUAL
IDENT "fromEpochSeconds"
LPAREN
IDENT "sane"
IDENT "n"
RPAREN
NEWLINE
IDENT "display"
IDENT "dt"
EQ_EQ
IDENT "formatIso"
IDENT "dt"
NEWLINE
DEDENT
NEWLINE
PROP
STRING "Display Duration renders the millisecond count"
LPAREN
IDENT "n"
COLON
UPPER "Int"
RPAREN
EQUAL
INDENT
IDENT "display"
LPAREN
IDENT "millis"
IDENT "n"
RPAREN
EQ_EQ
IDENT "intToString"
IDENT "n"
PLUSPLUS
STRING "ms"
NEWLINE
DEDENT
NEWLINE
PROP
STRING "Semigroup Duration is associative"
LPAREN
IDENT "a"
COLON
UPPER "Int"
RPAREN
LPAREN
IDENT "b"
COLON
UPPER "Int"
RPAREN
LPAREN
IDENT "c"
COLON
UPPER "Int"
RPAREN
EQUAL
INDENT
LET
IDENT "l"
EQUAL
IDENT "append"
LPAREN
IDENT "append"
LPAREN
IDENT "millis"
IDENT "a"
RPAREN
LPAREN
IDENT "millis"
IDENT "b"
RPAREN
RPAREN
LPAREN
IDENT "millis"
IDENT "c"
RPAREN
NEWLINE
LET
IDENT "r"
EQUAL
IDENT "append"
LPAREN
IDENT "millis"
IDENT "a"
RPAREN
LPAREN
IDENT "append"
LPAREN
IDENT "millis"
IDENT "b"
RPAREN
LPAREN
IDENT "millis"
IDENT "c"
RPAREN
RPAREN
NEWLINE
IDENT "l"
EQ_EQ
IDENT "r"
NEWLINE
DEDENT
NEWLINE
PROP
STRING "Monoid Duration: empty is a two-sided identity"
LPAREN
IDENT "n"
COLON
UPPER "Int"
RPAREN
EQUAL
INDENT
LET
IDENT "d"
EQUAL
IDENT "millis"
IDENT "n"
NEWLINE
IDENT "append"
IDENT "d"
IDENT "empty"
EQ_EQ
IDENT "d"
AND
IDENT "append"
IDENT "empty"
IDENT "d"
EQ_EQ
IDENT "d"
NEWLINE
DEDENT
NEWLINE
NEWLINE
EOF