NEWLINE
IMPORT
IDENT "core"
DOT_LBRACE
UPPER "Result"
COMMA
UPPER "Ok"
COMMA
UPPER "Err"
COMMA
UPPER "Mappable"
COMMA
UPPER "Applicative"
COMMA
UPPER "Semigroup"
COMMA
UPPER "Eq"
COMMA
UPPER "Debug"
COMMA
UPPER "Display"
COMMA
UPPER "Foldable"
COMMA
UPPER "Traversable"
COMMA
RBRACE
NEWLINE
PUBLIC
EXPORT
DATA
UPPER "Validation"
IDENT "e"
IDENT "a"
EQUAL
UPPER "Failure"
IDENT "e"
PIPE
UPPER "Success"
IDENT "a"
NEWLINE
EXPORT
IMPL
UPPER "Mappable"
LPAREN
UPPER "Validation"
IDENT "e"
RPAREN
WHERE
INDENT
IDENT "map"
IDENT "f"
LPAREN
UPPER "Success"
IDENT "a"
RPAREN
EQUAL
UPPER "Success"
LPAREN
IDENT "f"
IDENT "a"
RPAREN
NEWLINE
IDENT "map"
UNDERSCORE
LPAREN
UPPER "Failure"
IDENT "e"
RPAREN
EQUAL
UPPER "Failure"
IDENT "e"
NEWLINE
DEDENT
NEWLINE
EXPORT
IMPL
UPPER "Applicative"
LPAREN
UPPER "Validation"
IDENT "e"
RPAREN
REQUIRES
UPPER "Semigroup"
IDENT "e"
WHERE
INDENT
IDENT "pure"
IDENT "a"
EQUAL
UPPER "Success"
IDENT "a"
NEWLINE
IDENT "ap"
LPAREN
UPPER "Failure"
IDENT "e1"
RPAREN
LPAREN
UPPER "Failure"
IDENT "e2"
RPAREN
EQUAL
UPPER "Failure"
LPAREN
IDENT "e1"
PLUSPLUS
IDENT "e2"
RPAREN
NEWLINE
IDENT "ap"
LPAREN
UPPER "Failure"
IDENT "e"
RPAREN
UNDERSCORE
EQUAL
UPPER "Failure"
IDENT "e"
NEWLINE
IDENT "ap"
LPAREN
UPPER "Success"
IDENT "f"
RPAREN
IDENT "v"
EQUAL
IDENT "map"
IDENT "f"
IDENT "v"
NEWLINE
DEDENT
NEWLINE
EXPORT
IMPL
UPPER "Foldable"
LPAREN
UPPER "Validation"
IDENT "e"
RPAREN
WHERE
INDENT
IDENT "fold"
UNDERSCORE
IDENT "acc"
LPAREN
UPPER "Failure"
UNDERSCORE
RPAREN
EQUAL
IDENT "acc"
NEWLINE
IDENT "fold"
IDENT "f"
IDENT "acc"
LPAREN
UPPER "Success"
IDENT "x"
RPAREN
EQUAL
IDENT "f"
IDENT "acc"
IDENT "x"
NEWLINE
IDENT "foldRight"
UNDERSCORE
IDENT "acc"
LPAREN
UPPER "Failure"
UNDERSCORE
RPAREN
EQUAL
IDENT "acc"
NEWLINE
IDENT "foldRight"
IDENT "f"
IDENT "acc"
LPAREN
UPPER "Success"
IDENT "x"
RPAREN
EQUAL
IDENT "f"
IDENT "x"
IDENT "acc"
NEWLINE
IDENT "toList"
LPAREN
UPPER "Failure"
UNDERSCORE
RPAREN
EQUAL
LBRACKET
RBRACKET
NEWLINE
IDENT "toList"
LPAREN
UPPER "Success"
IDENT "x"
RPAREN
EQUAL
LBRACKET
IDENT "x"
RBRACKET
NEWLINE
DEDENT
NEWLINE
EXPORT
IMPL
UPPER "Traversable"
LPAREN
UPPER "Validation"
IDENT "e"
RPAREN
WHERE
INDENT
IDENT "traverse"
IDENT "f"
IDENT "v"
EQUAL
MATCH
IDENT "v"
INDENT
UPPER "Failure"
IDENT "e"
FAT_ARROW
IDENT "pure"
LPAREN
UPPER "Failure"
IDENT "e"
RPAREN
NEWLINE
UPPER "Success"
IDENT "x"
FAT_ARROW
IDENT "map"
UPPER "Success"
LPAREN
IDENT "f"
IDENT "x"
RPAREN
NEWLINE
DEDENT
NEWLINE
DEDENT
NEWLINE
EXPORT
IMPL
UPPER "Eq"
LPAREN
UPPER "Validation"
IDENT "e"
IDENT "a"
RPAREN
REQUIRES
UPPER "Eq"
IDENT "e"
COMMA
UPPER "Eq"
IDENT "a"
WHERE
INDENT
IDENT "eq"
LPAREN
UPPER "Failure"
IDENT "x"
RPAREN
LPAREN
UPPER "Failure"
IDENT "y"
RPAREN
EQUAL
IDENT "eq"
IDENT "x"
IDENT "y"
NEWLINE
IDENT "eq"
LPAREN
UPPER "Success"
IDENT "x"
RPAREN
LPAREN
UPPER "Success"
IDENT "y"
RPAREN
EQUAL
IDENT "eq"
IDENT "x"
IDENT "y"
NEWLINE
IDENT "eq"
UNDERSCORE
UNDERSCORE
EQUAL
UPPER "False"
NEWLINE
DEDENT
NEWLINE
EXPORT
IMPL
UPPER "Debug"
LPAREN
UPPER "Validation"
IDENT "e"
IDENT "a"
RPAREN
REQUIRES
UPPER "Debug"
IDENT "e"
COMMA
UPPER "Debug"
IDENT "a"
WHERE
INDENT
IDENT "debug"
LPAREN
UPPER "Failure"
IDENT "e"
RPAREN
EQUAL
STRING "Failure "
PLUSPLUS
IDENT "debug"
IDENT "e"
NEWLINE
IDENT "debug"
LPAREN
UPPER "Success"
IDENT "a"
RPAREN
EQUAL
STRING "Success "
PLUSPLUS
IDENT "debug"
IDENT "a"
NEWLINE
DEDENT
NEWLINE
EXPORT
IMPL
UPPER "Semigroup"
LPAREN
UPPER "Validation"
IDENT "e"
IDENT "a"
RPAREN
REQUIRES
UPPER "Semigroup"
IDENT "e"
COMMA
UPPER "Semigroup"
IDENT "a"
WHERE
INDENT
IDENT "append"
LPAREN
UPPER "Failure"
IDENT "x"
RPAREN
LPAREN
UPPER "Failure"
IDENT "y"
RPAREN
EQUAL
UPPER "Failure"
LPAREN
IDENT "append"
IDENT "x"
IDENT "y"
RPAREN
NEWLINE
IDENT "append"
LPAREN
UPPER "Failure"
IDENT "x"
RPAREN
LPAREN
UPPER "Success"
UNDERSCORE
RPAREN
EQUAL
UPPER "Failure"
IDENT "x"
NEWLINE
IDENT "append"
LPAREN
UPPER "Success"
UNDERSCORE
RPAREN
LPAREN
UPPER "Failure"
IDENT "y"
RPAREN
EQUAL
UPPER "Failure"
IDENT "y"
NEWLINE
IDENT "append"
LPAREN
UPPER "Success"
IDENT "x"
RPAREN
LPAREN
UPPER "Success"
IDENT "y"
RPAREN
EQUAL
UPPER "Success"
LPAREN
IDENT "append"
IDENT "x"
IDENT "y"
RPAREN
NEWLINE
DEDENT
NEWLINE
EXPORT
IMPL
UPPER "Display"
LPAREN
UPPER "Validation"
IDENT "e"
IDENT "a"
RPAREN
REQUIRES
UPPER "Display"
IDENT "e"
COMMA
UPPER "Display"
IDENT "a"
WHERE
INDENT
IDENT "display"
LPAREN
UPPER "Failure"
IDENT "e"
RPAREN
EQUAL
STRING "Failure "
PLUSPLUS
IDENT "display"
IDENT "e"
NEWLINE
IDENT "display"
LPAREN
UPPER "Success"
IDENT "a"
RPAREN
EQUAL
STRING "Success "
PLUSPLUS
IDENT "display"
IDENT "a"
NEWLINE
DEDENT
NEWLINE
EXPORT
NEWLINE
IDENT "toResult"
COLON
UPPER "Validation"
IDENT "e"
IDENT "a"
ARROW
UPPER "Result"
IDENT "e"
IDENT "a"
NEWLINE
IDENT "toResult"
LPAREN
UPPER "Success"
IDENT "a"
RPAREN
EQUAL
UPPER "Ok"
IDENT "a"
NEWLINE
IDENT "toResult"
LPAREN
UPPER "Failure"
IDENT "e"
RPAREN
EQUAL
UPPER "Err"
IDENT "e"
NEWLINE
EXPORT
NEWLINE
IDENT "fromResult"
COLON
UPPER "Result"
IDENT "e"
IDENT "a"
ARROW
UPPER "Validation"
IDENT "e"
IDENT "a"
NEWLINE
IDENT "fromResult"
LPAREN
UPPER "Ok"
IDENT "a"
RPAREN
EQUAL
UPPER "Success"
IDENT "a"
NEWLINE
IDENT "fromResult"
LPAREN
UPPER "Err"
IDENT "e"
RPAREN
EQUAL
UPPER "Failure"
IDENT "e"
NEWLINE
PROP
STRING "toResult/fromResult round-trip on Success"
LPAREN
IDENT "n"
COLON
UPPER "Int"
RPAREN
EQUAL
INDENT
IDENT "toResult"
LPAREN
IDENT "fromResult"
LPAREN
UPPER "Ok"
IDENT "n"
COLON
UPPER "Result"
UPPER "Int"
UPPER "Int"
RPAREN
RPAREN
EQ_EQ
LPAREN
UPPER "Ok"
IDENT "n"
COLON
UPPER "Result"
UPPER "Int"
UPPER "Int"
RPAREN
NEWLINE
DEDENT
NEWLINE
PROP
STRING "toResult/fromResult round-trip on Failure"
LPAREN
IDENT "n"
COLON
UPPER "Int"
RPAREN
EQUAL
INDENT
IDENT "toResult"
LPAREN
IDENT "fromResult"
LPAREN
UPPER "Err"
IDENT "n"
COLON
UPPER "Result"
UPPER "Int"
UPPER "Int"
RPAREN
RPAREN
EQ_EQ
LPAREN
UPPER "Err"
IDENT "n"
COLON
UPPER "Result"
UPPER "Int"
UPPER "Int"
RPAREN
NEWLINE
DEDENT
NEWLINE
PROP
STRING "map identity is identity on Success"
LPAREN
IDENT "n"
COLON
UPPER "Int"
RPAREN
EQUAL
INDENT
IDENT "map"
IDENT "identity"
LPAREN
UPPER "Success"
IDENT "n"
COLON
UPPER "Validation"
UPPER "Int"
UPPER "Int"
RPAREN
EQ_EQ
UPPER "Success"
IDENT "n"
NEWLINE
DEDENT
NEWLINE
PROP
STRING "map identity is identity on Failure"
LPAREN
IDENT "n"
COLON
UPPER "Int"
RPAREN
EQUAL
INDENT
IDENT "map"
IDENT "identity"
LPAREN
UPPER "Failure"
IDENT "n"
COLON
UPPER "Validation"
UPPER "Int"
UPPER "Int"
RPAREN
EQ_EQ
UPPER "Failure"
IDENT "n"
NEWLINE
DEDENT
NEWLINE
IDENT "vOf"
COLON
UPPER "Bool"
ARROW
UPPER "Int"
ARROW
UPPER "Validation"
LPAREN
UPPER "List"
UPPER "Int"
RPAREN
LPAREN
UPPER "List"
UPPER "Int"
RPAREN
NEWLINE
IDENT "vOf"
UPPER "True"
IDENT "n"
EQUAL
UPPER "Success"
LBRACKET
IDENT "n"
RBRACKET
NEWLINE
IDENT "vOf"
UPPER "False"
IDENT "n"
EQUAL
UPPER "Failure"
LBRACKET
IDENT "n"
RBRACKET
NEWLINE
PROP
STRING "Semigroup Validation is associative"
LPAREN
IDENT "p"
COLON
UPPER "Bool"
RPAREN
LPAREN
IDENT "q"
COLON
UPPER "Bool"
RPAREN
LPAREN
IDENT "r"
COLON
UPPER "Bool"
RPAREN
LPAREN
IDENT "n"
COLON
UPPER "Int"
RPAREN
EQUAL
INDENT
LET
IDENT "a"
EQUAL
IDENT "vOf"
IDENT "p"
IDENT "n"
NEWLINE
LET
IDENT "b"
EQUAL
IDENT "vOf"
IDENT "q"
LPAREN
IDENT "n"
PLUS
INT 1
RPAREN
NEWLINE
LET
IDENT "c"
EQUAL
IDENT "vOf"
IDENT "r"
LPAREN
IDENT "n"
PLUS
INT 2
RPAREN
NEWLINE
IDENT "append"
LPAREN
IDENT "append"
IDENT "a"
IDENT "b"
RPAREN
IDENT "c"
EQ_EQ
IDENT "append"
IDENT "a"
LPAREN
IDENT "append"
IDENT "b"
IDENT "c"
RPAREN
NEWLINE
DEDENT
NEWLINE
PROP
STRING "Semigroup Validation accumulates both failures"
LPAREN
IDENT "x"
COLON
UPPER "Int"
RPAREN
LPAREN
IDENT "y"
COLON
UPPER "Int"
RPAREN
EQUAL
INDENT
LET
IDENT "got"
EQUAL
IDENT "append"
LPAREN
UPPER "Failure"
LBRACKET
IDENT "x"
RBRACKET
COLON
UPPER "Validation"
LPAREN
UPPER "List"
UPPER "Int"
RPAREN
LPAREN
UPPER "List"
UPPER "Int"
RPAREN
RPAREN
LPAREN
UPPER "Failure"
LBRACKET
IDENT "y"
RBRACKET
RPAREN
NEWLINE
IDENT "got"
EQ_EQ
UPPER "Failure"
LBRACKET
IDENT "x"
COMMA
IDENT "y"
RBRACKET
NEWLINE
DEDENT
NEWLINE
PROP
STRING "Semigroup Validation never discards a failure"
LPAREN
IDENT "n"
COLON
UPPER "Int"
RPAREN
LPAREN
IDENT "p"
COLON
UPPER "Bool"
RPAREN
EQUAL
INDENT
LET
IDENT "ok"
EQUAL
UPPER "Success"
LBRACKET
IDENT "n"
RBRACKET
COLON
UPPER "Validation"
LPAREN
UPPER "List"
UPPER "Int"
RPAREN
LPAREN
UPPER "List"
UPPER "Int"
RPAREN
NEWLINE
IDENT "append"
LPAREN
UPPER "Failure"
LBRACKET
IDENT "n"
RBRACKET
RPAREN
IDENT "ok"
EQ_EQ
UPPER "Failure"
LBRACKET
IDENT "n"
RBRACKET
AND
IDENT "append"
IDENT "ok"
LPAREN
UPPER "Failure"
LBRACKET
IDENT "n"
RBRACKET
RPAREN
EQ_EQ
UPPER "Failure"
LBRACKET
IDENT "n"
RBRACKET
NEWLINE
DEDENT
NEWLINE
NEWLINE
EOF