NEWLINE
IMPORT
IDENT "core"
DOT_LBRACE
UPPER "Eq"
COMMA
UPPER "Ord"
COMMA
UPPER "Ordering"
COMMA
UPPER "Debug"
COMMA
UPPER "Display"
COMMA
UPPER "Foldable"
COMMA
UPPER "Option"
COMMA
UPPER "Index"
COMMA
UPPER "IndexMut"
COMMA
RBRACE
NEWLINE
IMPORT
IDENT "list"
AS
UPPER "L"
NEWLINE
PUBLIC
EXPORT
DATA
UPPER "Vector"
IDENT "a"
EQUAL
UPPER "Vector"
LPAREN
UPPER "Ref"
LPAREN
UPPER "Array"
IDENT "a"
RPAREN
RPAREN
LPAREN
UPPER "Ref"
UPPER "Int"
RPAREN
NEWLINE
IDENT "count"
COLON
UPPER "Vector"
IDENT "a"
ARROW
UPPER "Int"
NEWLINE
IDENT "count"
LPAREN
UPPER "Vector"
UNDERSCORE
IDENT "len"
RPAREN
EQUAL
BANG
IDENT "len"
NEWLINE
EXPORT
NEWLINE
IDENT "new"
COLON
UPPER "Unit"
ARROW
UPPER "Vector"
IDENT "a"
NEWLINE
IDENT "new"
UNDERSCORE
EQUAL
UPPER "Vector"
LPAREN
UPPER "Ref"
LARRAY
RARRAY
RPAREN
LPAREN
UPPER "Ref"
INT 0
RPAREN
NEWLINE
EXPORT
NEWLINE
IDENT "fromList"
COLON
UPPER "List"
IDENT "a"
ARROW
UPPER "Vector"
IDENT "a"
NEWLINE
IDENT "fromList"
IDENT "xs"
EQUAL
INDENT
LET
IDENT "arr"
EQUAL
IDENT "arrayFromList"
IDENT "xs"
NEWLINE
UPPER "Vector"
LPAREN
UPPER "Ref"
IDENT "arr"
RPAREN
LPAREN
UPPER "Ref"
LPAREN
IDENT "arrayLength"
IDENT "arr"
RPAREN
RPAREN
NEWLINE
DEDENT
NEWLINE
EXPORT
NEWLINE
IDENT "fromArray"
COLON
UPPER "Array"
IDENT "a"
ARROW
UPPER "Vector"
IDENT "a"
NEWLINE
IDENT "fromArray"
IDENT "arr"
EQUAL
INDENT
LET
IDENT "c"
EQUAL
IDENT "arrayCopy"
IDENT "arr"
NEWLINE
UPPER "Vector"
LPAREN
UPPER "Ref"
IDENT "c"
RPAREN
LPAREN
UPPER "Ref"
LPAREN
IDENT "arrayLength"
IDENT "c"
RPAREN
RPAREN
NEWLINE
DEDENT
NEWLINE
EXPORT
NEWLINE
IDENT "capacity"
COLON
UPPER "Vector"
IDENT "a"
ARROW
UPPER "Int"
NEWLINE
IDENT "capacity"
LPAREN
UPPER "Vector"
IDENT "backing"
UNDERSCORE
RPAREN
EQUAL
IDENT "arrayLength"
BANG
IDENT "backing"
NEWLINE
EXPORT
NEWLINE
IDENT "get"
COLON
UPPER "Int"
ARROW
UPPER "Vector"
IDENT "a"
ARROW
UPPER "Option"
IDENT "a"
NEWLINE
IDENT "get"
IDENT "i"
LPAREN
UPPER "Vector"
IDENT "backing"
IDENT "len"
RPAREN
INDENT
PIPE
IDENT "i"
GEQ
INT 0
AND
IDENT "i"
LT
BANG
IDENT "len"
EQUAL
UPPER "Some"
LPAREN
IDENT "arrayGetUnsafe"
IDENT "i"
BANG
IDENT "backing"
RPAREN
NEWLINE
PIPE
IDENT "otherwise"
EQUAL
UPPER "None"
NEWLINE
DEDENT
NEWLINE
EXPORT
IMPL
UPPER "Index"
LPAREN
UPPER "Vector"
IDENT "a"
RPAREN
UPPER "Int"
IDENT "a"
WHERE
INDENT
IDENT "index"
LPAREN
UPPER "Vector"
IDENT "backing"
IDENT "len"
RPAREN
IDENT "i"
EQUAL
INDENT
IF
IDENT "i"
GEQ
INT 0
AND
IDENT "i"
LT
BANG
IDENT "len"
THEN
INDENT
IDENT "arrayGetUnsafe"
IDENT "i"
BANG
IDENT "backing"
NEWLINE
DEDENT
ELSE
INDENT
IDENT "indexErrorAt"
IDENT "i"
NEWLINE
DEDENT
NEWLINE
DEDENT
NEWLINE
DEDENT
NEWLINE
EXPORT
NEWLINE
IDENT "first"
COLON
UPPER "Vector"
IDENT "a"
ARROW
UPPER "Option"
IDENT "a"
NEWLINE
IDENT "first"
IDENT "ma"
EQUAL
IDENT "get"
INT 0
IDENT "ma"
NEWLINE
EXPORT
NEWLINE
IDENT "last"
COLON
UPPER "Vector"
IDENT "a"
ARROW
UPPER "Option"
IDENT "a"
NEWLINE
IDENT "last"
IDENT "ma"
EQUAL
IDENT "get"
LPAREN
IDENT "count"
IDENT "ma"
MINUS
INT 1
RPAREN
IDENT "ma"
NEWLINE
IDENT "elemsGo"
COLON
UPPER "Array"
IDENT "a"
ARROW
UPPER "Int"
ARROW
UPPER "List"
IDENT "a"
ARROW
UPPER "List"
IDENT "a"
NEWLINE
IDENT "elemsGo"
IDENT "arr"
IDENT "i"
IDENT "acc"
INDENT
PIPE
IDENT "i"
LT
INT 0
EQUAL
IDENT "acc"
NEWLINE
PIPE
IDENT "otherwise"
EQUAL
IDENT "elemsGo"
IDENT "arr"
LPAREN
IDENT "i"
MINUS
INT 1
RPAREN
LPAREN
IDENT "arrayGetUnsafe"
IDENT "i"
IDENT "arr"
CONS
IDENT "acc"
RPAREN
NEWLINE
DEDENT
NEWLINE
IDENT "elems"
COLON
UPPER "Vector"
IDENT "a"
ARROW
UPPER "List"
IDENT "a"
NEWLINE
IDENT "elems"
LPAREN
UPPER "Vector"
IDENT "backing"
IDENT "len"
RPAREN
EQUAL
IDENT "elemsGo"
BANG
IDENT "backing"
LPAREN
BANG
IDENT "len"
MINUS
INT 1
RPAREN
LBRACKET
RBRACKET
NEWLINE
EXPORT
NEWLINE
IDENT "toArray"
COLON
UPPER "Vector"
IDENT "a"
ARROW
UPPER "Array"
IDENT "a"
NEWLINE
IDENT "toArray"
LPAREN
UPPER "Vector"
IDENT "backing"
IDENT "len"
RPAREN
EQUAL
INDENT
LET
IDENT "arr"
EQUAL
BANG
IDENT "backing"
NEWLINE
IDENT "arrayMakeWith"
BANG
IDENT "len"
LPAREN
IDENT "i"
FAT_ARROW
IDENT "arrayGetUnsafe"
IDENT "i"
IDENT "arr"
RPAREN
NEWLINE
DEDENT
NEWLINE
EXPORT
NEWLINE
IDENT "push"
COLON
IDENT "a"
ARROW
UPPER "Vector"
IDENT "a"
ARROW
UPPER "Unit"
NEWLINE
IDENT "push"
IDENT "x"
LPAREN
UPPER "Vector"
IDENT "backing"
IDENT "len"
RPAREN
INDENT
PIPE
BANG
IDENT "len"
LT
IDENT "arrayLength"
BANG
IDENT "backing"
EQUAL
INDENT
IDENT "arraySetUnsafe"
BANG
IDENT "len"
IDENT "x"
BANG
IDENT "backing"
NEWLINE
IDENT "len"
COLONEQ
BANG
IDENT "len"
PLUS
INT 1
NEWLINE
DEDENT
NEWLINE
PIPE
IDENT "otherwise"
EQUAL
INDENT
LET
IDENT "oldArr"
EQUAL
BANG
IDENT "backing"
NEWLINE
LET
IDENT "oldLen"
EQUAL
BANG
IDENT "len"
NEWLINE
LET
IDENT "newCap"
EQUAL
IF
IDENT "oldLen"
EQ_EQ
INT 0
THEN
INT 1
ELSE
IDENT "oldLen"
STAR
INT 2
NEWLINE
LET
IDENT "newArr"
EQUAL
IDENT "arrayMake"
IDENT "newCap"
IDENT "x"
NEWLINE
IDENT "arrayBlit"
IDENT "oldArr"
INT 0
IDENT "newArr"
INT 0
IDENT "oldLen"
NEWLINE
IDENT "backing"
COLONEQ
IDENT "newArr"
NEWLINE
IDENT "len"
COLONEQ
IDENT "oldLen"
PLUS
INT 1
NEWLINE
DEDENT
NEWLINE
DEDENT
NEWLINE
EXPORT
NEWLINE
IDENT "pop"
COLON
UPPER "Vector"
IDENT "a"
ARROW
UPPER "Option"
IDENT "a"
NEWLINE
IDENT "pop"
LPAREN
UPPER "Vector"
IDENT "backing"
IDENT "len"
RPAREN
INDENT
PIPE
BANG
IDENT "len"
EQ_EQ
INT 0
EQUAL
UPPER "None"
NEWLINE
PIPE
IDENT "otherwise"
EQUAL
INDENT
LET
IDENT "i"
EQUAL
BANG
IDENT "len"
MINUS
INT 1
NEWLINE
LET
IDENT "x"
EQUAL
IDENT "arrayGetUnsafe"
IDENT "i"
BANG
IDENT "backing"
NEWLINE
IDENT "len"
COLONEQ
IDENT "i"
NEWLINE
UPPER "Some"
IDENT "x"
NEWLINE
DEDENT
NEWLINE
DEDENT
NEWLINE
EXPORT
NEWLINE
IDENT "setInPlace"
COLON
UPPER "Int"
ARROW
IDENT "a"
ARROW
UPPER "Vector"
IDENT "a"
ARROW
UPPER "Unit"
NEWLINE
IDENT "setInPlace"
IDENT "i"
IDENT "x"
LPAREN
UPPER "Vector"
IDENT "backing"
IDENT "len"
RPAREN
INDENT
PIPE
IDENT "i"
GEQ
INT 0
AND
IDENT "i"
LT
BANG
IDENT "len"
EQUAL
IDENT "arraySetUnsafe"
IDENT "i"
IDENT "x"
BANG
IDENT "backing"
NEWLINE
PIPE
IDENT "otherwise"
EQUAL
IDENT "panic"
STRING "Vector.setInPlace: index out of bounds"
NEWLINE
DEDENT
NEWLINE
EXPORT
IMPL
UPPER "IndexMut"
LPAREN
UPPER "Vector"
IDENT "a"
RPAREN
UPPER "Int"
IDENT "a"
WHERE
INDENT
IDENT "setIndex"
LPAREN
UPPER "Vector"
IDENT "backing"
IDENT "len"
RPAREN
IDENT "i"
IDENT "v"
EQUAL
INDENT
IF
IDENT "i"
GEQ
INT 0
AND
IDENT "i"
LT
BANG
IDENT "len"
THEN
INDENT
LET
UNDERSCORE
EQUAL
IDENT "arraySetUnsafe"
IDENT "i"
IDENT "v"
BANG
IDENT "backing"
NEWLINE
UPPER "Vector"
IDENT "backing"
IDENT "len"
NEWLINE
DEDENT
ELSE
IDENT "indexErrorAt"
IDENT "i"
NEWLINE
DEDENT
NEWLINE
DEDENT
NEWLINE
EXPORT
NEWLINE
IDENT "swap"
COLON
UPPER "Int"
ARROW
UPPER "Int"
ARROW
UPPER "Vector"
IDENT "a"
ARROW
UPPER "Unit"
NEWLINE
IDENT "swap"
IDENT "i"
IDENT "j"
LPAREN
UPPER "Vector"
IDENT "backing"
UNDERSCORE
RPAREN
EQUAL
INDENT
LET
IDENT "arr"
EQUAL
BANG
IDENT "backing"
NEWLINE
LET
IDENT "xi"
EQUAL
IDENT "arrayGetUnsafe"
IDENT "i"
IDENT "arr"
NEWLINE
LET
IDENT "xj"
EQUAL
IDENT "arrayGetUnsafe"
IDENT "j"
IDENT "arr"
NEWLINE
IDENT "arraySetUnsafe"
IDENT "i"
IDENT "xj"
IDENT "arr"
NEWLINE
IDENT "arraySetUnsafe"
IDENT "j"
IDENT "xi"
IDENT "arr"
NEWLINE
DEDENT
NEWLINE
EXPORT
NEWLINE
IDENT "clear"
COLON
UPPER "Vector"
IDENT "a"
ARROW
UPPER "Unit"
NEWLINE
IDENT "clear"
LPAREN
UPPER "Vector"
UNDERSCORE
IDENT "len"
RPAREN
EQUAL
IDENT "len"
COLONEQ
INT 0
NEWLINE
IDENT "mapInPlaceGo"
COLON
LPAREN
IDENT "a"
ARROW
IDENT "a"
RPAREN
ARROW
UPPER "Array"
IDENT "a"
ARROW
UPPER "Int"
ARROW
UPPER "Int"
ARROW
UPPER "Unit"
NEWLINE
IDENT "mapInPlaceGo"
IDENT "f"
IDENT "arr"
IDENT "i"
IDENT "n"
INDENT
PIPE
IDENT "i"
GEQ
IDENT "n"
EQUAL
LPAREN
RPAREN
NEWLINE
PIPE
IDENT "otherwise"
EQUAL
INDENT
IDENT "arraySetUnsafe"
IDENT "i"
LPAREN
IDENT "f"
LPAREN
IDENT "arrayGetUnsafe"
IDENT "i"
IDENT "arr"
RPAREN
RPAREN
IDENT "arr"
NEWLINE
IDENT "mapInPlaceGo"
IDENT "f"
IDENT "arr"
LPAREN
IDENT "i"
PLUS
INT 1
RPAREN
IDENT "n"
NEWLINE
DEDENT
NEWLINE
DEDENT
NEWLINE
EXPORT
NEWLINE
IDENT "mapInPlace"
COLON
LPAREN
IDENT "a"
ARROW
IDENT "a"
RPAREN
ARROW
UPPER "Vector"
IDENT "a"
ARROW
UPPER "Unit"
NEWLINE
IDENT "mapInPlace"
IDENT "f"
LPAREN
UPPER "Vector"
IDENT "backing"
IDENT "len"
RPAREN
EQUAL
IDENT "mapInPlaceGo"
IDENT "f"
BANG
IDENT "backing"
INT 0
BANG
IDENT "len"
NEWLINE
IDENT "pushAll"
COLON
UPPER "List"
IDENT "a"
ARROW
UPPER "Vector"
IDENT "a"
ARROW
UPPER "Unit"
NEWLINE
IDENT "pushAll"
LBRACKET
RBRACKET
UNDERSCORE
EQUAL
LPAREN
RPAREN
NEWLINE
IDENT "pushAll"
LPAREN
IDENT "x"
CONS
IDENT "xs"
RPAREN
IDENT "ma"
EQUAL
INDENT
IDENT "push"
IDENT "x"
IDENT "ma"
NEWLINE
IDENT "pushAll"
IDENT "xs"
IDENT "ma"
NEWLINE
DEDENT
NEWLINE
IDENT "refill"
COLON
UPPER "Vector"
IDENT "a"
ARROW
UPPER "List"
IDENT "a"
ARROW
UPPER "Unit"
NEWLINE
IDENT "refill"
IDENT "ma"
IDENT "xs"
EQUAL
INDENT
IDENT "clear"
IDENT "ma"
NEWLINE
IDENT "pushAll"
IDENT "xs"
IDENT "ma"
NEWLINE
DEDENT
NEWLINE
EXPORT
NEWLINE
IDENT "insertAt"
COLON
UPPER "Int"
ARROW
IDENT "a"
ARROW
UPPER "Vector"
IDENT "a"
ARROW
UPPER "Unit"
NEWLINE
IDENT "insertAt"
IDENT "i"
IDENT "x"
IDENT "ma"
EQUAL
IDENT "refill"
IDENT "ma"
LPAREN
UPPER "L"
DOT
IDENT "insertAt"
IDENT "i"
IDENT "x"
LPAREN
IDENT "elems"
IDENT "ma"
RPAREN
RPAREN
NEWLINE
EXPORT
NEWLINE
IDENT "removeAt"
COLON
UPPER "Int"
ARROW
UPPER "Vector"
IDENT "a"
ARROW
UPPER "Unit"
NEWLINE
IDENT "removeAt"
IDENT "i"
IDENT "ma"
EQUAL
IDENT "refill"
IDENT "ma"
LPAREN
UPPER "L"
DOT
IDENT "removeAt"
IDENT "i"
LPAREN
IDENT "elems"
IDENT "ma"
RPAREN
RPAREN
NEWLINE
EXPORT
NEWLINE
IDENT "sortBy"
COLON
LPAREN
IDENT "a"
ARROW
IDENT "a"
ARROW
LT
IDENT "e"
GT
UPPER "Ordering"
RPAREN
ARROW
UPPER "Vector"
IDENT "a"
ARROW
LT
IDENT "e"
GT
UPPER "Unit"
NEWLINE
IDENT "sortBy"
IDENT "cmp"
IDENT "ma"
EQUAL
IDENT "refill"
IDENT "ma"
LPAREN
UPPER "L"
DOT
IDENT "sortBy"
IDENT "cmp"
LPAREN
IDENT "elems"
IDENT "ma"
RPAREN
RPAREN
NEWLINE
EXPORT
NEWLINE
IDENT "sort"
COLON
UPPER "Ord"
IDENT "a"
FAT_ARROW
UPPER "Vector"
IDENT "a"
ARROW
UPPER "Unit"
NEWLINE
IDENT "sort"
IDENT "ma"
EQUAL
IDENT "sortBy"
IDENT "compare"
IDENT "ma"
NEWLINE
IDENT "foldGo"
COLON
LPAREN
IDENT "b"
ARROW
IDENT "a"
ARROW
LT
IDENT "e"
GT
IDENT "b"
RPAREN
ARROW
IDENT "b"
ARROW
UPPER "Array"
IDENT "a"
ARROW
UPPER "Int"
ARROW
UPPER "Int"
ARROW
LT
IDENT "e"
GT
IDENT "b"
NEWLINE
IDENT "foldGo"
IDENT "f"
IDENT "z"
IDENT "arr"
IDENT "i"
IDENT "n"
INDENT
PIPE
IDENT "i"
GEQ
IDENT "n"
EQUAL
IDENT "z"
NEWLINE
PIPE
IDENT "otherwise"
EQUAL
IDENT "foldGo"
IDENT "f"
LPAREN
IDENT "f"
IDENT "z"
LPAREN
IDENT "arrayGetUnsafe"
IDENT "i"
IDENT "arr"
RPAREN
RPAREN
IDENT "arr"
LPAREN
IDENT "i"
PLUS
INT 1
RPAREN
IDENT "n"
NEWLINE
DEDENT
NEWLINE
IDENT "foldRightGo"
COLON
LPAREN
IDENT "a"
ARROW
IDENT "b"
ARROW
LT
IDENT "e"
GT
IDENT "b"
RPAREN
ARROW
IDENT "b"
ARROW
UPPER "Array"
IDENT "a"
ARROW
UPPER "Int"
ARROW
LT
IDENT "e"
GT
IDENT "b"
NEWLINE
IDENT "foldRightGo"
IDENT "f"
IDENT "z"
IDENT "arr"
IDENT "i"
INDENT
PIPE
IDENT "i"
LT
INT 0
EQUAL
IDENT "z"
NEWLINE
PIPE
IDENT "otherwise"
EQUAL
IDENT "foldRightGo"
IDENT "f"
LPAREN
IDENT "f"
LPAREN
IDENT "arrayGetUnsafe"
IDENT "i"
IDENT "arr"
RPAREN
IDENT "z"
RPAREN
IDENT "arr"
LPAREN
IDENT "i"
MINUS
INT 1
RPAREN
NEWLINE
DEDENT
NEWLINE
EXPORT
IMPL
UPPER "Foldable"
UPPER "Vector"
WHERE
INDENT
IDENT "fold"
IDENT "f"
IDENT "z"
LPAREN
UPPER "Vector"
IDENT "backing"
IDENT "len"
RPAREN
EQUAL
IDENT "foldGo"
IDENT "f"
IDENT "z"
BANG
IDENT "backing"
INT 0
BANG
IDENT "len"
NEWLINE
IDENT "foldRight"
IDENT "f"
IDENT "z"
LPAREN
UPPER "Vector"
IDENT "backing"
IDENT "len"
RPAREN
EQUAL
IDENT "foldRightGo"
IDENT "f"
IDENT "z"
BANG
IDENT "backing"
LPAREN
BANG
IDENT "len"
MINUS
INT 1
RPAREN
NEWLINE
IDENT "toList"
IDENT "ma"
EQUAL
IDENT "elems"
IDENT "ma"
NEWLINE
IDENT "isEmpty"
LPAREN
UPPER "Vector"
UNDERSCORE
IDENT "len"
RPAREN
EQUAL
BANG
IDENT "len"
EQ_EQ
INT 0
NEWLINE
IDENT "length"
LPAREN
UPPER "Vector"
UNDERSCORE
IDENT "len"
RPAREN
EQUAL
BANG
IDENT "len"
NEWLINE
DEDENT
NEWLINE
EXPORT
IMPL
UPPER "Eq"
LPAREN
UPPER "Vector"
IDENT "a"
RPAREN
REQUIRES
UPPER "Eq"
IDENT "a"
WHERE
INDENT
IDENT "eq"
IDENT "a"
IDENT "b"
EQUAL
IF
IDENT "count"
IDENT "a"
NEQ
IDENT "count"
IDENT "b"
THEN
UPPER "False"
ELSE
IDENT "eq"
LPAREN
IDENT "elems"
IDENT "a"
RPAREN
LPAREN
IDENT "elems"
IDENT "b"
RPAREN
NEWLINE
DEDENT
NEWLINE
EXPORT
IMPL
UPPER "Debug"
LPAREN
UPPER "Vector"
IDENT "a"
RPAREN
REQUIRES
UPPER "Debug"
IDENT "a"
WHERE
INDENT
IDENT "debug"
IDENT "ma"
EQUAL
INTERP_OPEN "fromList "
IDENT "debug"
LPAREN
IDENT "elems"
IDENT "ma"
RPAREN
INTERP_END ""
NEWLINE
DEDENT
NEWLINE
EXPORT
IMPL
UPPER "Display"
LPAREN
UPPER "Vector"
IDENT "a"
RPAREN
REQUIRES
UPPER "Display"
IDENT "a"
WHERE
INDENT
IDENT "display"
IDENT "ma"
EQUAL
INTERP_OPEN "fromList "
IDENT "display"
LPAREN
IDENT "elems"
IDENT "ma"
RPAREN
INTERP_END ""
NEWLINE
DEDENT
NEWLINE
IDENT "naiveInsert"
COLON
UPPER "Ord"
IDENT "a"
FAT_ARROW
IDENT "a"
ARROW
UPPER "List"
IDENT "a"
ARROW
UPPER "List"
IDENT "a"
NEWLINE
IDENT "naiveInsert"
IDENT "x"
LBRACKET
RBRACKET
EQUAL
LBRACKET
IDENT "x"
RBRACKET
NEWLINE
IDENT "naiveInsert"
IDENT "x"
LPAREN
IDENT "y"
CONS
IDENT "ys"
RPAREN
EQUAL
IF
IDENT "lte"
IDENT "x"
IDENT "y"
THEN
IDENT "x"
CONS
IDENT "y"
CONS
IDENT "ys"
ELSE
IDENT "y"
CONS
IDENT "naiveInsert"
IDENT "x"
IDENT "ys"
NEWLINE
IDENT "naiveSort"
COLON
UPPER "Ord"
IDENT "a"
FAT_ARROW
UPPER "List"
IDENT "a"
ARROW
UPPER "List"
IDENT "a"
NEWLINE
IDENT "naiveSort"
LBRACKET
RBRACKET
EQUAL
LBRACKET
RBRACKET
NEWLINE
IDENT "naiveSort"
LPAREN
IDENT "x"
CONS
IDENT "xs"
RPAREN
EQUAL
IDENT "naiveInsert"
IDENT "x"
LPAREN
IDENT "naiveSort"
IDENT "xs"
RPAREN
NEWLINE
IDENT "clampIdx"
COLON
UPPER "Int"
ARROW
UPPER "Int"
ARROW
UPPER "Int"
NEWLINE
IDENT "clampIdx"
IDENT "i"
IDENT "n"
INDENT
PIPE
IDENT "i"
LT
INT 0
EQUAL
INT 0
NEWLINE
PIPE
IDENT "i"
GT
IDENT "n"
EQUAL
IDENT "n"
NEWLINE
PIPE
IDENT "otherwise"
EQUAL
IDENT "i"
NEWLINE
DEDENT
NEWLINE
IDENT "tagFrom"
COLON
UPPER "Int"
ARROW
UPPER "List"
IDENT "a"
ARROW
UPPER "List"
LPAREN
UPPER "Int"
COMMA
IDENT "a"
RPAREN
NEWLINE
IDENT "tagFrom"
UNDERSCORE
LBRACKET
RBRACKET
EQUAL
LBRACKET
RBRACKET
NEWLINE
IDENT "tagFrom"
IDENT "i"
LPAREN
IDENT "x"
CONS
IDENT "xs"
RPAREN
EQUAL
LPAREN
IDENT "i"
COMMA
IDENT "x"
RPAREN
CONS
IDENT "tagFrom"
LPAREN
IDENT "i"
PLUS
INT 1
RPAREN
IDENT "xs"
NEWLINE
IDENT "coarseKey"
COLON
LPAREN
UPPER "Int"
COMMA
UPPER "Int"
RPAREN
ARROW
UPPER "Int"
NEWLINE
IDENT "coarseKey"
LPAREN
UNDERSCORE
COMMA
IDENT "x"
RPAREN
EQUAL
IF
IDENT "x"
LT
INT 0
THEN
LPAREN
INT 0
MINUS
IDENT "x"
RPAREN
MOD
INT 3
ELSE
IDENT "x"
MOD
INT 3
NEWLINE
IDENT "posOf"
COLON
LPAREN
UPPER "Int"
COMMA
UPPER "Int"
RPAREN
ARROW
UPPER "Int"
NEWLINE
IDENT "posOf"
LPAREN
IDENT "i"
COMMA
UNDERSCORE
RPAREN
EQUAL
IDENT "i"
NEWLINE
IDENT "sortedAndStable"
COLON
UPPER "List"
LPAREN
UPPER "Int"
COMMA
UPPER "Int"
RPAREN
ARROW
UPPER "Bool"
NEWLINE
IDENT "sortedAndStable"
LBRACKET
RBRACKET
EQUAL
UPPER "True"
NEWLINE
IDENT "sortedAndStable"
LPAREN
UNDERSCORE
CONS
LBRACKET
RBRACKET
RPAREN
EQUAL
UPPER "True"
NEWLINE
IDENT "sortedAndStable"
LPAREN
IDENT "a"
CONS
IDENT "b"
CONS
IDENT "rest"
RPAREN
EQUAL
IDENT "coarseKey"
IDENT "a"
LEQ
IDENT "coarseKey"
IDENT "b"
AND
LPAREN
IDENT "coarseKey"
IDENT "a"
LT
IDENT "coarseKey"
IDENT "b"
OR
IDENT "posOf"
IDENT "a"
LT
IDENT "posOf"
IDENT "b"
RPAREN
AND
IDENT "sortedAndStable"
LPAREN
IDENT "b"
CONS
IDENT "rest"
RPAREN
NEWLINE
PROP
STRING "sort agrees with an independent insertion sort"
LPAREN
IDENT "xs"
COLON
UPPER "List"
UPPER "Int"
RPAREN
EQUAL
INDENT
LET
IDENT "ma"
EQUAL
IDENT "fromList"
IDENT "xs"
NEWLINE
IDENT "sort"
IDENT "ma"
NEWLINE
IDENT "eq"
LPAREN
IDENT "toList"
IDENT "ma"
RPAREN
LPAREN
IDENT "naiveSort"
IDENT "xs"
RPAREN
NEWLINE
DEDENT
NEWLINE
PROP
STRING "sort is idempotent"
LPAREN
IDENT "xs"
COLON
UPPER "List"
UPPER "Int"
RPAREN
EQUAL
INDENT
LET
IDENT "ma"
EQUAL
IDENT "fromList"
IDENT "xs"
NEWLINE
IDENT "sort"
IDENT "ma"
NEWLINE
LET
IDENT "once"
EQUAL
IDENT "toList"
IDENT "ma"
NEWLINE
IDENT "sort"
IDENT "ma"
NEWLINE
IDENT "eq"
LPAREN
IDENT "toList"
IDENT "ma"
RPAREN
IDENT "once"
NEWLINE
DEDENT
NEWLINE
PROP
STRING "sortBy is stable on ties"
LPAREN
IDENT "xs"
COLON
UPPER "List"
UPPER "Int"
RPAREN
EQUAL
INDENT
LET
IDENT "ma"
EQUAL
IDENT "fromList"
LPAREN
IDENT "tagFrom"
INT 0
IDENT "xs"
RPAREN
NEWLINE
IDENT "sortBy"
LPAREN
IDENT "a"
IDENT "b"
FAT_ARROW
IDENT "compare"
LPAREN
IDENT "coarseKey"
IDENT "a"
RPAREN
LPAREN
IDENT "coarseKey"
IDENT "b"
RPAREN
RPAREN
IDENT "ma"
NEWLINE
IDENT "sortedAndStable"
LPAREN
IDENT "toList"
IDENT "ma"
RPAREN
AND
IDENT "length"
IDENT "ma"
EQ_EQ
IDENT "length"
LPAREN
IDENT "fromList"
IDENT "xs"
RPAREN
NEWLINE
DEDENT
NEWLINE
PROP
STRING "insertAt lands at the clamped index and removeAt undoes it"
LPAREN
IDENT "xs"
COLON
UPPER "List"
UPPER "Int"
RPAREN
LPAREN
IDENT "n"
COLON
UPPER "Int"
RPAREN
LPAREN
IDENT "x"
COLON
UPPER "Int"
RPAREN
EQUAL
INDENT
LET
IDENT "ma"
EQUAL
IDENT "fromList"
IDENT "xs"
NEWLINE
LET
IDENT "i"
EQUAL
IDENT "clampIdx"
IDENT "n"
LPAREN
IDENT "length"
IDENT "ma"
RPAREN
NEWLINE
IDENT "insertAt"
IDENT "n"
IDENT "x"
IDENT "ma"
NEWLINE
LET
IDENT "grew"
EQUAL
IDENT "length"
IDENT "ma"
EQ_EQ
IDENT "length"
LPAREN
IDENT "fromList"
IDENT "xs"
RPAREN
PLUS
INT 1
NEWLINE
LET
IDENT "landed"
EQUAL
IDENT "eq"
LPAREN
IDENT "get"
IDENT "i"
IDENT "ma"
RPAREN
LPAREN
UPPER "Some"
IDENT "x"
RPAREN
NEWLINE
IDENT "removeAt"
IDENT "i"
IDENT "ma"
NEWLINE
IDENT "grew"
AND
IDENT "landed"
AND
IDENT "eq"
LPAREN
IDENT "toList"
IDENT "ma"
RPAREN
IDENT "xs"
NEWLINE
DEDENT
NEWLINE
PROP
STRING "removeAt out of range is a no-op"
LPAREN
IDENT "xs"
COLON
UPPER "List"
UPPER "Int"
RPAREN
EQUAL
INDENT
LET
IDENT "ma"
EQUAL
IDENT "fromList"
IDENT "xs"
NEWLINE
IDENT "removeAt"
LPAREN
IDENT "length"
IDENT "ma"
RPAREN
IDENT "ma"
NEWLINE
IDENT "removeAt"
LPAREN
INT 0
MINUS
INT 1
RPAREN
IDENT "ma"
NEWLINE
IDENT "eq"
LPAREN
IDENT "toList"
IDENT "ma"
RPAREN
IDENT "xs"
NEWLINE
DEDENT
NEWLINE
PROP
STRING "Display Vector shows only the live range and agrees with Eq"
LPAREN
IDENT "xs"
COLON
UPPER "List"
UPPER "Int"
RPAREN
LPAREN
IDENT "y"
COLON
UPPER "Int"
RPAREN
EQUAL
INDENT
LET
IDENT "a"
EQUAL
IDENT "fromList"
IDENT "xs"
NEWLINE
LET
IDENT "b"
EQUAL
IDENT "fromList"
IDENT "xs"
NEWLINE
IDENT "push"
IDENT "y"
IDENT "b"
NEWLINE
LET
IDENT "differs"
EQUAL
IDENT "not"
LPAREN
IDENT "eq"
LPAREN
IDENT "display"
IDENT "a"
RPAREN
LPAREN
IDENT "display"
IDENT "b"
RPAREN
RPAREN
NEWLINE
LET
UNDERSCORE
EQUAL
IDENT "pop"
IDENT "b"
NEWLINE
IDENT "differs"
AND
IDENT "eq"
LPAREN
IDENT "display"
IDENT "a"
RPAREN
LPAREN
IDENT "display"
IDENT "b"
RPAREN
AND
IDENT "eq"
LPAREN
IDENT "display"
IDENT "a"
RPAREN
INTERP_OPEN "fromList "
IDENT "display"
IDENT "xs"
INTERP_END ""
NEWLINE
DEDENT
NEWLINE
NEWLINE
EOF