{"files":[{"file":"<fixture>","diagnostics":[{"code":"R-CANNOT-DERIVE","kind":"resolve","message":"cannot derive 'Bogus' for 'Widget'; supported: Eq, Ord, Debug, Display, Generic, Hashable","range":{"end":{"character":40,"line":4},"start":{"character":35,"line":4}},"severity":1,"source":"medaka"},{"code":"R-UNBOUND","kind":"resolve","message":"Unbound variable: unknownName","range":{"end":{"character":26,"line":6},"start":{"character":15,"line":6}},"severity":1,"source":"medaka"}]}]}
