{"files":[{"file":"<fixture>","diagnostics":[{"code":"T-NO-IMPL","help":"add `deriving Display` to `Point` or write `impl Display Point`","kind":"type","message":"no impl of Display for Point; add `deriving Display` to `Point` or write `impl Display Point`","range":{"end":{"character":29,"line":2},"start":{"character":7,"line":2}},"severity":1,"source":"medaka"}]}]}
