{"files":[{"file":"<fixture>","diagnostics":[{"code":"P-PARSE","kind":"parse","message":"`bench` has been removed — no runner ever consumed a `bench` declaration. Benchmark with `test/bench.sh`","range":{"end":{"character":1,"line":3},"start":{"character":0,"line":3}},"severity":1,"source":"medaka"}]}]}
