{"files":[{"file":"<fixture>","diagnostics":[{"code":"T-MISSING-CONSTRAINT","kind":"type","message":"the body of `crossHelper` requires `Ix a d`, which its signature does not declare; add `Ix a d =>`","range":{"end":{"character":28,"line":15},"start":{"character":27,"line":15}},"severity":1,"source":"medaka"}]}]}
