{"files":[{"file":"<fixture>","diagnostics":[{"code":"P-DO-ENDS-IN-BINDING","help":"end the block with the expression whose value it should have, such as `pure x`","kind":"parse","message":"a `do` block must end in an expression, not a binding; add the expression whose value the block should have","range":{"end":{"character":3,"line":10},"start":{"character":2,"line":10}},"severity":1,"source":"medaka"}]}]}
