{"files":[{"file":"<fixture>","diagnostics":[{"code":"W-NONEXHAUSTIVE-CLAUSES","kind":"warning","message":"non-exhaustive clauses of 'onlyNil'. Missing case: '_ :: _'; add a '_ :: _' clause, or a '_' catch-all clause.","range":{"end":{"character":14,"line":22},"start":{"character":13,"line":22}},"severity":2,"source":"medaka"},{"code":"W-NONEXHAUSTIVE-CLAUSES","kind":"warning","message":"non-exhaustive clauses of 'textOnly'. Missing case: 'Nil'; add a 'Nil' clause, or a '_' catch-all clause.","range":{"end":{"character":21,"line":25},"start":{"character":20,"line":25}},"severity":2,"source":"medaka"}]}]}
