{"files":[{"file":"<fixture>","diagnostics":[{"code":"W-NONEXHAUSTIVE-CLAUSES","kind":"warning","message":"non-exhaustive clauses of `partialP`: missing `None`; add a `None` clause","range":{"end":{"character":21,"line":18},"start":{"character":20,"line":18}},"severity":2,"source":"medaka"},{"code":"W-NONEXHAUSTIVE-CLAUSES","kind":"warning","message":"non-exhaustive clauses of `partialM`: missing `Nada`; add a `Nada` clause","range":{"end":{"character":21,"line":21},"start":{"character":20,"line":21}},"severity":2,"source":"medaka"}]}]}
