{"files":[{"file":"<fixture>","diagnostics":[{"code":"P-PARSE","kind":"parse","message":"field assignment `a.b.c = e` has been removed; build an updated record instead, `{ a | b = { a.b | c = e } }`","range":{"end":{"character":3,"line":7},"start":{"character":2,"line":7}},"severity":1,"source":"medaka"}]}]}
