{"files":[{"file":"<fixture>","diagnostics":[{"code":"P-GUARD-BAR-IN-MATCH","fix":{"range":{"end":{"character":10,"line":1},"start":{"character":9,"line":1}},"replacement":"if"},"help":"replace `|` with `if`","kind":"parse","message":"a match-arm guard uses `if`, not `|`; write `pat if cond => body`","range":{"end":{"character":10,"line":1},"start":{"character":9,"line":1}},"severity":1,"source":"medaka"}]}]}
