{"files":[{"file":"<fixture>","diagnostics":[{"code":"P-WHERE-BODY-SAME-LINE","help":"`where` opens a block only when it ends the line; move the member to the next line","kind":"parse","message":"a `where` block must start on the next line; move this member onto its own line, indented below the `interface` header","range":{"end":{"character":23,"line":0},"start":{"character":22,"line":0}},"severity":1,"source":"medaka"}]}]}
