{"files":[{"file":"<fixture>","diagnostics":[{"code":"P-MISSING-WHERE","help":"end the header with `where`; without it the next line is read as another type argument","kind":"parse","message":"missing `where` on this `impl` header; end the header with `where` and indent the methods below it","range":{"end":{"character":1,"line":5},"start":{"character":0,"line":5}},"severity":1,"source":"medaka"}]}]}
