{"files":[{"file":"<fixture>","diagnostics":[{"code":"P-WHERE-BODY-SAME-LINE","help":"`where` opens a block only when it is the LAST token on its line (docs/spec/LAYOUT-SEMANTICS.md §7.1); anything written after it on the same line is not in the block","kind":"parse","message":"a `where` block must start on the next line — move this impl method onto its own line, indented below the `impl` header (`where` heralds a block only when it ends a line)","range":{"end":{"character":20,"line":5},"start":{"character":19,"line":5}},"severity":1,"source":"medaka"}]}]}
