{"files":[{"file":"<fixture>","diagnostics":[{"code":"P-PARSE","kind":"parse","message":"unexpected `->`. A line can't start with `->` — it's not a supported continuation at any indentation; put `->` at the end of the previous line instead (e.g. `f : Int ->` then an indented `Int`)","range":{"end":{"character":3,"line":1},"start":{"character":2,"line":1}},"severity":1,"source":"medaka"}]}]}
