{"files":[{"file":"<fixture>","diagnostics":[{"code":"W-MAIN-SHAPE","kind":"warning","message":"'main' must be a value, not a function. Write 'main = …', not 'main () = …' or 'main x = …': a program starts by evaluating 'main', and nothing ever calls it","range":{"end":{"character":17,"line":7},"start":{"character":10,"line":7}},"severity":2,"source":"medaka"}]}]}
