{"files":[{"file":"<fixture>","diagnostics":[{"code":"L-MALFORMED-FLOAT","fix":{"range":{"end":{"character":17,"line":0},"start":{"character":15,"line":0}},"replacement":"0.5"},"help":"a float literal needs a digit on both sides of the decimal point","kind":"lex","message":"malformed float literal `.5`: a digit must precede the decimal point; write `0.5`","range":{"end":{"character":16,"line":0},"start":{"character":15,"line":0}},"severity":1,"source":"medaka"}]}]}
