{"files":[{"file":"<fixture>","diagnostics":[{"code":"P-PARSE","kind":"parse","message":"a `match` scrutinee cannot continue onto further indented lines — the first deeper line after `match` opens the arms block. Wrap the whole scrutinee in parentheses, or bind it with `let` first","range":{"end":{"character":9,"line":6},"start":{"character":8,"line":6}},"severity":1,"source":"medaka"}]}]}
