{"files":[{"file":"<fixture>","diagnostics":[{"code":"P-PARSE","kind":"parse","message":"a `match` scrutinee cannot continue onto an indented line; the first indented line after `match` opens the arms, so wrap the scrutinee in parentheses","range":{"end":{"character":9,"line":6},"start":{"character":8,"line":6}},"severity":1,"source":"medaka"}]}]}
