{"files":[{"file":"<fixture>","diagnostics":[{"code":"P-PARSE","kind":"parse","message":"a `match` scrutinee cannot continue onto an indented line; the first indented line after `match` opens the arms, so wrap the scrutinee in parentheses","range":{"end":{"character":7,"line":5},"start":{"character":6,"line":5}},"severity":1,"source":"medaka"}]}]}
