{"files":[{"file":"<fixture>","diagnostics":[{"code":"T-NO-IMPL","help":"add `deriving Debug` to `Shape` or write `impl Debug Shape`","kind":"type","message":"no impl of Debug for Shape; add `deriving Debug` to `Shape` or write `impl Debug Shape`","range":{"end":{"character":21,"line":6},"start":{"character":16,"line":6}},"severity":1,"source":"medaka"}]}]}
