{"files":[{"file":"<fixture>","diagnostics":[{"code":"T-AMBIGUOUS-INSTANCE","kind":"type","message":"ambiguous instance for `Index`: the goal `Index (List Int) Int Int` matches `impl Index (List a) Int a` and `impl Index (List Int) k Int`, and neither is more specific than the other; make them disjoint, or annotate this expression with a type only one of them matches","range":{"end":{"character":21,"line":4},"start":{"character":16,"line":4}},"severity":1,"source":"medaka"}]}]}
