{"files":[{"file":"<fixture>","diagnostics":[{"code":"T-AMBIGUOUS-INSTANCE","kind":"type","message":"Ambiguous instance for `Index`. The goal `Index (List Int) Int Int` matches `impl Index (List a) Int a` and `impl Index (List Int) k Int`, and neither is more specific than the other. Overlapping impls are allowed only when one of them is more specific than every other match — make them disjoint, or add an impl more specific than all of them. If one of these is a prelude or imported impl you cannot edit, annotate this expression to a type only one of them matches","range":{"end":{"character":21,"line":4},"start":{"character":16,"line":4}},"severity":1,"source":"medaka"}]}]}
