{"files":[{"file":"<fixture>","diagnostics":[{"code":"R-ORPHAN-SIGNATURE","fix":{"range":{"end":{"character":5,"line":3},"start":{"character":0,"line":3}},"replacement":"totl"},"help":"did you mean `totl`?","kind":"resolve","message":"type signature for `total` has no binding in this module; did you mean `totl`?","range":{"end":{"character":5,"line":3},"start":{"character":0,"line":3}},"severity":1,"source":"medaka"}]}]}
