{"files":[{"file":"<fixture>","diagnostics":[{"code":"R-ORPHAN-SIGNATURE","kind":"resolve","message":"Type signature for 'half' has no binding in this module. Define 'half' below its signature, or remove the signature","range":{"end":{"character":11,"line":3},"start":{"character":7,"line":3}},"severity":1,"source":"medaka"}]}]}
