{"files":[{"file":"stdlib/list.mdk","diagnostics":[]},{"file":"stdlib/string.mdk","diagnostics":[]},{"file":"test/check_json_fixtures/resolve_ambiguous_occurrence_alias_fix.mdk","diagnostics":[{"code":"R-AMBIGUOUS-OCCURRENCE","kind":"resolve","message":"ambiguous occurrence: `startsWith` is exported by both `list` and `string`; import it from one of them under an alias with `import <mod>.{startsWith as <alias>}`","range":{"end":{"character":26,"line":3},"start":{"character":16,"line":3}},"severity":1,"source":"medaka"}]}]}
