{"files":[{"file":"stdlib/list.mdk","diagnostics":[]},{"file":"stdlib/map.mdk","diagnostics":[]},{"file":"test/check_json_fixtures/resolve_import_typo_group.mdk","diagnostics":[{"code":"R-PRIVATE-NAME","fix":{"range":{"end":{"character":22,"line":0},"start":{"character":17,"line":0}},"replacement":"delete"},"help":"did you mean `delete`?","kind":"resolve","message":"module `map` has no export `delet`; did you mean `delete`?","range":{"end":{"character":22,"line":0},"start":{"character":17,"line":0}},"severity":1,"source":"medaka"}]}]}
