{"files":[{"file":"<fixture>","diagnostics":[{"code":"R-DUPLICATE-DEF","kind":"resolve","message":"`Display` is a prelude interface, and a program's interface cannot share its name; rename the interface","range":{"end":{"character":17,"line":0},"start":{"character":10,"line":0}},"severity":1,"source":"medaka"}]}]}
