{"files":[{"file":"<fixture>","diagnostics":[{"code":"R-DUPLICATE-DEF","kind":"resolve","message":"'Display' is an interface of the prelude: a program's own interface cannot share a prelude interface's name (a type may; an interface does not shadow the prelude's). Rename the interface","range":{"end":{"character":17,"line":0},"start":{"character":10,"line":0}},"severity":1,"source":"medaka"}]}]}
