{"files":[{"file":"stdlib/list.mdk","diagnostics":[]},{"file":"stdlib/map.mdk","diagnostics":[]},{"file":"test/check_json_fixtures/resolve_import_typo_dotted.mdk","diagnostics":[{"code":"R-PRIVATE-NAME","help":"did you mean 'delete'?","kind":"resolve","message":"Module 'map' has no exported name 'delet'. Did you mean 'delete'","range":{"end":{"character":16,"line":0},"start":{"character":0,"line":0}},"severity":1,"source":"medaka"}]}]}
