{"files":[{"file":"<fixture>","diagnostics":[{"code":"T-NO-IMPL","help":"write an 'impl Num Box'.","kind":"type","message":"No impl of Num for Box; write an 'impl Num Box'.","range":{"end":{"character":20,"line":26},"start":{"character":16,"line":26}},"severity":1,"source":"medaka"},{"code":"T-NO-IMPL","help":"add 'deriving Display' to the 'Box' type, or write an 'impl Display Box'.","kind":"type","message":"No impl of Display for Box; add 'deriving Display' to the 'Box' type, or write an 'impl Display Box'.","range":{"end":{"character":14,"line":26},"start":{"character":7,"line":26}},"severity":1,"source":"medaka"}]}]}
