{"files":[{"file":"<fixture>","diagnostics":[{"code":"R-DUPLICATE-SIGNATURE","kind":"resolve","message":"'greet' is already defined at line 12. A name may have only one type signature — rename or remove this duplicate definition, or merge the clauses into a single multi-clause function if that was the intent","range":{"end":{"character":5,"line":14},"start":{"character":0,"line":14}},"severity":1,"source":"medaka"}]}]}
