{"files":[{"file":"<fixture>","diagnostics":[{"code":"W-NONEXHAUSTIVE","help":"add a 'Blue => …' arm, or a '_' wildcard arm to catch the rest.","kind":"warning","message":"non-exhaustive match of 'Color'. Missing case: 'Blue'; add a 'Blue => …' arm, or a '_' wildcard arm to catch the rest.","range":{"end":{"character":12,"line":35},"start":{"character":11,"line":35}},"severity":2,"source":"medaka"},{"code":"W-UNREACHABLE-ARM","kind":"warning","message":"unreachable match arm. This pattern is already covered by an earlier arm","range":{"end":{"character":13,"line":41},"start":{"character":11,"line":41}},"severity":2,"source":"medaka"}]}]}
