{"files":[{"file":"<proj>/z.mdk","diagnostics":[]},{"file":"<proj>/p.mdk","diagnostics":[]},{"file":"<proj>/mid.mdk","diagnostics":[]},{"file":"<proj>/mid2.mdk","diagnostics":[]},{"file":"<proj>/main.mdk","diagnostics":[{"code":"W-NONEXHAUSTIVE-CLAUSES","kind":"warning","message":"non-exhaustive clauses of `fq`: missing `Y`; add a `Y` clause","range":{"end":{"character":8,"line":22},"start":{"character":7,"line":22}},"severity":2,"source":"medaka"},{"code":"W-NONEXHAUSTIVE","help":"add a `Some Y => ...` arm or a `_` wildcard","kind":"warning","message":"non-exhaustive match on `Option`: missing `Some Y`; add a `Some Y => ...` arm or a `_` wildcard","range":{"end":{"character":13,"line":27},"start":{"character":12,"line":27}},"severity":2,"source":"medaka"}]}]}
