{"files":[{"file":"<proj>/b.mdk","diagnostics":[]},{"file":"<proj>/one.mdk","diagnostics":[]},{"file":"<proj>/a.mdk","diagnostics":[]},{"file":"<proj>/main.mdk","diagnostics":[{"code":"W-NONEXHAUSTIVE-CLAUSES","kind":"warning","message":"non-exhaustive clauses of 'fq'. Missing case: 'Leaf'; add a 'Leaf' clause, or a '_' catch-all clause.","range":{"end":{"character":16,"line":18},"start":{"character":15,"line":18}},"severity":2,"source":"medaka"},{"code":"W-NONEXHAUSTIVE","help":"add a 'Some Leaf => …' arm, or a '_' wildcard arm to catch the rest.","kind":"warning","message":"non-exhaustive match of 'Option'. Missing case: 'Some Leaf'; add a 'Some Leaf => …' arm, or a '_' wildcard arm to catch the rest.","range":{"end":{"character":21,"line":23},"start":{"character":20,"line":23}},"severity":2,"source":"medaka"}]}]}
