TYPE ERROR: named argument `n` has type `Int`, but an effect atom names it as an authority, and only a `String` argument can be one; give `n` the type `String` or write the label bare
TYPE ERROR: authority `p` is used at labels from different domains, and one authority has one domain; name a second binder for the other label
