TYPE ERROR: An impl head abstracts over an `Authority` index: `impl I (Handle p)` covers every index, since an instance is chosen by the type's head and the index is erased. Write a name in the slot instead of `"config/*"`
TYPE ERROR: Authority index mismatch: "config/*" vs "config/app.toml". An authority written as a type argument is invariant, so the two indices must be EQUAL, not merely one within the other: a `Handle "cfg/app"` is not a `Handle "cfg/*"`. Write the same index on both sides, or name the index (`Handle p`) where any authority is meant
TYPE ERROR: Authority index mismatch: "config/*" vs the whole domain. An authority written as a type argument is invariant, so the two indices must be EQUAL, not merely one within the other: a `Handle "cfg/app"` is not a `Handle "cfg/*"`. Write the same index on both sides, or name the index (`Handle p`) where any authority is meant
TYPE ERROR: Binding 'cfg' reaches "/etc/passwd" where its declared bound admits only "config/*". Stay within the declared bound, or widen it to cover what the body reaches
TYPE ERROR: Binding 'dyn' reaches the whole domain where its declared bound admits only "config/*". Stay within the declared bound, or widen it to cover what the body reaches
TYPE ERROR: Binding 'mkCfgBad' reaches "/etc/passwd" where its declared bound admits only "config/*". Stay within the declared bound, or widen it to cover what the body reaches
TYPE ERROR: Binding 'overwrite' reaches "/etc/passwd" where only path is admitted: path is an authority the caller chooses, so a body may forward the named argument or narrow it, never reach a value it does not derive from. Perform the operation on the named argument, or widen the declared row to the label bare
TYPE ERROR: Binding 'readIt' reaches "/etc/passwd" where only p is admitted: p is an authority the caller chooses, so a body may forward the named argument or narrow it, never reach a value it does not derive from. Perform the operation on the named argument, or widen the declared row to the label bare
TYPE ERROR: Binding 'repoint' reaches "/etc/passwd" where only p is admitted: p is an authority the caller chooses, so a body may forward the named argument or narrow it, never reach a value it does not derive from. Perform the operation on the named argument, or widen the declared row to the label bare
TYPE ERROR: Binding 'unsealAt' reaches the whole domain where its declared bound admits only "config/*". Stay within the declared bound, or widen it to cover what the body reaches
TYPE ERROR: Updating 'Two' replaces a field under an existential authority binder, but not every field that mentions the binder (a, b): one binder cannot name two values at different authorities. Replace them all together, or rebuild the record
TYPE ERROR: `Int` is a type, but this argument slot is `Authority FileRead`: it takes an authority — a name bound to its left, a literal of the label's domain, or `*` for the whole domain
