TYPE ERROR: performs <Net "evil.example.net/x"> where only <Net "api.example.com/*"> is allowed
TYPE ERROR: performs <Net "api.example.com/*"> where only <Net "other.example.com/*"> is allowed
TYPE ERROR: performs <Net "0.0.0.0/*"> where only <Net "127.0.0.1/*"> is allowed
TYPE ERROR: type mismatch: Socket vs ListenSocket
TYPE ERROR: type mismatch: Socket h vs Int
TYPE ERROR: authority index mismatch: "api.example.com/*" vs "api.example.com/v1"; an authority in a type argument is invariant, so write the same index on both sides or name it, `Handle p`
