TYPE ERROR: `armRebind` reaches "/etc/hostname" where only p is admitted, an authority the caller chooses; perform the operation on the named argument, or widen the declared row to the label bare
TYPE ERROR: `letRebind` reaches the whole domain where only p is admitted, an authority the caller chooses; perform the operation on the named argument, or widen the declared row to the label bare
TYPE ERROR: performs <FileRead> where only <FileRead "config/*"> is allowed
TYPE ERROR: performs <FileRead> where only <FileRead "config/*"> is allowed
TYPE ERROR: performs <FileRead "/etc/hostname"> where only <FileRead "config/*"> is allowed
