TYPE ERROR: foreign declaration `writeFile` redeclares a built-in with a narrower effect row on the result of argument 2 of 2: the built-in performs <FileWrite path>, which this row does not cover at <FileWrite path>; declare `<FileWrite path>` or wider, or rename the extern
TYPE ERROR: foreign declaration `rename` redeclares a built-in with a narrower effect row on the result of argument 2 of 2: the built-in performs <FileWrite dst, FileWrite src>, which this row does not cover at <FileWrite dst, FileWrite src>; declare `<FileWrite dst, FileWrite src>` or wider, or rename the extern
