TYPE ERROR: instance head has the wrong kind for interface `Graded`: its type parameter is graded, kind `Effect -> Type -> Type`, but `Q` has kind `Type -> Type -> Type`; give `Q` a parameter used in an effect position at each `Row` slot, such as a field `Unit -> <e> a`, or implement a non-graded interface for it
