# runtime

> **This is the PRIMITIVE LAYER.** These names are host `extern`s: they
> are in scope everywhere without an import, and they are deliberately
> spelled `<type><Op>` (`stringToUpper`, `intToString`) to mark that.
> Prefer the library name where one exists — `string.toUpper`,
> `string.toFloat` — and reach for a name on this page only when no
> library module covers it.

runtime.mdk — S-doc-surface-truth hole (c) probe.  NOT `stdlib/runtime.mdk`;
it lives here to prove `preludeOnlyModule` keys on the DERIVED module name
("runtime"), not on the stdlib path — the same name-keyed shape as
`excludedLibraryModule`.

## `probeUnexported`

```
probeUnexported : Int -> Int
```

A bare (unexported) extern.  Documented anyway: in a prelude-only module
  `export` status is meaningless, because nothing can import the module.

## `probeExported`

```
probeExported : Int -> Int
```

An exported extern.  Documented in every module, exception or not.

