strLen : String -> <FFI> Int
toChars : String -> <FFI> List Char
wrapL : a -> <FFI> List a
emit : String -> <FFI, IO> Unit
rng : Unit -> <FFI, Rand> Int
useLen : String -> <FFI> Int
charsOf : String -> <FFI> List Char
boxIt : a -> <FFI> List a
combine : String -> String -> <FFI> Int
shout : String -> <FFI, IO> Unit