deriveRefName : DeriveRef -> String
firstTyLoc : Ty -> Option Loc
firstTyLocList : List Ty -> Option Loc
orElseLoc : Option Loc -> Option Loc -> Option Loc
qualifiedLocal : String -> String -> String
tyConUnresolved : String -> Option Loc -> Ty
useMemberAlias : UseMember -> Option String
useMemberLocal : UseMember -> String
useMemberOrigin : UseMember -> String
