{"jsonrpc":"2.0","id":1,"result":{"protocolVersion":"2025-11-25","capabilities":{"tools":{}},"serverInfo":{"name":"medaka","version":"0.1.0-preview"}}}
{"jsonrpc":"2.0","id":2,"result":{"content":[{"type":"text","text":"{\"file\":\"test/mcp_fixtures/test_decls_skipped.mdk\",\"engine\":\"eval\",\"note\":\"⚠️ RESULTS ARE UNDER THE INTERPRETER (eval), NOT the native backend — report as \\\"passes under eval\\\", never unqualified (#81).\",\"typecheckSkipped\":true,\"testDeclsSkipped\":true,\"doctests\":{\"total\":0,\"passed\":0,\"failed\":0,\"errors\":0,\"examples\":[]},\"properties\":[],\"summary\":{\"passed\":0,\"failed\":0,\"ok\":true}}"}],"isError":false}}
{"jsonrpc":"2.0","id":3,"result":{}}
